2026-08-14 04:44:34.082 [info] [main] Log level: Info
2026-08-14 04:44:34.082 [info] [main] Validating found git in: "git"
2026-08-14 04:44:34.082 [info] [main] Using git "2.55.0" from "git"
2026-08-14 04:44:34.082 [info] [Model][doInitialScan] Initial repository scan started
2026-08-14 04:44:34.082 [info] [Model][doInitialScan] Initial repository scan completed - repositories (0), closed repositories (0), parent repositories (0), unsafe repositories (0)
2026-08-14 04:45:14.397 [info] > git rev-parse --show-toplevel [1ms]
2026-08-14 04:45:14.397 [info] fatal: not a git repository (or any parent up to mount point /)
Stopping at filesystem boundary (GIT_DISCOVERY_ACROSS_FILESYSTEM not set).
2026-08-14 04:46:48.343 [info] [main] Log level: Info
2026-08-14 04:46:48.343 [info] [main] Validating found git in: "git"
2026-08-14 04:46:48.343 [info] [main] Using git "2.55.0" from "git"
2026-08-14 04:46:48.343 [info] [Model][doInitialScan] Initial repository scan started
2026-08-14 04:46:48.343 [info] [Model][doInitialScan] Initial repository scan completed - repositories (0), closed repositories (0), parent repositories (0), unsafe repositories (0)
2026-08-14 04:54:25.015 [info] [main] Log level: Info
2026-08-14 04:54:25.015 [info] [main] Validating found git in: "git"
2026-08-14 04:54:25.015 [info] [main] Using git "2.55.0" from "git"
2026-08-14 04:54:25.015 [info] [Model][doInitialScan] Initial repository scan started
2026-08-14 04:54:25.015 [info] > git rev-parse --show-toplevel [459ms]
2026-08-14 04:54:25.046 [info] > git rev-parse --git-dir --git-common-dir --show-superproject-working-tree [162ms]
2026-08-14 04:54:25.092 [info] [Model][openRepository] Opened repository (path): /home/anti/.config
2026-08-14 04:54:25.092 [info] [Model][openRepository] Opened repository (real path): /home/anti/.config
2026-08-14 04:54:25.092 [info] [Model][openRepository] Opened repository (kind): repository
2026-08-14 04:54:25.151 [info] > git config --get commit.template [48ms]
2026-08-14 04:54:25.152 [info] > git config --get --local core.virtualfilesystem [53ms]
2026-08-14 04:54:25.152 [warning] [Git][config] git config failed: Failed to execute git
2026-08-14 04:54:25.287 [info] > git rev-parse --show-toplevel [178ms]
2026-08-14 04:54:25.391 [info] > git rev-parse --show-toplevel [27ms]
2026-08-14 04:54:25.391 [info] > git for-each-ref --format=%(refname)%00%(upstream:short)%00%(objectname)%00%(upstream:track)%00%(upstream:remotename)%00%(upstream:remoteref) refs/heads/main refs/remotes/main [57ms]
2026-08-14 04:54:25.402 [info] > git rev-parse --show-toplevel [2ms]
2026-08-14 04:54:25.425 [info] > git for-each-ref --sort -committerdate --format %(refname)%00%(objectname)%00%(*objectname) [10ms]
2026-08-14 04:54:25.426 [info] > git status -z -uall [17ms]
2026-08-14 04:54:25.426 [info] > git rev-parse --show-toplevel [7ms]
2026-08-14 04:54:25.457 [info] > git config --get commit.template [3ms]
2026-08-14 04:54:25.457 [info] > git for-each-ref --format=%(refname)%00%(upstream:short)%00%(objectname)%00%(upstream:track)%00%(upstream:remotename)%00%(upstream:remoteref) refs/heads/main refs/remotes/main [14ms]
2026-08-14 04:54:25.462 [info] > git rev-parse --show-toplevel [31ms]
2026-08-14 04:54:25.472 [info] > git config --get --local branch.main.vscode-merge-base [10ms]
2026-08-14 04:54:25.472 [warning] [Git][config] git config failed: Failed to execute git
2026-08-14 04:54:25.483 [info] > git reflog main --grep-reflog=branch: Created from *. [6ms]
2026-08-14 04:54:25.488 [info] > git for-each-ref --format=%(refname)%00%(upstream:short)%00%(objectname)%00%(upstream:track)%00%(upstream:remotename)%00%(upstream:remoteref) refs/heads/main refs/remotes/main [17ms]
2026-08-14 04:54:25.488 [info] > git rev-parse --show-toplevel [21ms]
2026-08-14 04:54:25.510 [info] > git symbolic-ref --short refs/remotes/origin/HEAD [22ms]
2026-08-14 04:54:25.523 [info] > git rev-parse --show-toplevel [13ms]
2026-08-14 04:54:25.528 [info] > git for-each-ref --format=%(refname)%00%(upstream:short)%00%(objectname)%00%(upstream:track)%00%(upstream:remotename)%00%(upstream:remoteref) refs/heads/origin/main refs/remotes/origin/main [13ms]
2026-08-14 04:54:25.548 [info] > git status -z -uall [29ms]
2026-08-14 04:54:25.549 [info] > git config --add --local branch.main.vscode-merge-base origin/main [15ms]
2026-08-14 04:54:25.549 [info] > git for-each-ref --sort -committerdate --format %(refname)%00%(objectname)%00%(*objectname) [26ms] (cancelled)
2026-08-14 04:54:25.558 [info] > git rev-parse --show-toplevel [31ms]
2026-08-14 04:54:25.564 [info] > git config --get commit.template [6ms]
2026-08-14 04:54:25.570 [info] > git rev-parse --show-toplevel [6ms]
2026-08-14 04:54:25.575 [info] > git for-each-ref --format=%(refname)%00%(upstream:short)%00%(objectname)%00%(upstream:track)%00%(upstream:remotename)%00%(upstream:remoteref) refs/heads/main refs/remotes/main [6ms]
2026-08-14 04:54:25.588 [info] > git rev-parse --show-toplevel [14ms]
2026-08-14 04:54:25.599 [info] > git status -z -uall [19ms]
2026-08-14 04:54:25.600 [info] > git rev-parse --show-toplevel [8ms]
2026-08-14 04:54:25.600 [info] > git for-each-ref --sort -committerdate --format %(refname)%00%(objectname)%00%(*objectname) [13ms]
2026-08-14 04:54:25.621 [info] > git merge-base refs/heads/main refs/remotes/origin/main [7ms]
2026-08-14 04:54:25.626 [info] > git rev-parse --show-toplevel [21ms]
2026-08-14 04:54:25.630 [info] > git merge-base refs/heads/main refs/remotes/origin/main [11ms]
2026-08-14 04:54:25.634 [info] > git diff --raw --numstat --diff-filter=ADMR -z --find-renames=50% f586f5864ae727be8a36ded241d52f3fe673ba52...refs/remotes/origin/main -- [8ms]
2026-08-14 04:54:25.635 [info] > git diff --raw --numstat --diff-filter=ADMR -z --find-renames=50% f586f5864ae727be8a36ded241d52f3fe673ba52...refs/remotes/origin/main -- [1ms]
2026-08-14 04:54:25.635 [info] > git rev-parse --show-toplevel [5ms]
2026-08-14 04:54:25.640 [info] > git rev-parse --show-toplevel [1ms]
2026-08-14 04:54:25.645 [info] > git rev-parse --show-toplevel [2ms]
2026-08-14 04:54:25.783 [info] > git check-ignore -v -z --stdin [125ms]
2026-08-14 04:54:25.783 [info] > git rev-parse --show-toplevel [134ms]
2026-08-14 04:54:25.836 [info] > git rev-parse --show-toplevel [24ms]
2026-08-14 04:54:25.844 [info] > git rev-parse --show-toplevel [2ms]
2026-08-14 04:54:25.855 [info] > git rev-parse --show-toplevel [6ms]
2026-08-14 04:54:25.864 [info] > git rev-parse --show-toplevel [3ms]
2026-08-14 04:54:25.874 [info] > git rev-parse --show-toplevel [3ms]
2026-08-14 04:54:25.882 [info] > git rev-parse --show-toplevel [2ms]
2026-08-14 04:54:25.898 [info] > git rev-parse --show-toplevel [11ms]
2026-08-14 04:54:25.906 [info] > git rev-parse --show-toplevel [0ms]
2026-08-14 04:54:25.911 [info] > git rev-parse --show-toplevel [1ms]
2026-08-14 04:54:25.915 [info] > git rev-parse --show-toplevel [0ms]
2026-08-14 04:54:25.919 [info] > git rev-parse --show-toplevel [0ms]
2026-08-14 04:54:25.924 [info] > git rev-parse --show-toplevel [1ms]
2026-08-14 04:54:25.928 [info] > git rev-parse --show-toplevel [0ms]
2026-08-14 04:54:25.933 [info] > git rev-parse --show-toplevel [1ms]
2026-08-14 04:54:25.938 [info] > git rev-parse --show-toplevel [2ms]
2026-08-14 04:54:25.944 [info] > git rev-parse --show-toplevel [2ms]
2026-08-14 04:54:25.948 [info] > git rev-parse --show-toplevel [0ms]
2026-08-14 04:54:25.953 [info] > git rev-parse --show-toplevel [0ms]
2026-08-14 04:54:25.958 [info] > git rev-parse --show-toplevel [0ms]
2026-08-14 04:54:25.963 [info] > git rev-parse --show-toplevel [0ms]
2026-08-14 04:54:25.968 [info] > git rev-parse --show-toplevel [0ms]
2026-08-14 04:54:25.973 [info] > git rev-parse --show-toplevel [1ms]
2026-08-14 04:54:25.978 [info] > git rev-parse --show-toplevel [1ms]
2026-08-14 04:54:25.982 [info] > git rev-parse --show-toplevel [0ms]
2026-08-14 04:54:25.987 [info] > git rev-parse --show-toplevel [1ms]
2026-08-14 04:54:25.992 [info] > git rev-parse --show-toplevel [1ms]
2026-08-14 04:54:25.997 [info] > git rev-parse --show-toplevel [1ms]
2026-08-14 04:54:26.004 [info] > git rev-parse --show-toplevel [4ms]
2026-08-14 04:54:26.013 [info] > git rev-parse --show-toplevel [3ms]
2026-08-14 04:54:26.029 [info] > git rev-parse --show-toplevel [9ms]
2026-08-14 04:54:26.041 [info] > git rev-parse --show-toplevel [5ms]
2026-08-14 04:54:26.052 [info] > git rev-parse --show-toplevel [3ms]
2026-08-14 04:54:26.061 [info] > git rev-parse --show-toplevel [2ms]
2026-08-14 04:54:26.067 [info] > git rev-parse --show-toplevel [1ms]
2026-08-14 04:54:26.075 [info] > git rev-parse --show-toplevel [1ms]
2026-08-14 04:54:26.080 [info] > git rev-parse --show-toplevel [1ms]
2026-08-14 04:54:26.085 [info] > git rev-parse --show-toplevel [1ms]
2026-08-14 04:54:26.090 [info] > git rev-parse --show-toplevel [1ms]
2026-08-14 04:54:26.094 [info] > git rev-parse --show-toplevel [0ms]
2026-08-14 04:54:26.099 [info] > git rev-parse --show-toplevel [1ms]
2026-08-14 04:54:26.103 [info] > git rev-parse --show-toplevel [1ms]
2026-08-14 04:54:26.104 [info] [Model][doInitialScan] Initial repository scan completed - repositories (1), closed repositories (0), parent repositories (0), unsafe repositories (0)
2026-08-14 04:54:26.111 [info] > git config --get commit.template [1ms]
2026-08-14 04:54:26.116 [info] > git for-each-ref --format=%(refname)%00%(upstream:short)%00%(objectname)%00%(upstream:track)%00%(upstream:remotename)%00%(upstream:remoteref) refs/heads/main refs/remotes/main [1ms]
2026-08-14 04:54:26.127 [info] > git for-each-ref --sort -committerdate --format %(refname)%00%(objectname)%00%(*objectname) [1ms]
2026-08-14 04:54:26.136 [info] > git status -z -uall [14ms]
2026-08-14 04:54:28.178 [info] > git config --get commit.template [2ms]
2026-08-14 04:54:28.184 [info] > git for-each-ref --format=%(refname)%00%(upstream:short)%00%(objectname)%00%(upstream:track)%00%(upstream:remotename)%00%(upstream:remoteref) refs/heads/main refs/remotes/main [1ms]
2026-08-14 04:54:28.193 [info] > git for-each-ref --sort -committerdate --format %(refname)%00%(objectname)%00%(*objectname) [1ms]
2026-08-14 04:54:28.202 [info] > git status -z -uall [14ms]
2026-08-14 04:54:33.217 [info] > git config --get commit.template [5ms]
2026-08-14 04:54:33.218 [info] > git for-each-ref --format=%(refname)%00%(upstream:short)%00%(objectname)%00%(upstream:track)%00%(upstream:remotename)%00%(upstream:remoteref) refs/heads/main refs/remotes/main [1ms]
2026-08-14 04:54:33.228 [info] > git for-each-ref --sort -committerdate --format %(refname)%00%(objectname)%00%(*objectname) [1ms]
2026-08-14 04:54:33.236 [info] > git status -z -uall [14ms]
2026-08-14 04:54:38.251 [info] > git config --get commit.template [5ms]
2026-08-14 04:54:38.251 [info] > git for-each-ref --format=%(refname)%00%(upstream:short)%00%(objectname)%00%(upstream:track)%00%(upstream:remotename)%00%(upstream:remoteref) refs/heads/main refs/remotes/main [1ms]
2026-08-14 04:54:38.261 [info] > git for-each-ref --sort -committerdate --format %(refname)%00%(objectname)%00%(*objectname) [1ms]
2026-08-14 04:54:38.269 [info] > git status -z -uall [14ms]
2026-08-14 04:54:43.283 [info] > git config --get commit.template [5ms]
2026-08-14 04:54:43.284 [info] > git for-each-ref --format=%(refname)%00%(upstream:short)%00%(objectname)%00%(upstream:track)%00%(upstream:remotename)%00%(upstream:remoteref) refs/heads/main refs/remotes/main [1ms]
2026-08-14 04:54:43.293 [info] > git for-each-ref --sort -committerdate --format %(refname)%00%(objectname)%00%(*objectname) [1ms]
2026-08-14 04:54:43.301 [info] > git status -z -uall [13ms]
2026-08-14 04:55:19.207 [info] > git config --get commit.template [3ms]
2026-08-14 04:55:19.214 [info] > git for-each-ref --format=%(refname)%00%(upstream:short)%00%(objectname)%00%(upstream:track)%00%(upstream:remotename)%00%(upstream:remoteref) refs/heads/main refs/remotes/main [1ms]
2026-08-14 04:55:19.225 [info] > git for-each-ref --sort -committerdate --format %(refname)%00%(objectname)%00%(*objectname) [1ms]
2026-08-14 04:55:19.229 [info] > git status -z -uall [10ms]
2026-08-14 04:55:19.239 [info] > git merge-base refs/heads/main refs/remotes/origin/main [2ms]
2026-08-14 04:55:19.246 [info] > git diff --raw --numstat --diff-filter=ADMR -z --find-renames=50% f586f5864ae727be8a36ded241d52f3fe673ba52...refs/remotes/origin/main -- [1ms]
2026-08-14 04:56:10.297 [info] > git config --get commit.template [6ms]
2026-08-14 04:56:10.298 [info] > git for-each-ref --format=%(refname)%00%(upstream:short)%00%(objectname)%00%(upstream:track)%00%(upstream:remotename)%00%(upstream:remoteref) refs/heads/main refs/remotes/main [1ms]
2026-08-14 04:56:10.307 [info] > git for-each-ref --sort -committerdate --format %(refname)%00%(objectname)%00%(*objectname) [1ms]
2026-08-14 04:56:10.312 [info] > git status -z -uall [10ms]
2026-08-14 04:56:15.647 [info] > git config --get commit.template [4ms]
2026-08-14 04:56:15.648 [info] > git for-each-ref --format=%(refname)%00%(upstream:short)%00%(objectname)%00%(upstream:track)%00%(upstream:remotename)%00%(upstream:remoteref) refs/heads/main refs/remotes/main [1ms]
2026-08-14 04:56:15.658 [info] > git for-each-ref --sort -committerdate --format %(refname)%00%(objectname)%00%(*objectname) [0ms]
2026-08-14 04:56:15.663 [info] > git status -z -uall [10ms]
2026-08-14 04:56:20.674 [info] > git config --get commit.template [5ms]
2026-08-14 04:56:20.674 [info] > git for-each-ref --format=%(refname)%00%(upstream:short)%00%(objectname)%00%(upstream:track)%00%(upstream:remotename)%00%(upstream:remoteref) refs/heads/main refs/remotes/main [1ms]
2026-08-14 04:56:20.684 [info] > git for-each-ref --sort -committerdate --format %(refname)%00%(objectname)%00%(*objectname) [1ms]
2026-08-14 04:56:20.689 [info] > git status -z -uall [10ms]
2026-08-14 04:56:30.791 [info] > git config --get commit.template [5ms]
2026-08-14 04:56:30.792 [info] > git for-each-ref --format=%(refname)%00%(upstream:short)%00%(objectname)%00%(upstream:track)%00%(upstream:remotename)%00%(upstream:remoteref) refs/heads/main refs/remotes/main [1ms]
2026-08-14 04:56:30.801 [info] > git for-each-ref --sort -committerdate --format %(refname)%00%(objectname)%00%(*objectname) [0ms]
2026-08-14 04:56:30.807 [info] > git status -z -uall [11ms]
2026-08-14 04:56:36.031 [info] > git config --get commit.template [6ms]
2026-08-14 04:56:36.031 [info] > git for-each-ref --format=%(refname)%00%(upstream:short)%00%(objectname)%00%(upstream:track)%00%(upstream:remotename)%00%(upstream:remoteref) refs/heads/main refs/remotes/main [1ms]
2026-08-14 04:56:36.042 [info] > git for-each-ref --sort -committerdate --format %(refname)%00%(objectname)%00%(*objectname) [1ms]
2026-08-14 04:56:36.047 [info] > git status -z -uall [11ms]
2026-08-14 04:56:41.060 [info] > git config --get commit.template [5ms]
2026-08-14 04:56:41.061 [info] > git for-each-ref --format=%(refname)%00%(upstream:short)%00%(objectname)%00%(upstream:track)%00%(upstream:remotename)%00%(upstream:remoteref) refs/heads/main refs/remotes/main [1ms]
2026-08-14 04:56:41.071 [info] > git for-each-ref --sort -committerdate --format %(refname)%00%(objectname)%00%(*objectname) [1ms]
2026-08-14 04:56:41.076 [info] > git status -z -uall [11ms]
2026-08-14 04:56:46.090 [info] > git config --get commit.template [6ms]
2026-08-14 04:56:46.090 [info] > git for-each-ref --format=%(refname)%00%(upstream:short)%00%(objectname)%00%(upstream:track)%00%(upstream:remotename)%00%(upstream:remoteref) refs/heads/main refs/remotes/main [1ms]
2026-08-14 04:56:46.101 [info] > git for-each-ref --sort -committerdate --format %(refname)%00%(objectname)%00%(*objectname) [1ms]
2026-08-14 04:56:46.106 [info] > git status -z -uall [11ms]
2026-08-14 04:56:54.387 [info] > git config --get commit.template [6ms]
2026-08-14 04:56:54.388 [info] > git for-each-ref --format=%(refname)%00%(upstream:short)%00%(objectname)%00%(upstream:track)%00%(upstream:remotename)%00%(upstream:remoteref) refs/heads/main refs/remotes/main [1ms]
2026-08-14 04:56:54.398 [info] > git for-each-ref --sort -committerdate --format %(refname)%00%(objectname)%00%(*objectname) [1ms]
2026-08-14 04:56:54.403 [info] > git status -z -uall [11ms]
2026-08-14 04:56:59.414 [info] > git config --get commit.template [4ms]
2026-08-14 04:56:59.415 [info] > git for-each-ref --format=%(refname)%00%(upstream:short)%00%(objectname)%00%(upstream:track)%00%(upstream:remotename)%00%(upstream:remoteref) refs/heads/main refs/remotes/main [1ms]
2026-08-14 04:56:59.424 [info] > git for-each-ref --sort -committerdate --format %(refname)%00%(objectname)%00%(*objectname) [1ms]
2026-08-14 04:56:59.429 [info] > git status -z -uall [10ms]
2026-08-14 04:57:04.440 [info] > git config --get commit.template [5ms]
2026-08-14 04:57:04.440 [info] > git for-each-ref --format=%(refname)%00%(upstream:short)%00%(objectname)%00%(upstream:track)%00%(upstream:remotename)%00%(upstream:remoteref) refs/heads/main refs/remotes/main [1ms]
2026-08-14 04:57:04.450 [info] > git for-each-ref --sort -committerdate --format %(refname)%00%(objectname)%00%(*objectname) [1ms]
2026-08-14 04:57:04.455 [info] > git status -z -uall [11ms]
2026-08-14 04:57:09.467 [info] > git config --get commit.template [5ms]
2026-08-14 04:57:09.467 [info] > git for-each-ref --format=%(refname)%00%(upstream:short)%00%(objectname)%00%(upstream:track)%00%(upstream:remotename)%00%(upstream:remoteref) refs/heads/main refs/remotes/main [1ms]
2026-08-14 04:57:09.476 [info] > git for-each-ref --sort -committerdate --format %(refname)%00%(objectname)%00%(*objectname) [1ms]
2026-08-14 04:57:09.482 [info] > git status -z -uall [11ms]
2026-08-14 04:57:14.493 [info] > git config --get commit.template [5ms]
2026-08-14 04:57:14.493 [info] > git for-each-ref --format=%(refname)%00%(upstream:short)%00%(objectname)%00%(upstream:track)%00%(upstream:remotename)%00%(upstream:remoteref) refs/heads/main refs/remotes/main [1ms]
2026-08-14 04:57:14.502 [info] > git for-each-ref --sort -committerdate --format %(refname)%00%(objectname)%00%(*objectname) [1ms]
2026-08-14 04:57:14.508 [info] > git status -z -uall [11ms]
2026-08-14 04:57:19.520 [info] > git config --get commit.template [5ms]
2026-08-14 04:57:19.521 [info] > git for-each-ref --format=%(refname)%00%(upstream:short)%00%(objectname)%00%(upstream:track)%00%(upstream:remotename)%00%(upstream:remoteref) refs/heads/main refs/remotes/main [1ms]
2026-08-14 04:57:19.530 [info] > git for-each-ref --sort -committerdate --format %(refname)%00%(objectname)%00%(*objectname) [1ms]
2026-08-14 04:57:19.535 [info] > git status -z -uall [10ms]
2026-08-14 04:57:24.547 [info] > git config --get commit.template [4ms]
2026-08-14 04:57:24.548 [info] > git for-each-ref --format=%(refname)%00%(upstream:short)%00%(objectname)%00%(upstream:track)%00%(upstream:remotename)%00%(upstream:remoteref) refs/heads/main refs/remotes/main [1ms]
2026-08-14 04:57:24.557 [info] > git for-each-ref --sort -committerdate --format %(refname)%00%(objectname)%00%(*objectname) [1ms]
2026-08-14 04:57:24.563 [info] > git status -z -uall [11ms]
2026-08-14 04:57:29.573 [info] > git config --get commit.template [4ms]
2026-08-14 04:57:29.574 [info] > git for-each-ref --format=%(refname)%00%(upstream:short)%00%(objectname)%00%(upstream:track)%00%(upstream:remotename)%00%(upstream:remoteref) refs/heads/main refs/remotes/main [1ms]
2026-08-14 04:57:29.584 [info] > git for-each-ref --sort -committerdate --format %(refname)%00%(objectname)%00%(*objectname) [1ms]
2026-08-14 04:57:29.591 [info] > git status -z -uall [11ms]
2026-08-14 04:57:34.603 [info] > git config --get commit.template [5ms]
2026-08-14 04:57:34.604 [info] > git for-each-ref --format=%(refname)%00%(upstream:short)%00%(objectname)%00%(upstream:track)%00%(upstream:remotename)%00%(upstream:remoteref) refs/heads/main refs/remotes/main [1ms]
2026-08-14 04:57:34.613 [info] > git for-each-ref --sort -committerdate --format %(refname)%00%(objectname)%00%(*objectname) [1ms]
2026-08-14 04:57:34.619 [info] > git status -z -uall [11ms]
2026-08-14 04:57:39.631 [info] > git config --get commit.template [4ms]
2026-08-14 04:57:39.632 [info] > git for-each-ref --format=%(refname)%00%(upstream:short)%00%(objectname)%00%(upstream:track)%00%(upstream:remotename)%00%(upstream:remoteref) refs/heads/main refs/remotes/main [1ms]
2026-08-14 04:57:39.641 [info] > git for-each-ref --sort -committerdate --format %(refname)%00%(objectname)%00%(*objectname) [1ms]
2026-08-14 04:57:39.647 [info] > git status -z -uall [11ms]
2026-08-14 04:57:44.659 [info] > git config --get commit.template [4ms]
2026-08-14 04:57:44.660 [info] > git for-each-ref --format=%(refname)%00%(upstream:short)%00%(objectname)%00%(upstream:track)%00%(upstream:remotename)%00%(upstream:remoteref) refs/heads/main refs/remotes/main [1ms]
2026-08-14 04:57:44.668 [info] > git for-each-ref --sort -committerdate --format %(refname)%00%(objectname)%00%(*objectname) [1ms]
2026-08-14 04:57:44.674 [info] > git status -z -uall [11ms]
2026-08-14 04:57:49.686 [info] > git config --get commit.template [5ms]
2026-08-14 04:57:49.686 [info] > git for-each-ref --format=%(refname)%00%(upstream:short)%00%(objectname)%00%(upstream:track)%00%(upstream:remotename)%00%(upstream:remoteref) refs/heads/main refs/remotes/main [1ms]
2026-08-14 04:57:49.696 [info] > git for-each-ref --sort -committerdate --format %(refname)%00%(objectname)%00%(*objectname) [1ms]
2026-08-14 04:57:49.701 [info] > git status -z -uall [11ms]
2026-08-14 05:47:34.162 [info] > git config --get commit.template [5ms]
2026-08-14 05:47:34.163 [info] > git for-each-ref --format=%(refname)%00%(upstream:short)%00%(objectname)%00%(upstream:track)%00%(upstream:remotename)%00%(upstream:remoteref) refs/heads/main refs/remotes/main [1ms]
2026-08-14 05:47:34.173 [info] > git for-each-ref --sort -committerdate --format %(refname)%00%(objectname)%00%(*objectname) [2ms]
2026-08-14 05:47:34.183 [info] > git status -z -uall [15ms]
2026-08-14 05:47:39.194 [info] > git config --get commit.template [5ms]
2026-08-14 05:47:39.194 [info] > git for-each-ref --format=%(refname)%00%(upstream:short)%00%(objectname)%00%(upstream:track)%00%(upstream:remotename)%00%(upstream:remoteref) refs/heads/main refs/remotes/main [1ms]
2026-08-14 05:47:39.203 [info] > git for-each-ref --sort -committerdate --format %(refname)%00%(objectname)%00%(*objectname) [1ms]
2026-08-14 05:47:39.213 [info] > git status -z -uall [15ms]
2026-08-14 05:47:40.180 [info] > git merge-base HEAD @{upstream} [6ms]
2026-08-14 05:47:40.188 [info] > git config --get --local core.virtualfilesystem [0ms]
2026-08-14 05:47:40.189 [warning] [Git][config] git config failed: Failed to execute git
2026-08-14 05:47:40.203 [info] > git config --get --local core.sparsecheckout [7ms]
2026-08-14 05:47:40.203 [warning] [Git][config] git config failed: Failed to execute git
2026-08-14 05:47:40.294 [info] > git show -s --decorate=full --shortstat --format=%H%n%aN%n%aE%n%at%n%ct%n%P%n%D%n%B -z f586f5864ae727be8a36ded241d52f3fe673ba52 -- [83ms]
2026-08-14 05:47:40.319 [info] > git log --format=%H%n%aN%n%aE%n%at%n%ct%n%P%n%D%n%B -z f586f5864ae727be8a36ded241d52f3fe673ba52..HEAD [17ms]
2026-08-14 05:47:40.404 [info] > git diff --name-status -z --diff-filter=ADMR f586f5864ae727be8a36ded241d52f3fe673ba52 -- [16ms]
2026-08-14 05:47:44.974 [info] > git config --get commit.template [5ms]
2026-08-14 05:47:44.974 [info] > git for-each-ref --format=%(refname)%00%(upstream:short)%00%(objectname)%00%(upstream:track)%00%(upstream:remotename)%00%(upstream:remoteref) refs/heads/main refs/remotes/main [1ms]
2026-08-14 05:47:44.983 [info] > git for-each-ref --sort -committerdate --format %(refname)%00%(objectname)%00%(*objectname) [1ms]
2026-08-14 05:47:44.993 [info] > git status -z -uall [15ms]
2026-08-14 05:47:50.005 [info] > git config --get commit.template [4ms]
2026-08-14 05:47:50.005 [info] > git for-each-ref --format=%(refname)%00%(upstream:short)%00%(objectname)%00%(upstream:track)%00%(upstream:remotename)%00%(upstream:remoteref) refs/heads/main refs/remotes/main [1ms]
2026-08-14 05:47:50.015 [info] > git for-each-ref --sort -committerdate --format %(refname)%00%(objectname)%00%(*objectname) [1ms]
2026-08-14 05:47:50.024 [info] > git status -z -uall [14ms]
2026-08-14 05:47:55.037 [info] > git config --get commit.template [5ms]
2026-08-14 05:47:55.037 [info] > git for-each-ref --format=%(refname)%00%(upstream:short)%00%(objectname)%00%(upstream:track)%00%(upstream:remotename)%00%(upstream:remoteref) refs/heads/main refs/remotes/main [1ms]
2026-08-14 05:47:55.046 [info] > git for-each-ref --sort -committerdate --format %(refname)%00%(objectname)%00%(*objectname) [1ms]
2026-08-14 05:47:55.057 [info] > git status -z -uall [15ms]
2026-08-14 05:48:00.069 [info] > git config --get commit.template [4ms]
2026-08-14 05:48:00.070 [info] > git for-each-ref --format=%(refname)%00%(upstream:short)%00%(objectname)%00%(upstream:track)%00%(upstream:remotename)%00%(upstream:remoteref) refs/heads/main refs/remotes/main [1ms]
2026-08-14 05:48:00.080 [info] > git for-each-ref --sort -committerdate --format %(refname)%00%(objectname)%00%(*objectname) [1ms]
2026-08-14 05:48:00.092 [info] > git status -z -uall [17ms]
2026-08-14 05:48:05.104 [info] > git config --get commit.template [5ms]
2026-08-14 05:48:05.105 [info] > git for-each-ref --format=%(refname)%00%(upstream:short)%00%(objectname)%00%(upstream:track)%00%(upstream:remotename)%00%(upstream:remoteref) refs/heads/main refs/remotes/main [1ms]
2026-08-14 05:48:05.114 [info] > git for-each-ref --sort -committerdate --format %(refname)%00%(objectname)%00%(*objectname) [1ms]
2026-08-14 05:48:05.124 [info] > git status -z -uall [15ms]
2026-08-14 05:48:10.136 [info] > git config --get commit.template [5ms]
2026-08-14 05:48:10.136 [info] > git for-each-ref --format=%(refname)%00%(upstream:short)%00%(objectname)%00%(upstream:track)%00%(upstream:remotename)%00%(upstream:remoteref) refs/heads/main refs/remotes/main [1ms]
2026-08-14 05:48:10.145 [info] > git for-each-ref --sort -committerdate --format %(refname)%00%(objectname)%00%(*objectname) [1ms]
2026-08-14 05:48:10.156 [info] > git status -z -uall [16ms]
2026-08-14 05:48:15.168 [info] > git config --get commit.template [5ms]
2026-08-14 05:48:15.169 [info] > git for-each-ref --format=%(refname)%00%(upstream:short)%00%(objectname)%00%(upstream:track)%00%(upstream:remotename)%00%(upstream:remoteref) refs/heads/main refs/remotes/main [1ms]
2026-08-14 05:48:15.180 [info] > git for-each-ref --sort -committerdate --format %(refname)%00%(objectname)%00%(*objectname) [1ms]
2026-08-14 05:48:15.190 [info] > git status -z -uall [16ms]
2026-08-14 05:48:20.201 [info] > git config --get commit.template [5ms]
2026-08-14 05:48:20.201 [info] > git for-each-ref --format=%(refname)%00%(upstream:short)%00%(objectname)%00%(upstream:track)%00%(upstream:remotename)%00%(upstream:remoteref) refs/heads/main refs/remotes/main [1ms]
2026-08-14 05:48:20.211 [info] > git for-each-ref --sort -committerdate --format %(refname)%00%(objectname)%00%(*objectname) [1ms]
2026-08-14 05:48:20.221 [info] > git status -z -uall [15ms]
2026-08-14 05:48:25.234 [info] > git config --get commit.template [5ms]
2026-08-14 05:48:25.235 [info] > git for-each-ref --format=%(refname)%00%(upstream:short)%00%(objectname)%00%(upstream:track)%00%(upstream:remotename)%00%(upstream:remoteref) refs/heads/main refs/remotes/main [1ms]
2026-08-14 05:48:25.244 [info] > git for-each-ref --sort -committerdate --format %(refname)%00%(objectname)%00%(*objectname) [1ms]
2026-08-14 05:48:25.254 [info] > git status -z -uall [15ms]
2026-08-14 05:48:30.264 [info] > git config --get commit.template [4ms]
2026-08-14 05:48:30.265 [info] > git for-each-ref --format=%(refname)%00%(upstream:short)%00%(objectname)%00%(upstream:track)%00%(upstream:remotename)%00%(upstream:remoteref) refs/heads/main refs/remotes/main [1ms]
2026-08-14 05:48:30.274 [info] > git for-each-ref --sort -committerdate --format %(refname)%00%(objectname)%00%(*objectname) [1ms]
2026-08-14 05:48:30.284 [info] > git status -z -uall [15ms]
2026-08-14 05:48:35.297 [info] > git config --get commit.template [5ms]
2026-08-14 05:48:35.298 [info] > git for-each-ref --format=%(refname)%00%(upstream:short)%00%(objectname)%00%(upstream:track)%00%(upstream:remotename)%00%(upstream:remoteref) refs/heads/main refs/remotes/main [1ms]
2026-08-14 05:48:35.306 [info] > git for-each-ref --sort -committerdate --format %(refname)%00%(objectname)%00%(*objectname) [1ms]
2026-08-14 05:48:35.317 [info] > git status -z -uall [16ms]
2026-08-14 05:48:40.329 [info] > git config --get commit.template [5ms]
2026-08-14 05:48:40.329 [info] > git for-each-ref --format=%(refname)%00%(upstream:short)%00%(objectname)%00%(upstream:track)%00%(upstream:remotename)%00%(upstream:remoteref) refs/heads/main refs/remotes/main [1ms]
2026-08-14 05:48:40.338 [info] > git for-each-ref --sort -committerdate --format %(refname)%00%(objectname)%00%(*objectname) [1ms]
2026-08-14 05:48:40.348 [info] > git status -z -uall [15ms]
2026-08-14 05:48:45.361 [info] > git config --get commit.template [5ms]
2026-08-14 05:48:45.361 [info] > git for-each-ref --format=%(refname)%00%(upstream:short)%00%(objectname)%00%(upstream:track)%00%(upstream:remotename)%00%(upstream:remoteref) refs/heads/main refs/remotes/main [1ms]
2026-08-14 05:48:45.370 [info] > git for-each-ref --sort -committerdate --format %(refname)%00%(objectname)%00%(*objectname) [1ms]
2026-08-14 05:48:45.380 [info] > git status -z -uall [15ms]
2026-08-14 05:48:50.394 [info] > git config --get commit.template [5ms]
2026-08-14 05:48:50.395 [info] > git for-each-ref --format=%(refname)%00%(upstream:short)%00%(objectname)%00%(upstream:track)%00%(upstream:remotename)%00%(upstream:remoteref) refs/heads/main refs/remotes/main [1ms]
2026-08-14 05:48:50.403 [info] > git for-each-ref --sort -committerdate --format %(refname)%00%(objectname)%00%(*objectname) [1ms]
2026-08-14 05:48:50.413 [info] > git status -z -uall [15ms]
2026-08-14 05:48:55.426 [info] > git config --get commit.template [5ms]
2026-08-14 05:48:55.427 [info] > git for-each-ref --format=%(refname)%00%(upstream:short)%00%(objectname)%00%(upstream:track)%00%(upstream:remotename)%00%(upstream:remoteref) refs/heads/main refs/remotes/main [2ms]
2026-08-14 05:48:55.436 [info] > git for-each-ref --sort -committerdate --format %(refname)%00%(objectname)%00%(*objectname) [1ms]
2026-08-14 05:48:55.450 [info] > git status -z -uall [19ms]
2026-08-14 05:49:00.463 [info] > git config --get commit.template [5ms]
2026-08-14 05:49:00.464 [info] > git for-each-ref --format=%(refname)%00%(upstream:short)%00%(objectname)%00%(upstream:track)%00%(upstream:remotename)%00%(upstream:remoteref) refs/heads/main refs/remotes/main [1ms]
2026-08-14 05:49:00.473 [info] > git for-each-ref --sort -committerdate --format %(refname)%00%(objectname)%00%(*objectname) [1ms]
2026-08-14 05:49:00.483 [info] > git status -z -uall [15ms]
2026-08-14 05:49:05.496 [info] > git config --get commit.template [6ms]
2026-08-14 05:49:05.497 [info] > git for-each-ref --format=%(refname)%00%(upstream:short)%00%(objectname)%00%(upstream:track)%00%(upstream:remotename)%00%(upstream:remoteref) refs/heads/main refs/remotes/main [1ms]
2026-08-14 05:49:05.507 [info] > git for-each-ref --sort -committerdate --format %(refname)%00%(objectname)%00%(*objectname) [1ms]
2026-08-14 05:49:05.517 [info] > git status -z -uall [16ms]
2026-08-14 05:49:10.530 [info] > git config --get commit.template [5ms]
2026-08-14 05:49:10.531 [info] > git for-each-ref --format=%(refname)%00%(upstream:short)%00%(objectname)%00%(upstream:track)%00%(upstream:remotename)%00%(upstream:remoteref) refs/heads/main refs/remotes/main [1ms]
2026-08-14 05:49:10.541 [info] > git for-each-ref --sort -committerdate --format %(refname)%00%(objectname)%00%(*objectname) [1ms]
2026-08-14 05:49:10.551 [info] > git status -z -uall [15ms]
2026-08-14 05:50:03.674 [info] > git config --get commit.template [6ms]
2026-08-14 05:50:03.674 [info] > git for-each-ref --format=%(refname)%00%(upstream:short)%00%(objectname)%00%(upstream:track)%00%(upstream:remotename)%00%(upstream:remoteref) refs/heads/main refs/remotes/main [1ms]
2026-08-14 05:50:03.685 [info] > git for-each-ref --sort -committerdate --format %(refname)%00%(objectname)%00%(*objectname) [0ms]
2026-08-14 05:50:03.695 [info] > git status -z -uall [15ms]
2026-08-14 05:50:08.709 [info] > git config --get commit.template [5ms]
2026-08-14 05:50:08.709 [info] > git for-each-ref --format=%(refname)%00%(upstream:short)%00%(objectname)%00%(upstream:track)%00%(upstream:remotename)%00%(upstream:remoteref) refs/heads/main refs/remotes/main [1ms]
2026-08-14 05:50:08.719 [info] > git for-each-ref --sort -committerdate --format %(refname)%00%(objectname)%00%(*objectname) [1ms]
2026-08-14 05:50:08.728 [info] > git status -z -uall [15ms]
2026-08-14 05:50:13.742 [info] > git config --get commit.template [5ms]
2026-08-14 05:50:13.742 [info] > git for-each-ref --format=%(refname)%00%(upstream:short)%00%(objectname)%00%(upstream:track)%00%(upstream:remotename)%00%(upstream:remoteref) refs/heads/main refs/remotes/main [1ms]
2026-08-14 05:50:13.751 [info] > git for-each-ref --sort -committerdate --format %(refname)%00%(objectname)%00%(*objectname) [0ms]
2026-08-14 05:50:13.762 [info] > git status -z -uall [15ms]
2026-08-14 05:50:18.776 [info] > git config --get commit.template [6ms]
2026-08-14 05:50:18.776 [info] > git for-each-ref --format=%(refname)%00%(upstream:short)%00%(objectname)%00%(upstream:track)%00%(upstream:remotename)%00%(upstream:remoteref) refs/heads/main refs/remotes/main [1ms]
2026-08-14 05:50:18.786 [info] > git for-each-ref --sort -committerdate --format %(refname)%00%(objectname)%00%(*objectname) [1ms]
2026-08-14 05:50:18.796 [info] > git status -z -uall [15ms]
2026-08-14 05:50:23.807 [info] > git config --get commit.template [4ms]
2026-08-14 05:50:23.808 [info] > git for-each-ref --format=%(refname)%00%(upstream:short)%00%(objectname)%00%(upstream:track)%00%(upstream:remotename)%00%(upstream:remoteref) refs/heads/main refs/remotes/main [1ms]
2026-08-14 05:50:23.817 [info] > git for-each-ref --sort -committerdate --format %(refname)%00%(objectname)%00%(*objectname) [1ms]
2026-08-14 05:50:23.828 [info] > git status -z -uall [16ms]
2026-08-14 05:50:28.841 [info] > git config --get commit.template [5ms]
2026-08-14 05:50:28.841 [info] > git for-each-ref --format=%(refname)%00%(upstream:short)%00%(objectname)%00%(upstream:track)%00%(upstream:remotename)%00%(upstream:remoteref) refs/heads/main refs/remotes/main [1ms]
2026-08-14 05:50:28.850 [info] > git for-each-ref --sort -committerdate --format %(refname)%00%(objectname)%00%(*objectname) [1ms]
2026-08-14 05:50:28.861 [info] > git status -z -uall [16ms]
2026-08-14 05:50:33.875 [info] > git config --get commit.template [5ms]
2026-08-14 05:50:33.875 [info] > git for-each-ref --format=%(refname)%00%(upstream:short)%00%(objectname)%00%(upstream:track)%00%(upstream:remotename)%00%(upstream:remoteref) refs/heads/main refs/remotes/main [1ms]
2026-08-14 05:50:33.885 [info] > git for-each-ref --sort -committerdate --format %(refname)%00%(objectname)%00%(*objectname) [1ms]
2026-08-14 05:50:33.895 [info] > git status -z -uall [15ms]
2026-08-14 05:50:38.907 [info] > git config --get commit.template [5ms]
2026-08-14 05:50:38.907 [info] > git for-each-ref --format=%(refname)%00%(upstream:short)%00%(objectname)%00%(upstream:track)%00%(upstream:remotename)%00%(upstream:remoteref) refs/heads/main refs/remotes/main [1ms]
2026-08-14 05:50:38.915 [info] > git for-each-ref --sort -committerdate --format %(refname)%00%(objectname)%00%(*objectname) [1ms]
2026-08-14 05:50:38.926 [info] > git status -z -uall [15ms]
2026-08-14 05:50:43.938 [info] > git config --get commit.template [5ms]
2026-08-14 05:50:43.939 [info] > git for-each-ref --format=%(refname)%00%(upstream:short)%00%(objectname)%00%(upstream:track)%00%(upstream:remotename)%00%(upstream:remoteref) refs/heads/main refs/remotes/main [2ms]
2026-08-14 05:50:43.947 [info] > git for-each-ref --sort -committerdate --format %(refname)%00%(objectname)%00%(*objectname) [1ms]
2026-08-14 05:50:43.959 [info] > git status -z -uall [16ms]
2026-08-14 05:50:48.968 [info] > git config --get commit.template [1ms]
2026-08-14 05:50:48.972 [info] > git for-each-ref --format=%(refname)%00%(upstream:short)%00%(objectname)%00%(upstream:track)%00%(upstream:remotename)%00%(upstream:remoteref) refs/heads/main refs/remotes/main [0ms]
2026-08-14 05:50:48.981 [info] > git for-each-ref --sort -committerdate --format %(refname)%00%(objectname)%00%(*objectname) [1ms]
2026-08-14 05:50:48.992 [info] > git status -z -uall [16ms]
2026-08-14 05:50:54.003 [info] > git config --get commit.template [5ms]
2026-08-14 05:50:54.004 [info] > git for-each-ref --format=%(refname)%00%(upstream:short)%00%(objectname)%00%(upstream:track)%00%(upstream:remotename)%00%(upstream:remoteref) refs/heads/main refs/remotes/main [1ms]
2026-08-14 05:50:54.013 [info] > git for-each-ref --sort -committerdate --format %(refname)%00%(objectname)%00%(*objectname) [1ms]
2026-08-14 05:50:54.023 [info] > git status -z -uall [15ms]
2026-08-14 05:50:59.036 [info] > git config --get commit.template [5ms]
2026-08-14 05:50:59.036 [info] > git for-each-ref --format=%(refname)%00%(upstream:short)%00%(objectname)%00%(upstream:track)%00%(upstream:remotename)%00%(upstream:remoteref) refs/heads/main refs/remotes/main [1ms]
2026-08-14 05:50:59.046 [info] > git for-each-ref --sort -committerdate --format %(refname)%00%(objectname)%00%(*objectname) [1ms]
2026-08-14 05:50:59.055 [info] > git status -z -uall [15ms]
2026-08-14 05:51:04.068 [info] > git config --get commit.template [5ms]
2026-08-14 05:51:04.068 [info] > git for-each-ref --format=%(refname)%00%(upstream:short)%00%(objectname)%00%(upstream:track)%00%(upstream:remotename)%00%(upstream:remoteref) refs/heads/main refs/remotes/main [1ms]
2026-08-14 05:51:04.078 [info] > git for-each-ref --sort -committerdate --format %(refname)%00%(objectname)%00%(*objectname) [0ms]
2026-08-14 05:51:04.088 [info] > git status -z -uall [15ms]
2026-08-14 05:51:09.098 [info] > git config --get commit.template [1ms]
2026-08-14 05:51:09.103 [info] > git for-each-ref --format=%(refname)%00%(upstream:short)%00%(objectname)%00%(upstream:track)%00%(upstream:remotename)%00%(upstream:remoteref) refs/heads/main refs/remotes/main [1ms]
2026-08-14 05:51:09.113 [info] > git for-each-ref --sort -committerdate --format %(refname)%00%(objectname)%00%(*objectname) [1ms]
2026-08-14 05:51:09.122 [info] > git status -z -uall [15ms]
2026-08-14 05:51:14.136 [info] > git config --get commit.template [5ms]
2026-08-14 05:51:14.137 [info] > git for-each-ref --format=%(refname)%00%(upstream:short)%00%(objectname)%00%(upstream:track)%00%(upstream:remotename)%00%(upstream:remoteref) refs/heads/main refs/remotes/main [1ms]
2026-08-14 05:51:14.146 [info] > git for-each-ref --sort -committerdate --format %(refname)%00%(objectname)%00%(*objectname) [1ms]
2026-08-14 05:51:14.156 [info] > git status -z -uall [15ms]
2026-08-14 05:51:19.170 [info] > git config --get commit.template [6ms]
2026-08-14 05:51:19.171 [info] > git for-each-ref --format=%(refname)%00%(upstream:short)%00%(objectname)%00%(upstream:track)%00%(upstream:remotename)%00%(upstream:remoteref) refs/heads/main refs/remotes/main [2ms]
2026-08-14 05:51:19.182 [info] > git for-each-ref --sort -committerdate --format %(refname)%00%(objectname)%00%(*objectname) [1ms]
2026-08-14 05:51:19.192 [info] > git status -z -uall [16ms]
2026-08-14 05:51:26.869 [info] > git config --get commit.template [5ms]
2026-08-14 05:51:26.869 [info] > git for-each-ref --format=%(refname)%00%(upstream:short)%00%(objectname)%00%(upstream:track)%00%(upstream:remotename)%00%(upstream:remoteref) refs/heads/main refs/remotes/main [1ms]
2026-08-14 05:51:26.878 [info] > git for-each-ref --sort -committerdate --format %(refname)%00%(objectname)%00%(*objectname) [1ms]
2026-08-14 05:51:26.890 [info] > git status -z -uall [17ms]
2026-08-14 05:51:31.902 [info] > git config --get commit.template [4ms]
2026-08-14 05:51:31.903 [info] > git for-each-ref --format=%(refname)%00%(upstream:short)%00%(objectname)%00%(upstream:track)%00%(upstream:remotename)%00%(upstream:remoteref) refs/heads/main refs/remotes/main [1ms]
2026-08-14 05:51:31.912 [info] > git for-each-ref --sort -committerdate --format %(refname)%00%(objectname)%00%(*objectname) [1ms]
2026-08-14 05:51:31.923 [info] > git status -z -uall [16ms]
2026-08-14 05:51:36.936 [info] > git config --get commit.template [5ms]
2026-08-14 05:51:36.936 [info] > git for-each-ref --format=%(refname)%00%(upstream:short)%00%(objectname)%00%(upstream:track)%00%(upstream:remotename)%00%(upstream:remoteref) refs/heads/main refs/remotes/main [1ms]
2026-08-14 05:51:36.945 [info] > git for-each-ref --sort -committerdate --format %(refname)%00%(objectname)%00%(*objectname) [1ms]
2026-08-14 05:51:36.955 [info] > git status -z -uall [15ms]
2026-08-14 05:51:41.966 [info] > git config --get commit.template [4ms]
2026-08-14 05:51:41.966 [info] > git for-each-ref --format=%(refname)%00%(upstream:short)%00%(objectname)%00%(upstream:track)%00%(upstream:remotename)%00%(upstream:remoteref) refs/heads/main refs/remotes/main [1ms]
2026-08-14 05:51:41.976 [info] > git for-each-ref --sort -committerdate --format %(refname)%00%(objectname)%00%(*objectname) [1ms]
2026-08-14 05:51:41.986 [info] > git status -z -uall [15ms]
2026-08-14 05:51:46.998 [info] > git config --get commit.template [5ms]
2026-08-14 05:51:46.998 [info] > git for-each-ref --format=%(refname)%00%(upstream:short)%00%(objectname)%00%(upstream:track)%00%(upstream:remotename)%00%(upstream:remoteref) refs/heads/main refs/remotes/main [1ms]
2026-08-14 05:51:47.008 [info] > git for-each-ref --sort -committerdate --format %(refname)%00%(objectname)%00%(*objectname) [1ms]
2026-08-14 05:51:47.018 [info] > git status -z -uall [15ms]
2026-08-14 05:51:52.032 [info] > git config --get commit.template [5ms]
2026-08-14 05:51:52.032 [info] > git for-each-ref --format=%(refname)%00%(upstream:short)%00%(objectname)%00%(upstream:track)%00%(upstream:remotename)%00%(upstream:remoteref) refs/heads/main refs/remotes/main [1ms]
2026-08-14 05:51:52.042 [info] > git for-each-ref --sort -committerdate --format %(refname)%00%(objectname)%00%(*objectname) [1ms]
2026-08-14 05:51:52.052 [info] > git status -z -uall [15ms]
2026-08-14 05:51:57.066 [info] > git config --get commit.template [5ms]
2026-08-14 05:51:57.067 [info] > git for-each-ref --format=%(refname)%00%(upstream:short)%00%(objectname)%00%(upstream:track)%00%(upstream:remotename)%00%(upstream:remoteref) refs/heads/main refs/remotes/main [1ms]
2026-08-14 05:51:57.076 [info] > git for-each-ref --sort -committerdate --format %(refname)%00%(objectname)%00%(*objectname) [1ms]
2026-08-14 05:51:57.086 [info] > git status -z -uall [15ms]
2026-08-14 05:52:02.097 [info] > git config --get commit.template [4ms]
2026-08-14 05:52:02.098 [info] > git for-each-ref --format=%(refname)%00%(upstream:short)%00%(objectname)%00%(upstream:track)%00%(upstream:remotename)%00%(upstream:remoteref) refs/heads/main refs/remotes/main [1ms]
2026-08-14 05:52:02.107 [info] > git for-each-ref --sort -committerdate --format %(refname)%00%(objectname)%00%(*objectname) [1ms]
2026-08-14 05:52:02.116 [info] > git status -z -uall [14ms]
2026-08-14 05:52:07.129 [info] > git config --get commit.template [5ms]
2026-08-14 05:52:07.130 [info] > git for-each-ref --format=%(refname)%00%(upstream:short)%00%(objectname)%00%(upstream:track)%00%(upstream:remotename)%00%(upstream:remoteref) refs/heads/main refs/remotes/main [1ms]
2026-08-14 05:52:07.139 [info] > git for-each-ref --sort -committerdate --format %(refname)%00%(objectname)%00%(*objectname) [1ms]
2026-08-14 05:52:07.148 [info] > git status -z -uall [14ms]
2026-08-14 05:52:12.163 [info] > git config --get commit.template [5ms]
2026-08-14 05:52:12.163 [info] > git for-each-ref --format=%(refname)%00%(upstream:short)%00%(objectname)%00%(upstream:track)%00%(upstream:remotename)%00%(upstream:remoteref) refs/heads/main refs/remotes/main [1ms]
2026-08-14 05:52:12.173 [info] > git for-each-ref --sort -committerdate --format %(refname)%00%(objectname)%00%(*objectname) [1ms]
2026-08-14 05:52:12.183 [info] > git status -z -uall [15ms]
2026-08-14 05:52:17.202 [info] > git config --get commit.template [9ms]
2026-08-14 05:52:17.203 [info] > git for-each-ref --format=%(refname)%00%(upstream:short)%00%(objectname)%00%(upstream:track)%00%(upstream:remotename)%00%(upstream:remoteref) refs/heads/main refs/remotes/main [3ms]
2026-08-14 05:52:17.216 [info] > git for-each-ref --sort -committerdate --format %(refname)%00%(objectname)%00%(*objectname) [1ms]
2026-08-14 05:52:17.226 [info] > git status -z -uall [17ms]
2026-08-14 05:52:24.102 [info] > git config --get commit.template [6ms]
2026-08-14 05:52:24.103 [info] > git for-each-ref --format=%(refname)%00%(upstream:short)%00%(objectname)%00%(upstream:track)%00%(upstream:remotename)%00%(upstream:remoteref) refs/heads/main refs/remotes/main [1ms]
2026-08-14 05:52:24.112 [info] > git for-each-ref --sort -committerdate --format %(refname)%00%(objectname)%00%(*objectname) [1ms]
2026-08-14 05:52:24.122 [info] > git status -z -uall [15ms]
2026-08-14 05:52:30.981 [info] > git config --get commit.template [1ms]
2026-08-14 05:52:30.991 [info] > git for-each-ref --format=%(refname)%00%(upstream:short)%00%(objectname)%00%(upstream:track)%00%(upstream:remotename)%00%(upstream:remoteref) refs/heads/main refs/remotes/main [2ms]
2026-08-14 05:52:31.014 [info] > git for-each-ref --sort -committerdate --format %(refname)%00%(objectname)%00%(*objectname) [1ms]
2026-08-14 05:52:31.019 [info] > git status -z -uall [17ms]
2026-08-14 05:52:36.720 [info] > git config --get commit.template [5ms]
2026-08-14 05:52:36.731 [info] > git for-each-ref --format=%(refname)%00%(upstream:short)%00%(objectname)%00%(upstream:track)%00%(upstream:remotename)%00%(upstream:remoteref) refs/heads/main refs/remotes/main [4ms]
2026-08-14 05:52:36.739 [info] > git for-each-ref --sort -committerdate --format %(refname)%00%(objectname)%00%(*objectname) [0ms]
2026-08-14 05:52:36.752 [info] > git status -z -uall [17ms]
2026-08-14 05:52:42.452 [info] > git config --get commit.template [9ms]
2026-08-14 05:52:42.453 [info] > git for-each-ref --format=%(refname)%00%(upstream:short)%00%(objectname)%00%(upstream:track)%00%(upstream:remotename)%00%(upstream:remoteref) refs/heads/main refs/remotes/main [1ms]
2026-08-14 05:52:42.462 [info] > git for-each-ref --sort -committerdate --format %(refname)%00%(objectname)%00%(*objectname) [1ms]
2026-08-14 05:52:42.474 [info] > git status -z -uall [17ms]
2026-08-14 05:52:47.880 [info] > git config --get commit.template [11ms]
2026-08-14 05:52:47.880 [info] > git for-each-ref --format=%(refname)%00%(upstream:short)%00%(objectname)%00%(upstream:track)%00%(upstream:remotename)%00%(upstream:remoteref) refs/heads/main refs/remotes/main [1ms]
2026-08-14 05:52:47.889 [info] > git for-each-ref --sort -committerdate --format %(refname)%00%(objectname)%00%(*objectname) [1ms]
2026-08-14 05:52:47.903 [info] > git status -z -uall [18ms]
2026-08-14 05:52:53.188 [info] > git config --get commit.template [5ms]
2026-08-14 05:52:53.189 [info] > git for-each-ref --format=%(refname)%00%(upstream:short)%00%(objectname)%00%(upstream:track)%00%(upstream:remotename)%00%(upstream:remoteref) refs/heads/main refs/remotes/main [1ms]
2026-08-14 05:52:53.200 [info] > git for-each-ref --sort -committerdate --format %(refname)%00%(objectname)%00%(*objectname) [1ms]
2026-08-14 05:52:53.213 [info] > git status -z -uall [18ms]
2026-08-14 05:53:09.895 [info] > git config --get commit.template [4ms]
2026-08-14 05:53:09.896 [info] > git for-each-ref --format=%(refname)%00%(upstream:short)%00%(objectname)%00%(upstream:track)%00%(upstream:remotename)%00%(upstream:remoteref) refs/heads/main refs/remotes/main [1ms]
2026-08-14 05:53:09.905 [info] > git for-each-ref --sort -committerdate --format %(refname)%00%(objectname)%00%(*objectname) [1ms]
2026-08-14 05:53:09.917 [info] > git status -z -uall [17ms]
2026-08-14 05:53:14.928 [info] > git config --get commit.template [5ms]
2026-08-14 05:53:14.929 [info] > git for-each-ref --format=%(refname)%00%(upstream:short)%00%(objectname)%00%(upstream:track)%00%(upstream:remotename)%00%(upstream:remoteref) refs/heads/main refs/remotes/main [1ms]
2026-08-14 05:53:14.938 [info] > git for-each-ref --sort -committerdate --format %(refname)%00%(objectname)%00%(*objectname) [1ms]
2026-08-14 05:53:14.951 [info] > git status -z -uall [18ms]
2026-08-14 05:53:29.321 [info] > git config --get commit.template [1ms]
2026-08-14 05:53:29.328 [info] > git for-each-ref --format=%(refname)%00%(upstream:short)%00%(objectname)%00%(upstream:track)%00%(upstream:remotename)%00%(upstream:remoteref) refs/heads/main refs/remotes/main [1ms]
2026-08-14 05:53:29.338 [info] > git for-each-ref --sort -committerdate --format %(refname)%00%(objectname)%00%(*objectname) [1ms]
2026-08-14 05:53:29.350 [info] > git status -z -uall [17ms]
