2026-08-06 19:25:23.030 [info] Reading sessions from keychain...
2026-08-06 19:25:23.030 [info] Getting sessions for all scopes...
2026-08-06 19:25:23.030 [info] Got stored sessions!
2026-08-06 19:25:23.030 [info] Got 1 verified sessions.
2026-08-06 19:25:23.030 [info] Got 1 sessions for ...
2026-08-06 19:25:23.030 [info] Getting sessions for all scopes...
2026-08-06 19:25:23.030 [info] Got 1 sessions for ...
2026-08-06 19:25:23.030 [info] Getting sessions for all scopes...
2026-08-06 19:25:23.031 [info] Got 1 sessions for ...
2026-08-06 19:25:23.031 [info] Getting sessions for all scopes...
2026-08-06 19:25:23.031 [info] Got 1 sessions for ...
2026-08-06 19:25:23.031 [info] Getting sessions for read:user,user:email...
2026-08-06 19:25:23.031 [info] Got 0 sessions for read:user,user:email...
2026-08-06 19:25:23.031 [info] Getting sessions for read:user,user:email...
2026-08-06 19:25:23.031 [info] Got 0 sessions for read:user,user:email...
2026-08-06 19:25:23.031 [info] Getting sessions for read:user,user:email...
2026-08-06 19:25:23.031 [info] Got 0 sessions for read:user,user:email...
2026-08-06 19:25:23.031 [info] Getting sessions for read:user,user:email...
2026-08-06 19:25:23.031 [info] Got 0 sessions for read:user,user:email...
2026-08-06 19:25:23.031 [info] Getting sessions for read:user,user:email...
2026-08-06 19:25:23.031 [info] Got 0 sessions for read:user,user:email...
2026-08-06 19:25:23.031 [info] Getting sessions for read:user,user:email...
2026-08-06 19:25:23.031 [info] Got 0 sessions for read:user,user:email...
2026-08-06 19:25:23.031 [info] Getting sessions for read:user,user:email...
2026-08-06 19:25:23.031 [info] Got 0 sessions for read:user,user:email...
2026-08-06 19:25:23.031 [info] Getting sessions for read:user,user:email...
2026-08-06 19:25:23.031 [info] Got 0 sessions for read:user,user:email...
2026-08-06 19:25:23.031 [info] Getting sessions for read:user,user:email...
2026-08-06 19:25:23.031 [info] Got 0 sessions for read:user,user:email...
2026-08-06 19:25:23.031 [info] Getting sessions for read:user,user:email...
2026-08-06 19:25:23.031 [info] Got 0 sessions for read:user,user:email...
2026-08-06 19:25:23.031 [info] Getting sessions for read:user,user:email...
2026-08-06 19:25:23.031 [info] Got 0 sessions for read:user,user:email...
2026-08-06 19:25:23.031 [info] Getting sessions for read:user,user:email...
2026-08-06 19:25:23.031 [info] Got 0 sessions for read:user,user:email...
2026-08-06 19:25:23.031 [info] Getting sessions for read:user,user:email...
2026-08-06 19:25:23.031 [info] Got 0 sessions for read:user,user:email...
2026-08-06 19:25:23.031 [info] Getting sessions for read:user,user:email...
2026-08-06 19:25:23.031 [info] Got 0 sessions for read:user,user:email...
2026-08-06 19:25:23.031 [info] Getting sessions for read:user,user:email...
2026-08-06 19:25:23.031 [info] Got 0 sessions for read:user,user:email...
2026-08-06 19:25:23.031 [info] Getting sessions for read:user,user:email...
2026-08-06 19:25:23.031 [info] Got 0 sessions for read:user,user:email...
2026-08-06 19:25:23.031 [info] Getting sessions for read:user,user:email...
2026-08-06 19:25:23.031 [info] Got 0 sessions for read:user,user:email...
2026-08-06 19:25:23.031 [info] Getting sessions for read:user,user:email...
2026-08-06 19:25:23.031 [info] Got 0 sessions for read:user,user:email...
2026-08-06 19:25:23.031 [info] Getting sessions for all scopes...
2026-08-06 19:25:23.031 [info] Got 1 sessions for ...
2026-08-06 19:25:23.031 [info] Getting sessions for all scopes...
2026-08-06 19:25:23.031 [info] Got 1 sessions for ...
2026-08-06 19:25:23.031 [info] Getting sessions for all scopes...
2026-08-06 19:25:23.031 [info] Got 1 sessions for ...
2026-08-06 19:25:23.031 [info] Getting sessions for all scopes...
2026-08-06 19:25:23.031 [info] Got 1 sessions for ...
2026-08-06 19:25:23.031 [info] Getting sessions for all scopes...
2026-08-06 19:25:23.031 [info] Got 1 sessions for ...
2026-08-06 19:25:23.031 [info] Getting sessions for all scopes...
2026-08-06 19:25:23.031 [info] Got 1 sessions for ...
2026-08-06 19:25:23.031 [info] Getting sessions for all scopes...
2026-08-06 19:25:23.031 [info] Got 1 sessions for ...
2026-08-06 19:25:23.031 [info] Getting sessions for all scopes...
2026-08-06 19:25:23.031 [info] Got 1 sessions for ...
2026-08-06 19:25:23.031 [info] Getting sessions for all scopes...
2026-08-06 19:25:23.031 [info] Got 1 sessions for ...
2026-08-06 19:25:23.031 [info] Getting sessions for all scopes...
2026-08-06 19:25:23.031 [info] Got 1 sessions for ...
2026-08-06 19:25:23.031 [info] Getting sessions for all scopes...
2026-08-06 19:25:23.031 [info] Got 1 sessions for ...
2026-08-06 19:25:23.031 [info] Getting sessions for all scopes...
2026-08-06 19:25:23.031 [info] Got 1 sessions for ...
2026-08-06 19:25:23.031 [info] Getting sessions for all scopes...
2026-08-06 19:25:23.031 [info] Got 1 sessions for ...
2026-08-06 19:25:23.031 [info] Getting sessions for all scopes...
2026-08-06 19:25:23.031 [info] Got 1 sessions for ...
2026-08-06 19:25:23.031 [info] Getting sessions for all scopes...
2026-08-06 19:25:23.031 [info] Got 1 sessions for ...
2026-08-06 19:25:23.031 [info] Getting sessions for all scopes...
2026-08-06 19:25:23.031 [info] Got 1 sessions for ...
2026-08-06 19:25:23.031 [info] Getting sessions for all scopes...
2026-08-06 19:25:23.031 [info] Got 1 sessions for ...
2026-08-06 19:25:23.031 [info] Getting sessions for all scopes...
2026-08-06 19:25:23.031 [info] Got 1 sessions for ...
2026-08-06 19:25:23.031 [info] Getting sessions for all scopes...
2026-08-06 19:25:23.031 [info] Got 1 sessions for ...
2026-08-06 19:25:23.031 [info] Getting sessions for all scopes...
2026-08-06 19:25:23.031 [info] Got 1 sessions for ...
2026-08-06 19:25:23.031 [info] Getting sessions for all scopes...
2026-08-06 19:25:23.031 [info] Got 1 sessions for ...
2026-08-06 19:25:23.031 [info] Getting sessions for read:user,repo,user:email,workflow...
2026-08-06 19:25:23.031 [info] Got 1 sessions for read:user,repo,user:email,workflow...
2026-08-06 19:25:23.056 [info] Getting sessions for all scopes...
2026-08-06 19:25:23.056 [info] Got 1 sessions for ...
2026-08-06 19:25:23.056 [info] Getting sessions for read:user,repo,user:email,workflow...
2026-08-06 19:25:23.056 [info] Got 1 sessions for read:user,repo,user:email,workflow...
2026-08-06 19:25:23.332 [info] Getting sessions for all scopes...
2026-08-06 19:25:23.332 [info] Got 1 sessions for ...
2026-08-06 19:25:23.332 [info] Getting sessions for all scopes...
2026-08-06 19:25:23.332 [info] Got 1 sessions for ...
2026-08-06 19:25:23.475 [info] Getting sessions for read:user,repo,user:email,workflow...
2026-08-06 19:25:23.475 [info] Got 1 sessions for read:user,repo,user:email,workflow...
2026-08-06 19:25:23.615 [info] Getting sessions for all scopes...
2026-08-06 19:25:23.615 [info] Got 1 sessions for ...
2026-08-06 19:25:23.615 [info] Getting sessions for read:user,repo,user:email,workflow...
2026-08-06 19:25:23.615 [info] Got 1 sessions for read:user,repo,user:email,workflow...
2026-08-06 19:25:23.618 [info] Getting sessions for all scopes...
2026-08-06 19:25:23.618 [info] Got 1 sessions for ...
2026-08-06 19:25:23.619 [info] Getting sessions for read:user,repo,user:email,workflow...
2026-08-06 19:25:23.619 [info] Got 1 sessions for read:user,repo,user:email,workflow...
2026-08-06 19:25:23.759 [info] Getting sessions for all scopes...
2026-08-06 19:25:23.759 [info] Got 1 sessions for ...
2026-08-06 19:25:23.760 [info] Getting sessions for read:user,repo,user:email,workflow...
2026-08-06 19:25:23.760 [info] Got 1 sessions for read:user,repo,user:email,workflow...
2026-08-06 19:25:23.772 [info] Getting sessions for all scopes...
2026-08-06 19:25:23.772 [info] Got 1 sessions for ...
2026-08-06 19:25:23.772 [info] Getting sessions for read:user,repo,user:email,workflow...
2026-08-06 19:25:23.772 [info] Got 1 sessions for read:user,repo,user:email,workflow...
2026-08-06 19:25:23.827 [info] FetcherService: Electron fetch failed with status: 429 
2026-08-06 19:25:23.831 [info] Unable to resolve optional EDU details. Status: 429 
2026-08-06 19:25:23.909 [info] Getting sessions for all scopes...
2026-08-06 19:25:23.909 [info] Got 1 sessions for ...
2026-08-06 19:25:23.910 [info] Getting sessions for read:user,repo,user:email,workflow...
2026-08-06 19:25:23.910 [info] Got 1 sessions for read:user,repo,user:email,workflow...
2026-08-06 19:25:24.276 [info] Getting sessions for all scopes...
2026-08-06 19:25:24.276 [info] Got 1 sessions for ...
2026-08-06 19:25:24.287 [info] Getting sessions for all scopes...
2026-08-06 19:25:24.287 [info] Got 1 sessions for ...
2026-08-06 19:25:24.301 [info] Getting sessions for all scopes...
2026-08-06 19:25:24.301 [info] Got 1 sessions for ...
2026-08-06 19:25:25.001 [info] Getting sessions for repo...
2026-08-06 19:25:25.001 [info] Got 0 sessions for repo...
2026-08-06 19:25:25.002 [info] Getting sessions for repo...
2026-08-06 19:25:25.002 [info] Got 0 sessions for repo...
2026-08-06 19:25:25.002 [info] Getting sessions for repo...
2026-08-06 19:25:25.002 [info] Got 0 sessions for repo...
2026-08-06 19:25:25.002 [info] Getting sessions for repo...
2026-08-06 19:25:25.002 [info] Got 0 sessions for repo...
2026-08-06 19:25:25.002 [info] Getting sessions for repo...
2026-08-06 19:25:25.002 [info] Got 0 sessions for repo...
2026-08-06 19:25:25.002 [info] Getting sessions for repo...
2026-08-06 19:25:25.002 [info] Got 0 sessions for repo...
2026-08-06 19:25:25.002 [info] Getting sessions for repo...
2026-08-06 19:25:25.002 [info] Got 0 sessions for repo...
2026-08-06 19:25:25.002 [info] Getting sessions for repo...
2026-08-06 19:25:25.002 [info] Got 0 sessions for repo...
2026-08-06 19:25:25.002 [info] Getting sessions for repo...
2026-08-06 19:25:25.002 [info] Got 0 sessions for repo...
2026-08-06 19:25:25.002 [info] Getting sessions for repo...
2026-08-06 19:25:25.002 [info] Got 0 sessions for repo...
2026-08-06 19:25:25.002 [info] Getting sessions for repo...
2026-08-06 19:25:25.002 [info] Got 0 sessions for repo...
2026-08-06 19:25:25.002 [info] Getting sessions for repo...
2026-08-06 19:25:25.002 [info] Got 0 sessions for repo...
2026-08-06 19:25:25.002 [info] Getting sessions for repo...
2026-08-06 19:25:25.002 [info] Got 0 sessions for repo...
2026-08-06 19:25:25.002 [info] Getting sessions for repo...
2026-08-06 19:25:25.002 [info] Got 0 sessions for repo...
2026-08-06 19:25:25.002 [info] Getting sessions for repo...
2026-08-06 19:25:25.002 [info] Got 0 sessions for repo...
2026-08-06 19:25:25.002 [info] Getting sessions for repo...
2026-08-06 19:25:25.002 [info] Got 0 sessions for repo...
2026-08-06 19:25:25.002 [info] Getting sessions for repo...
2026-08-06 19:25:25.002 [info] Got 0 sessions for repo...
2026-08-06 19:25:25.002 [info] Getting sessions for repo...
2026-08-06 19:25:25.002 [info] Got 0 sessions for repo...
2026-08-06 19:25:25.002 [info] Getting sessions for all scopes...
2026-08-06 19:25:25.002 [info] Got 1 sessions for ...
2026-08-06 19:25:25.002 [info] Getting sessions for all scopes...
2026-08-06 19:25:25.002 [info] Got 1 sessions for ...
2026-08-06 19:25:25.002 [info] Getting sessions for all scopes...
2026-08-06 19:25:25.002 [info] Got 1 sessions for ...
2026-08-06 19:25:25.002 [info] Getting sessions for all scopes...
2026-08-06 19:25:25.002 [info] Got 1 sessions for ...
2026-08-06 19:25:25.003 [info] Getting sessions for all scopes...
2026-08-06 19:25:25.003 [info] Got 1 sessions for ...
2026-08-06 19:25:25.003 [info] Getting sessions for all scopes...
2026-08-06 19:25:25.003 [info] Got 1 sessions for ...
2026-08-06 19:25:25.003 [info] Getting sessions for all scopes...
2026-08-06 19:25:25.003 [info] Got 1 sessions for ...
2026-08-06 19:25:25.003 [info] Getting sessions for all scopes...
2026-08-06 19:25:25.003 [info] Got 1 sessions for ...
2026-08-06 19:25:25.003 [info] Getting sessions for all scopes...
2026-08-06 19:25:25.003 [info] Got 1 sessions for ...
2026-08-06 19:25:25.003 [info] Getting sessions for all scopes...
2026-08-06 19:25:25.003 [info] Got 1 sessions for ...
2026-08-06 19:25:25.003 [info] Getting sessions for all scopes...
2026-08-06 19:25:25.003 [info] Got 1 sessions for ...
2026-08-06 19:25:25.003 [info] Getting sessions for all scopes...
2026-08-06 19:25:25.003 [info] Got 1 sessions for ...
2026-08-06 19:25:25.003 [info] Getting sessions for all scopes...
2026-08-06 19:25:25.003 [info] Got 1 sessions for ...
2026-08-06 19:25:25.003 [info] Getting sessions for all scopes...
2026-08-06 19:25:25.003 [info] Got 1 sessions for ...
2026-08-06 19:25:25.003 [info] Getting sessions for all scopes...
2026-08-06 19:25:25.003 [info] Got 1 sessions for ...
2026-08-06 19:25:25.003 [info] Getting sessions for all scopes...
2026-08-06 19:25:25.003 [info] Got 1 sessions for ...
2026-08-06 19:25:25.003 [info] Getting sessions for all scopes...
2026-08-06 19:25:25.003 [info] Got 1 sessions for ...
2026-08-06 19:25:25.003 [info] Getting sessions for all scopes...
2026-08-06 19:25:25.003 [info] Got 1 sessions for ...
2026-08-06 19:25:25.008 [info] Getting sessions for read:user,user:email...
2026-08-06 19:25:25.008 [info] Got 0 sessions for read:user,user:email...
2026-08-06 19:25:25.008 [info] Getting sessions for read:user,user:email...
2026-08-06 19:25:25.008 [info] Got 0 sessions for read:user,user:email...
2026-08-06 19:25:25.008 [info] Getting sessions for read:user,user:email...
2026-08-06 19:25:25.008 [info] Got 0 sessions for read:user,user:email...
2026-08-06 19:25:25.008 [info] Getting sessions for read:user,user:email...
2026-08-06 19:25:25.008 [info] Got 0 sessions for read:user,user:email...
2026-08-06 19:25:25.008 [info] Getting sessions for read:user,user:email...
2026-08-06 19:25:25.008 [info] Got 0 sessions for read:user,user:email...
2026-08-06 19:25:25.008 [info] Getting sessions for read:user,user:email...
2026-08-06 19:25:25.008 [info] Got 0 sessions for read:user,user:email...
2026-08-06 19:25:25.009 [info] Getting sessions for read:user,user:email...
2026-08-06 19:25:25.009 [info] Got 0 sessions for read:user,user:email...
2026-08-06 19:25:25.009 [info] Getting sessions for read:user,user:email...
2026-08-06 19:25:25.009 [info] Got 0 sessions for read:user,user:email...
2026-08-06 19:25:25.009 [info] Getting sessions for read:user,user:email...
2026-08-06 19:25:25.009 [info] Got 0 sessions for read:user,user:email...
2026-08-06 19:25:25.009 [info] Getting sessions for read:user,user:email...
2026-08-06 19:25:25.009 [info] Got 0 sessions for read:user,user:email...
2026-08-06 19:25:25.009 [info] Getting sessions for read:user,user:email...
2026-08-06 19:25:25.009 [info] Got 0 sessions for read:user,user:email...
2026-08-06 19:25:25.009 [info] Getting sessions for read:user,user:email...
2026-08-06 19:25:25.009 [info] Got 0 sessions for read:user,user:email...
2026-08-06 19:25:25.009 [info] Getting sessions for read:user,user:email...
2026-08-06 19:25:25.009 [info] Got 0 sessions for read:user,user:email...
2026-08-06 19:25:25.009 [info] Getting sessions for read:user,user:email...
2026-08-06 19:25:25.009 [info] Got 0 sessions for read:user,user:email...
2026-08-06 19:25:25.009 [info] Getting sessions for read:user,user:email...
2026-08-06 19:25:25.009 [info] Got 0 sessions for read:user,user:email...
2026-08-06 19:25:25.009 [info] Getting sessions for read:user,user:email...
2026-08-06 19:25:25.009 [info] Got 0 sessions for read:user,user:email...
2026-08-06 19:25:25.009 [info] Getting sessions for read:user,user:email...
2026-08-06 19:25:25.009 [info] Got 0 sessions for read:user,user:email...
2026-08-06 19:25:25.009 [info] Getting sessions for read:user,user:email...
2026-08-06 19:25:25.009 [info] Got 0 sessions for read:user,user:email...
2026-08-06 19:25:25.009 [info] Getting sessions for all scopes...
2026-08-06 19:25:25.009 [info] Got 1 sessions for ...
2026-08-06 19:25:25.009 [info] Getting sessions for all scopes...
2026-08-06 19:25:25.009 [info] Got 1 sessions for ...
2026-08-06 19:25:25.009 [info] Getting sessions for all scopes...
2026-08-06 19:25:25.009 [info] Got 1 sessions for ...
2026-08-06 19:25:25.009 [info] Getting sessions for all scopes...
2026-08-06 19:25:25.009 [info] Got 1 sessions for ...
2026-08-06 19:25:25.009 [info] Getting sessions for all scopes...
2026-08-06 19:25:25.009 [info] Got 1 sessions for ...
2026-08-06 19:25:25.009 [info] Getting sessions for all scopes...
2026-08-06 19:25:25.009 [info] Got 1 sessions for ...
2026-08-06 19:25:25.009 [info] Getting sessions for all scopes...
2026-08-06 19:25:25.009 [info] Got 1 sessions for ...
2026-08-06 19:25:25.009 [info] Getting sessions for all scopes...
2026-08-06 19:25:25.009 [info] Got 1 sessions for ...
2026-08-06 19:25:25.009 [info] Getting sessions for all scopes...
2026-08-06 19:25:25.009 [info] Got 1 sessions for ...
2026-08-06 19:25:25.009 [info] Getting sessions for all scopes...
2026-08-06 19:25:25.009 [info] Got 1 sessions for ...
2026-08-06 19:25:25.009 [info] Getting sessions for all scopes...
2026-08-06 19:25:25.009 [info] Got 1 sessions for ...
2026-08-06 19:25:25.009 [info] Getting sessions for all scopes...
2026-08-06 19:25:25.009 [info] Got 1 sessions for ...
2026-08-06 19:25:25.010 [info] Getting sessions for all scopes...
2026-08-06 19:25:25.010 [info] Got 1 sessions for ...
2026-08-06 19:25:25.010 [info] Getting sessions for all scopes...
2026-08-06 19:25:25.010 [info] Got 1 sessions for ...
2026-08-06 19:25:25.010 [info] Getting sessions for all scopes...
2026-08-06 19:25:25.010 [info] Got 1 sessions for ...
2026-08-06 19:25:25.010 [info] Getting sessions for all scopes...
2026-08-06 19:25:25.010 [info] Got 1 sessions for ...
2026-08-06 19:25:25.010 [info] Getting sessions for all scopes...
2026-08-06 19:25:25.010 [info] Got 1 sessions for ...
2026-08-06 19:25:25.010 [info] Getting sessions for all scopes...
2026-08-06 19:25:25.010 [info] Got 1 sessions for ...
2026-08-06 19:25:25.010 [info] Getting sessions for repo...
2026-08-06 19:25:25.010 [info] Got 0 sessions for repo...
2026-08-06 19:25:25.010 [info] Getting sessions for repo...
2026-08-06 19:25:25.010 [info] Got 0 sessions for repo...
2026-08-06 19:25:25.010 [info] Getting sessions for repo...
2026-08-06 19:25:25.010 [info] Got 0 sessions for repo...
2026-08-06 19:25:25.010 [info] Getting sessions for repo...
2026-08-06 19:25:25.010 [info] Got 0 sessions for repo...
2026-08-06 19:25:25.010 [info] Getting sessions for repo...
2026-08-06 19:25:25.010 [info] Got 0 sessions for repo...
2026-08-06 19:25:25.010 [info] Getting sessions for repo...
2026-08-06 19:25:25.010 [info] Got 0 sessions for repo...
2026-08-06 19:25:25.010 [info] Getting sessions for repo...
2026-08-06 19:25:25.010 [info] Got 0 sessions for repo...
2026-08-06 19:25:25.010 [info] Getting sessions for repo...
2026-08-06 19:25:25.010 [info] Got 0 sessions for repo...
2026-08-06 19:25:25.010 [info] Getting sessions for repo...
2026-08-06 19:25:25.010 [info] Got 0 sessions for repo...
2026-08-06 19:25:25.010 [info] Getting sessions for repo...
2026-08-06 19:25:25.010 [info] Got 0 sessions for repo...
2026-08-06 19:25:25.010 [info] Getting sessions for repo...
2026-08-06 19:25:25.010 [info] Got 0 sessions for repo...
2026-08-06 19:25:25.010 [info] Getting sessions for repo...
2026-08-06 19:25:25.010 [info] Got 0 sessions for repo...
2026-08-06 19:25:25.010 [info] Getting sessions for repo...
2026-08-06 19:25:25.010 [info] Got 0 sessions for repo...
2026-08-06 19:25:25.010 [info] Getting sessions for repo...
2026-08-06 19:25:25.010 [info] Got 0 sessions for repo...
2026-08-06 19:25:25.010 [info] Getting sessions for repo...
2026-08-06 19:25:25.010 [info] Got 0 sessions for repo...
2026-08-06 19:25:25.011 [info] Getting sessions for repo...
2026-08-06 19:25:25.011 [info] Got 0 sessions for repo...
2026-08-06 19:25:25.011 [info] Getting sessions for repo...
2026-08-06 19:25:25.011 [info] Got 0 sessions for repo...
2026-08-06 19:25:25.011 [info] Getting sessions for repo...
2026-08-06 19:25:25.011 [info] Got 0 sessions for repo...
2026-08-06 19:25:25.011 [info] Getting sessions for all scopes...
2026-08-06 19:25:25.011 [info] Got 1 sessions for ...
2026-08-06 19:25:25.011 [info] Getting sessions for all scopes...
2026-08-06 19:25:25.011 [info] Got 1 sessions for ...
2026-08-06 19:25:25.011 [info] Getting sessions for all scopes...
2026-08-06 19:25:25.011 [info] Got 1 sessions for ...
2026-08-06 19:25:25.011 [info] Getting sessions for all scopes...
2026-08-06 19:25:25.011 [info] Got 1 sessions for ...
2026-08-06 19:25:25.011 [info] Getting sessions for all scopes...
2026-08-06 19:25:25.011 [info] Got 1 sessions for ...
2026-08-06 19:25:25.011 [info] Getting sessions for all scopes...
2026-08-06 19:25:25.011 [info] Got 1 sessions for ...
2026-08-06 19:25:25.011 [info] Getting sessions for all scopes...
2026-08-06 19:25:25.011 [info] Got 1 sessions for ...
2026-08-06 19:25:25.011 [info] Getting sessions for all scopes...
2026-08-06 19:25:25.011 [info] Got 1 sessions for ...
2026-08-06 19:25:25.011 [info] Getting sessions for all scopes...
2026-08-06 19:25:25.011 [info] Got 1 sessions for ...
2026-08-06 19:25:25.011 [info] Getting sessions for all scopes...
2026-08-06 19:25:25.011 [info] Got 1 sessions for ...
2026-08-06 19:25:25.011 [info] Getting sessions for all scopes...
2026-08-06 19:25:25.011 [info] Got 1 sessions for ...
2026-08-06 19:25:25.011 [info] Getting sessions for all scopes...
2026-08-06 19:25:25.011 [info] Got 1 sessions for ...
2026-08-06 19:25:25.011 [info] Getting sessions for all scopes...
2026-08-06 19:25:25.011 [info] Got 1 sessions for ...
2026-08-06 19:25:25.011 [info] Getting sessions for all scopes...
2026-08-06 19:25:25.011 [info] Got 1 sessions for ...
2026-08-06 19:25:25.011 [info] Getting sessions for all scopes...
2026-08-06 19:25:25.011 [info] Got 1 sessions for ...
2026-08-06 19:25:25.011 [info] Getting sessions for all scopes...
2026-08-06 19:25:25.011 [info] Got 1 sessions for ...
2026-08-06 19:25:25.011 [info] Getting sessions for all scopes...
2026-08-06 19:25:25.011 [info] Got 1 sessions for ...
2026-08-06 19:25:25.012 [info] Getting sessions for all scopes...
2026-08-06 19:25:25.012 [info] Got 1 sessions for ...
2026-08-06 19:25:25.264 [info] Getting sessions for read:user,user:email...
2026-08-06 19:25:25.264 [info] Got 0 sessions for read:user,user:email...
2026-08-06 19:25:25.264 [info] Getting sessions for read:user,user:email...
2026-08-06 19:25:25.264 [info] Got 0 sessions for read:user,user:email...
2026-08-06 19:25:25.264 [info] Getting sessions for all scopes...
2026-08-06 19:25:25.264 [info] Got 1 sessions for ...
2026-08-06 19:25:25.264 [info] Getting sessions for all scopes...
2026-08-06 19:25:25.264 [info] Got 1 sessions for ...
2026-08-06 19:25:25.264 [info] Getting sessions for repo...
2026-08-06 19:25:25.264 [info] Got 0 sessions for repo...
2026-08-06 19:25:25.264 [info] Getting sessions for repo...
2026-08-06 19:25:25.264 [info] Got 0 sessions for repo...
2026-08-06 19:25:25.264 [info] Getting sessions for all scopes...
2026-08-06 19:25:25.264 [info] Got 1 sessions for ...
2026-08-06 19:25:25.264 [info] Getting sessions for all scopes...
2026-08-06 19:25:25.264 [info] Got 1 sessions for ...
2026-08-06 19:25:25.264 [info] Getting sessions for read:user,user:email...
2026-08-06 19:25:25.264 [info] Got 0 sessions for read:user,user:email...
2026-08-06 19:25:25.264 [info] Getting sessions for read:user,user:email...
2026-08-06 19:25:25.264 [info] Got 0 sessions for read:user,user:email...
2026-08-06 19:25:25.264 [info] Getting sessions for all scopes...
2026-08-06 19:25:25.264 [info] Got 1 sessions for ...
2026-08-06 19:25:25.264 [info] Getting sessions for all scopes...
2026-08-06 19:25:25.264 [info] Got 1 sessions for ...
2026-08-06 19:25:25.265 [info] Getting sessions for repo...
2026-08-06 19:25:25.265 [info] Got 0 sessions for repo...
2026-08-06 19:25:25.265 [info] Getting sessions for repo...
2026-08-06 19:25:25.265 [info] Got 0 sessions for repo...
2026-08-06 19:25:25.265 [info] Getting sessions for all scopes...
2026-08-06 19:25:25.265 [info] Got 1 sessions for ...
2026-08-06 19:25:25.265 [info] Getting sessions for all scopes...
2026-08-06 19:25:25.265 [info] Got 1 sessions for ...
2026-08-06 19:25:25.434 [info] Getting sessions for read:user,user:email...
2026-08-06 19:25:25.434 [info] Got 0 sessions for read:user,user:email...
2026-08-06 19:25:25.437 [info] Getting sessions for all scopes...
2026-08-06 19:25:25.437 [info] Got 1 sessions for ...
2026-08-06 19:25:25.439 [info] Getting sessions for repo...
2026-08-06 19:25:25.439 [info] Got 0 sessions for repo...
2026-08-06 19:25:25.441 [info] Getting sessions for all scopes...
2026-08-06 19:25:25.441 [info] Got 1 sessions for ...
2026-08-06 19:25:25.441 [info] Getting sessions for read:user,user:email...
2026-08-06 19:25:25.441 [info] Got 0 sessions for read:user,user:email...
2026-08-06 19:25:25.441 [info] Getting sessions for all scopes...
2026-08-06 19:25:25.441 [info] Got 1 sessions for ...
2026-08-06 19:25:25.442 [info] Getting sessions for repo...
2026-08-06 19:25:25.442 [info] Got 0 sessions for repo...
2026-08-06 19:25:25.443 [info] Getting sessions for all scopes...
2026-08-06 19:25:25.443 [info] Got 1 sessions for ...
