2026-08-14 05:53:40.416 [info] [aebc6443-996d-45c2-90f0-388ff96faa56] Native Broker enabled: false
2026-08-14 05:53:40.482 [info] [getSessions] [all] starting
2026-08-14 05:53:40.482 [info] [getSessions] [all] returned 0 session(s)
2026-08-14 05:53:40.482 [info] [getSessions] [all] starting
2026-08-14 05:53:40.482 [info] [getSessions] [all] returned 0 session(s)
2026-08-14 05:53:40.482 [info] [getSessions] [all] starting
2026-08-14 05:53:40.482 [info] [getSessions] [all] returned 0 session(s)
2026-08-14 05:53:40.509 [info] [getSessions] [499b84ac-1321-427f-aa17-267ca6975798/.default offline_access] starting
2026-08-14 05:53:40.509 [info] [aebc6443-996d-45c2-90f0-388ff96faa56] Native Broker enabled: false
2026-08-14 05:53:40.532 [info] [getSessions] [499b84ac-1321-427f-aa17-267ca6975798/.default offline_access] returned 0 session(s)
2026-08-14 05:53:40.882 [info] [getSessions] [499b84ac-1321-427f-aa17-267ca6975798/.default offline_access] starting
2026-08-14 05:53:40.882 [info] [getSessions] [499b84ac-1321-427f-aa17-267ca6975798/.default offline_access] returned 0 session(s)
2026-08-14 05:53:41.041 [info] [getSessions] [all] starting
2026-08-14 05:53:41.041 [info] [getSessions] [all] returned 0 session(s)
2026-08-14 05:54:24.424 [info] Microsoft Authentication is deactivating...
2026-08-14 05:54:25.765 [info] [aebc6443-996d-45c2-90f0-388ff96faa56] Native Broker enabled: false
2026-08-14 05:54:25.797 [info] [getSessions] [all] starting
2026-08-14 05:54:25.797 [info] [getSessions] [all] returned 0 session(s)
2026-08-14 05:54:25.797 [info] [getSessions] [all] starting
2026-08-14 05:54:25.797 [info] [getSessions] [all] returned 0 session(s)
2026-08-14 05:54:25.797 [info] [getSessions] [all] starting
2026-08-14 05:54:25.797 [info] [getSessions] [all] returned 0 session(s)
2026-08-14 05:54:26.519 [info] [getSessions] [499b84ac-1321-427f-aa17-267ca6975798/.default offline_access] starting
2026-08-14 05:54:26.519 [info] [aebc6443-996d-45c2-90f0-388ff96faa56] Native Broker enabled: false
2026-08-14 05:54:26.531 [info] [getSessions] [499b84ac-1321-427f-aa17-267ca6975798/.default offline_access] returned 0 session(s)
2026-08-14 06:16:32.257 [info] [getSessions] [499b84ac-1321-427f-aa17-267ca6975798/.default offline_access] starting
2026-08-14 06:16:32.257 [info] [getSessions] [499b84ac-1321-427f-aa17-267ca6975798/.default offline_access] returned 0 session(s)
2026-08-14 06:49:26.871 [info] [getSessions] [499b84ac-1321-427f-aa17-267ca6975798/.default offline_access] starting
2026-08-14 06:49:26.871 [info] [getSessions] [499b84ac-1321-427f-aa17-267ca6975798/.default offline_access] returned 0 session(s)
