2026-08-03 04:59:18.126 [info] Reading sessions from keychain...
2026-08-03 04:59:18.126 [info] Getting sessions for all scopes...
2026-08-03 04:59:18.156 [info] Got 0 sessions for ...
2026-08-03 04:59:18.156 [info] Getting sessions for all scopes...
2026-08-03 04:59:18.156 [info] Got 0 sessions for ...
2026-08-03 04:59:18.156 [info] Getting sessions for all scopes...
2026-08-03 04:59:18.156 [info] Got 0 sessions for ...
2026-08-03 04:59:18.161 [info] Getting sessions for all scopes...
2026-08-03 04:59:18.161 [info] Got 0 sessions for ...
2026-08-03 04:59:20.126 [info] Getting sessions for all scopes...
2026-08-03 04:59:20.126 [info] Got 0 sessions for ...
2026-08-03 04:59:24.123 [info] Logging in with 'any' account...
2026-08-03 04:59:24.123 [info] Logging in for the following scopes: read:user repo user:email workflow
2026-08-03 04:59:24.143 [info] Trying with local server... (read:user repo user:email workflow)
2026-08-03 04:59:26.919 [info] Exchanging code for token...
2026-08-03 04:59:27.543 [info] Token exchange success!
2026-08-03 04:59:27.543 [info] Getting user info...
2026-08-03 04:59:27.693 [info] Got account info!
2026-08-03 04:59:27.693 [info] Storing 1 sessions...
2026-08-03 04:59:27.773 [info] FetcherService: Electron fetch failed with status: 429 
2026-08-03 04:59:27.773 [info] Unable to resolve optional EDU details. Status: 429 
2026-08-03 04:59:30.040 [info] Reading sessions from keychain...
2026-08-03 04:59:30.040 [info] Stored 1 sessions!
2026-08-03 04:59:30.040 [info] Login success!
2026-08-03 04:59:30.070 [info] Got stored sessions!
2026-08-03 04:59:30.070 [info] Got 1 verified sessions.
2026-08-03 04:59:30.143 [info] Getting sessions for all scopes...
2026-08-03 04:59:30.143 [info] Got 1 sessions for ...
2026-08-03 04:59:30.143 [info] Getting sessions for all scopes...
2026-08-03 04:59:30.143 [info] Got 1 sessions for ...
2026-08-03 04:59:32.875 [info] Getting sessions for all scopes...
2026-08-03 04:59:32.875 [info] Got 1 sessions for ...
2026-08-03 04:59:32.876 [info] Getting sessions for all scopes...
2026-08-03 04:59:32.876 [info] Got 1 sessions for ...
2026-08-03 04:59:32.876 [info] Getting sessions for all scopes...
2026-08-03 04:59:32.876 [info] Got 1 sessions for ...
2026-08-03 04:59:32.876 [info] Getting sessions for all scopes...
2026-08-03 04:59:32.876 [info] Got 1 sessions for ...
2026-08-03 04:59:33.273 [info] Getting sessions for all scopes...
2026-08-03 04:59:33.273 [info] Got 1 sessions for ...
2026-08-03 04:59:33.276 [info] Getting sessions for read:user,repo,user:email,workflow...
2026-08-03 04:59:33.276 [info] Got 1 sessions for read:user,repo,user:email,workflow...
2026-08-03 04:59:33.601 [info] Getting sessions for all scopes...
2026-08-03 04:59:33.601 [info] Got 1 sessions for ...
2026-08-03 04:59:33.601 [info] Getting sessions for all scopes...
2026-08-03 04:59:33.601 [info] Got 1 sessions for ...
2026-08-03 04:59:33.618 [info] Getting sessions for read:user,repo,user:email,workflow...
2026-08-03 04:59:33.618 [info] Got 1 sessions for read:user,repo,user:email,workflow...
2026-08-03 04:59:33.664 [info] Getting sessions for all scopes...
2026-08-03 04:59:33.664 [info] Got 1 sessions for ...
2026-08-03 04:59:33.664 [info] Getting sessions for read:user,repo,user:email,workflow...
2026-08-03 04:59:33.664 [info] Got 1 sessions for read:user,repo,user:email,workflow...
2026-08-03 04:59:33.692 [info] Getting sessions for all scopes...
2026-08-03 04:59:33.692 [info] Got 1 sessions for ...
2026-08-03 04:59:33.692 [info] Getting sessions for all scopes...
2026-08-03 04:59:33.692 [info] Got 1 sessions for ...
2026-08-03 04:59:33.766 [info] Getting sessions for all scopes...
2026-08-03 04:59:33.766 [info] Got 1 sessions for ...
2026-08-03 04:59:33.766 [info] Getting sessions for read:user,repo,user:email,workflow...
2026-08-03 04:59:33.766 [info] Got 1 sessions for read:user,repo,user:email,workflow...
2026-08-03 04:59:33.778 [info] Getting sessions for all scopes...
2026-08-03 04:59:33.778 [info] Got 1 sessions for ...
2026-08-03 04:59:33.779 [info] Getting sessions for read:user,repo,user:email,workflow...
2026-08-03 04:59:33.779 [info] Got 1 sessions for read:user,repo,user:email,workflow...
2026-08-03 04:59:33.787 [info] Getting sessions for all scopes...
2026-08-03 04:59:33.787 [info] Got 1 sessions for ...
2026-08-03 04:59:33.817 [info] Getting sessions for read:user,repo,user:email,workflow...
2026-08-03 04:59:33.817 [info] Got 1 sessions for read:user,repo,user:email,workflow...
2026-08-03 04:59:34.091 [info] Getting sessions for all scopes...
2026-08-03 04:59:34.091 [info] Got 1 sessions for ...
2026-08-03 04:59:34.094 [info] Getting sessions for read:user,repo,user:email,workflow...
2026-08-03 04:59:34.094 [info] Got 1 sessions for read:user,repo,user:email,workflow...
2026-08-03 04:59:47.572 [info] Getting sessions for all scopes...
2026-08-03 04:59:47.572 [info] Got 1 sessions for ...
2026-08-03 04:59:47.572 [info] Getting sessions for all scopes...
2026-08-03 04:59:47.572 [info] Got 1 sessions for ...
