2026-08-14 05:53:38.977 [info] Reading sessions from keychain...
2026-08-14 05:53:38.977 [info] Getting sessions for all scopes...
2026-08-14 05:53:38.977 [info] Got stored sessions!
2026-08-14 05:53:38.977 [info] Got 1 verified sessions.
2026-08-14 05:53:38.977 [info] Got 1 sessions for ...
2026-08-14 05:53:38.977 [info] Getting sessions for all scopes...
2026-08-14 05:53:38.977 [info] Got 1 sessions for ...
2026-08-14 05:53:38.977 [info] Getting sessions for all scopes...
2026-08-14 05:53:38.977 [info] Got 1 sessions for ...
2026-08-14 05:53:39.812 [info] Getting sessions for all scopes...
2026-08-14 05:53:39.812 [info] Got 1 sessions for ...
2026-08-14 05:53:39.885 [info] Getting sessions for all scopes...
2026-08-14 05:53:39.885 [info] Got 1 sessions for ...
2026-08-14 05:53:39.886 [info] Getting sessions for all scopes...
2026-08-14 05:53:39.886 [info] Got 1 sessions for ...
2026-08-14 05:53:40.142 [info] Getting sessions for read:user,repo,user:email,workflow...
2026-08-14 05:53:40.142 [info] Got 1 sessions for read:user,repo,user:email,workflow...
2026-08-14 05:53:40.301 [info] FetcherService: Electron fetch failed with status: 429 
2026-08-14 05:53:40.305 [info] Unable to resolve optional EDU details. Status: 429 
2026-08-14 05:53:40.419 [info] Getting sessions for all scopes...
2026-08-14 05:53:40.419 [info] Got 1 sessions for ...
2026-08-14 05:53:40.424 [info] Getting sessions for read:user,user:email...
2026-08-14 05:53:40.424 [info] Got 0 sessions for read:user,user:email...
2026-08-14 05:53:40.473 [info] Getting sessions for all scopes...
2026-08-14 05:53:40.473 [info] Got 1 sessions for ...
2026-08-14 05:53:40.482 [info] Getting sessions for read:user,repo,user:email,workflow...
2026-08-14 05:53:40.482 [info] Got 1 sessions for read:user,repo,user:email,workflow...
2026-08-14 05:53:40.518 [info] Getting sessions for read:user,repo,user:email,workflow...
2026-08-14 05:53:40.518 [info] Got 1 sessions for read:user,repo,user:email,workflow...
2026-08-14 05:53:40.881 [info] Getting sessions for all scopes...
2026-08-14 05:53:40.881 [info] Got 1 sessions for ...
2026-08-14 05:53:40.881 [info] Getting sessions for all scopes...
2026-08-14 05:53:40.881 [info] Got 1 sessions for ...
2026-08-14 05:53:40.902 [info] Getting sessions for read:user,repo,user:email,workflow...
2026-08-14 05:53:40.902 [info] Got 1 sessions for read:user,repo,user:email,workflow...
2026-08-14 05:53:40.930 [info] Getting sessions for all scopes...
2026-08-14 05:53:40.930 [info] Got 1 sessions for ...
2026-08-14 05:53:40.954 [info] Getting sessions for all scopes...
2026-08-14 05:53:40.954 [info] Got 1 sessions for ...
2026-08-14 05:53:41.041 [info] Getting sessions for all scopes...
2026-08-14 05:53:41.041 [info] Got 1 sessions for ...
2026-08-14 05:53:41.064 [info] Getting sessions for all scopes...
2026-08-14 05:53:41.064 [info] Got 1 sessions for ...
2026-08-14 05:53:41.070 [info] Getting sessions for all scopes...
2026-08-14 05:53:41.070 [info] Got 1 sessions for ...
2026-08-14 05:53:41.076 [info] Getting sessions for read:user,repo,user:email,workflow...
2026-08-14 05:53:41.076 [info] Got 1 sessions for read:user,repo,user:email,workflow...
2026-08-14 05:53:41.113 [info] Getting sessions for all scopes...
2026-08-14 05:53:41.113 [info] Got 1 sessions for ...
2026-08-14 05:53:41.113 [info] Getting sessions for read:user,repo,user:email,workflow...
2026-08-14 05:53:41.113 [info] Got 1 sessions for read:user,repo,user:email,workflow...
2026-08-14 05:53:41.213 [info] Getting sessions for all scopes...
2026-08-14 05:53:41.213 [info] Got 1 sessions for ...
2026-08-14 05:53:41.214 [info] Getting sessions for read:user,repo,user:email,workflow...
2026-08-14 05:53:41.214 [info] Got 1 sessions for read:user,repo,user:email,workflow...
2026-08-14 05:53:41.259 [info] Getting sessions for all scopes...
2026-08-14 05:53:41.259 [info] Got 1 sessions for ...
2026-08-14 05:53:41.267 [info] Getting sessions for read:user,repo,user:email,workflow...
2026-08-14 05:53:41.267 [info] Got 1 sessions for read:user,repo,user:email,workflow...
2026-08-14 05:53:41.975 [info] Getting sessions for read:user,user:email...
2026-08-14 05:53:41.975 [info] Got 0 sessions for read:user,user:email...
2026-08-14 05:53:41.976 [info] Getting sessions for read:user,user:email...
2026-08-14 05:53:41.976 [info] Got 0 sessions for read:user,user:email...
2026-08-14 05:53:41.976 [info] Getting sessions for all scopes...
2026-08-14 05:53:41.976 [info] Got 1 sessions for ...
2026-08-14 05:53:41.976 [info] Getting sessions for all scopes...
2026-08-14 05:53:41.976 [info] Got 1 sessions for ...
2026-08-14 05:53:42.746 [info] Getting sessions for repo...
2026-08-14 05:53:42.746 [info] Got 0 sessions for repo...
2026-08-14 05:53:42.746 [info] Getting sessions for repo...
2026-08-14 05:53:42.746 [info] Got 0 sessions for repo...
2026-08-14 05:53:42.746 [info] Getting sessions for repo...
2026-08-14 05:53:42.746 [info] Got 0 sessions for repo...
2026-08-14 05:53:42.748 [info] Getting sessions for all scopes...
2026-08-14 05:53:42.748 [info] Got 1 sessions for ...
2026-08-14 05:53:42.748 [info] Getting sessions for all scopes...
2026-08-14 05:53:42.748 [info] Got 1 sessions for ...
2026-08-14 05:53:42.748 [info] Getting sessions for all scopes...
2026-08-14 05:53:42.748 [info] Got 1 sessions for ...
2026-08-14 05:53:42.750 [info] Getting sessions for read:user,user:email...
2026-08-14 05:53:42.750 [info] Got 0 sessions for read:user,user:email...
2026-08-14 05:53:42.751 [info] Getting sessions for read:user,user:email...
2026-08-14 05:53:42.751 [info] Got 0 sessions for read:user,user:email...
2026-08-14 05:53:42.751 [info] Getting sessions for read:user,user:email...
2026-08-14 05:53:42.751 [info] Got 0 sessions for read:user,user:email...
2026-08-14 05:53:42.751 [info] Getting sessions for all scopes...
2026-08-14 05:53:42.751 [info] Got 1 sessions for ...
2026-08-14 05:53:42.751 [info] Getting sessions for all scopes...
2026-08-14 05:53:42.751 [info] Got 1 sessions for ...
2026-08-14 05:53:42.751 [info] Getting sessions for all scopes...
2026-08-14 05:53:42.751 [info] Got 1 sessions for ...
2026-08-14 05:53:42.751 [info] Getting sessions for repo...
2026-08-14 05:53:42.751 [info] Got 0 sessions for repo...
2026-08-14 05:53:42.751 [info] Getting sessions for repo...
2026-08-14 05:53:42.751 [info] Got 0 sessions for repo...
2026-08-14 05:53:42.751 [info] Getting sessions for repo...
2026-08-14 05:53:42.751 [info] Got 0 sessions for repo...
2026-08-14 05:53:42.751 [info] Getting sessions for all scopes...
2026-08-14 05:53:42.751 [info] Got 1 sessions for ...
2026-08-14 05:53:42.751 [info] Getting sessions for all scopes...
2026-08-14 05:53:42.751 [info] Got 1 sessions for ...
2026-08-14 05:53:42.751 [info] Getting sessions for all scopes...
2026-08-14 05:53:42.751 [info] Got 1 sessions for ...
2026-08-14 05:53:43.240 [info] Getting sessions for read:user,user:email...
2026-08-14 05:53:43.240 [info] Got 0 sessions for read:user,user:email...
2026-08-14 05:53:43.244 [info] Getting sessions for all scopes...
2026-08-14 05:53:43.244 [info] Got 1 sessions for ...
2026-08-14 05:53:43.246 [info] Getting sessions for repo...
2026-08-14 05:53:43.246 [info] Got 0 sessions for repo...
2026-08-14 05:53:43.247 [info] Getting sessions for all scopes...
2026-08-14 05:53:43.247 [info] Got 1 sessions for ...
2026-08-14 05:53:43.248 [info] Getting sessions for read:user,user:email...
2026-08-14 05:53:43.248 [info] Got 0 sessions for read:user,user:email...
2026-08-14 05:53:43.248 [info] Getting sessions for all scopes...
2026-08-14 05:53:43.248 [info] Got 1 sessions for ...
2026-08-14 05:53:43.249 [info] Getting sessions for repo...
2026-08-14 05:53:43.249 [info] Got 0 sessions for repo...
2026-08-14 05:53:43.250 [info] Getting sessions for all scopes...
2026-08-14 05:53:43.250 [info] Got 1 sessions for ...
2026-08-14 05:54:25.764 [info] Reading sessions from keychain...
2026-08-14 05:54:25.764 [info] Got stored sessions!
2026-08-14 05:54:25.764 [info] Got 1 verified sessions.
2026-08-14 05:54:25.764 [info] Getting sessions for all scopes...
2026-08-14 05:54:25.764 [info] Got 1 sessions for ...
2026-08-14 05:54:25.764 [info] Getting sessions for all scopes...
2026-08-14 05:54:25.764 [info] Got 1 sessions for ...
2026-08-14 05:54:25.764 [info] Getting sessions for all scopes...
2026-08-14 05:54:25.764 [info] Got 1 sessions for ...
2026-08-14 05:54:25.764 [info] Getting sessions for all scopes...
2026-08-14 05:54:25.764 [info] Got 1 sessions for ...
2026-08-14 05:54:25.764 [info] Getting sessions for all scopes...
2026-08-14 05:54:25.764 [info] Got 1 sessions for ...
2026-08-14 05:54:25.764 [info] Getting sessions for all scopes...
2026-08-14 05:54:25.764 [info] Got 1 sessions for ...
2026-08-14 05:54:25.764 [info] Getting sessions for all scopes...
2026-08-14 05:54:25.764 [info] Got 1 sessions for ...
2026-08-14 05:54:25.769 [info] Getting sessions for read:user,repo,user:email,workflow...
2026-08-14 05:54:25.769 [info] Got 1 sessions for read:user,repo,user:email,workflow...
2026-08-14 05:54:25.810 [info] Getting sessions for all scopes...
2026-08-14 05:54:25.810 [info] Got 1 sessions for ...
2026-08-14 05:54:26.069 [info] Getting sessions for read:user,repo,user:email,workflow...
2026-08-14 05:54:26.069 [info] Got 1 sessions for read:user,repo,user:email,workflow...
2026-08-14 05:54:26.073 [info] Getting sessions for all scopes...
2026-08-14 05:54:26.073 [info] Got 1 sessions for ...
2026-08-14 05:54:26.073 [info] Getting sessions for all scopes...
2026-08-14 05:54:26.073 [info] Got 1 sessions for ...
2026-08-14 05:54:26.102 [info] Getting sessions for read:user,repo,user:email,workflow...
2026-08-14 05:54:26.102 [info] Got 1 sessions for read:user,repo,user:email,workflow...
2026-08-14 05:54:26.169 [info] Getting sessions for read:user,repo,user:email,workflow...
2026-08-14 05:54:26.169 [info] Got 1 sessions for read:user,repo,user:email,workflow...
2026-08-14 05:54:26.519 [info] Getting sessions for all scopes...
2026-08-14 05:54:26.519 [info] Got 1 sessions for ...
2026-08-14 05:54:26.519 [info] Getting sessions for all scopes...
2026-08-14 05:54:26.519 [info] Got 1 sessions for ...
2026-08-14 05:54:26.532 [info] Getting sessions for read:user,repo,user:email,workflow...
2026-08-14 05:54:26.532 [info] Got 1 sessions for read:user,repo,user:email,workflow...
2026-08-14 05:54:26.661 [info] FetcherService: Electron fetch failed with status: 429 
2026-08-14 05:54:26.665 [info] Unable to resolve optional EDU details. Status: 429 
2026-08-14 05:54:26.674 [info] Getting sessions for all scopes...
2026-08-14 05:54:26.674 [info] Got 1 sessions for ...
2026-08-14 05:54:26.674 [info] Getting sessions for all scopes...
2026-08-14 05:54:26.674 [info] Got 1 sessions for ...
2026-08-14 05:54:26.679 [info] Getting sessions for read:user,repo,user:email,workflow...
2026-08-14 05:54:26.679 [info] Got 1 sessions for read:user,repo,user:email,workflow...
2026-08-14 05:54:26.711 [info] Getting sessions for all scopes...
2026-08-14 05:54:26.711 [info] Got 1 sessions for ...
2026-08-14 05:54:26.712 [info] Getting sessions for read:user,repo,user:email,workflow...
2026-08-14 05:54:26.712 [info] Got 1 sessions for read:user,repo,user:email,workflow...
2026-08-14 05:54:26.730 [info] Getting sessions for all scopes...
2026-08-14 05:54:26.730 [info] Got 1 sessions for ...
2026-08-14 05:54:26.734 [info] Getting sessions for read:user,repo,user:email,workflow...
2026-08-14 05:54:26.734 [info] Got 1 sessions for read:user,repo,user:email,workflow...
2026-08-14 05:54:26.816 [info] Getting sessions for all scopes...
2026-08-14 05:54:26.816 [info] Got 1 sessions for ...
2026-08-14 05:54:26.816 [info] Getting sessions for read:user,repo,user:email,workflow...
2026-08-14 05:54:26.816 [info] Got 1 sessions for read:user,repo,user:email,workflow...
2026-08-14 05:54:26.818 [info] Getting sessions for all scopes...
2026-08-14 05:54:26.818 [info] Got 1 sessions for ...
2026-08-14 05:54:26.818 [info] Getting sessions for read:user,repo,user:email,workflow...
2026-08-14 05:54:26.818 [info] Got 1 sessions for read:user,repo,user:email,workflow...
2026-08-14 05:56:51.243 [info] Getting sessions for all scopes...
2026-08-14 05:56:51.243 [info] Got 1 sessions for ...
2026-08-14 05:56:51.244 [info] Getting sessions for read:user,repo,user:email,workflow...
2026-08-14 05:56:51.244 [info] Got 1 sessions for read:user,repo,user:email,workflow...
2026-08-14 05:56:51.490 [info] Getting sessions for all scopes...
2026-08-14 05:56:51.491 [info] Got 1 sessions for ...
2026-08-14 05:56:51.491 [info] Getting sessions for read:user,repo,user:email,workflow...
2026-08-14 05:56:51.491 [info] Got 1 sessions for read:user,repo,user:email,workflow...
2026-08-14 06:00:52.753 [info] Getting sessions for all scopes...
2026-08-14 06:00:52.753 [info] Got 1 sessions for ...
2026-08-14 06:00:52.753 [info] Getting sessions for all scopes...
2026-08-14 06:00:52.753 [info] Got 1 sessions for ...
2026-08-14 06:09:55.890 [info] Getting sessions for all scopes...
2026-08-14 06:09:55.890 [info] Got 1 sessions for ...
2026-08-14 06:09:55.890 [info] Getting sessions for all scopes...
2026-08-14 06:09:55.890 [info] Got 1 sessions for ...
2026-08-14 06:10:27.398 [info] Getting sessions for all scopes...
2026-08-14 06:10:27.398 [info] Got 1 sessions for ...
2026-08-14 06:10:27.398 [info] Getting sessions for all scopes...
2026-08-14 06:10:27.398 [info] Got 1 sessions for ...
2026-08-14 06:11:15.944 [info] Getting sessions for all scopes...
2026-08-14 06:11:15.944 [info] Got 1 sessions for ...
2026-08-14 06:11:15.945 [info] Getting sessions for all scopes...
2026-08-14 06:11:15.945 [info] Got 1 sessions for ...
2026-08-14 06:12:16.880 [info] Getting sessions for all scopes...
2026-08-14 06:12:16.880 [info] Got 1 sessions for ...
2026-08-14 06:12:16.881 [info] Getting sessions for read:user,repo,user:email,workflow...
2026-08-14 06:12:16.881 [info] Got 1 sessions for read:user,repo,user:email,workflow...
2026-08-14 06:12:17.093 [info] Getting sessions for all scopes...
2026-08-14 06:12:17.093 [info] Got 1 sessions for ...
2026-08-14 06:12:17.093 [info] Getting sessions for read:user,repo,user:email,workflow...
2026-08-14 06:12:17.093 [info] Got 1 sessions for read:user,repo,user:email,workflow...
2026-08-14 06:13:34.483 [info] Getting sessions for all scopes...
2026-08-14 06:13:34.484 [info] Got 1 sessions for ...
2026-08-14 06:13:34.484 [info] Getting sessions for all scopes...
2026-08-14 06:13:34.484 [info] Got 1 sessions for ...
2026-08-14 06:13:42.856 [info] Getting sessions for all scopes...
2026-08-14 06:13:42.856 [info] Got 1 sessions for ...
2026-08-14 06:13:42.869 [info] Getting sessions for all scopes...
2026-08-14 06:13:42.869 [info] Got 1 sessions for ...
2026-08-14 06:15:10.577 [info] Getting sessions for read:org,user:email...
2026-08-14 06:15:10.577 [info] Got 0 sessions for read:org,user:email...
2026-08-14 06:15:10.580 [info] Getting sessions for all scopes...
2026-08-14 06:15:10.580 [info] Got 1 sessions for ...
2026-08-14 06:15:10.580 [info] Getting sessions for read:org,user:email...
2026-08-14 06:15:10.580 [info] Got 0 sessions for read:org,user:email...
2026-08-14 06:15:10.580 [info] Getting sessions for all scopes...
2026-08-14 06:15:10.580 [info] Got 1 sessions for ...
2026-08-14 06:15:10.581 [info] Logging in with 'any' account...
2026-08-14 06:15:10.581 [info] Logging in for the following scopes: read:org user:email
2026-08-14 06:15:10.582 [info] Trying with local server... (read:org user:email)
2026-08-14 06:15:52.205 [error] User Cancelled
2026-08-14 06:15:58.225 [info] Trying without local server... (read:org user:email)
2026-08-14 06:16:14.112 [error] User Cancelled
2026-08-14 06:16:15.220 [info] Getting sessions for all scopes...
2026-08-14 06:16:15.220 [info] Got 1 sessions for ...
2026-08-14 06:16:15.232 [info] Getting sessions for read:user,repo,user:email,workflow...
2026-08-14 06:16:15.232 [info] Got 1 sessions for read:user,repo,user:email,workflow...
2026-08-14 06:16:31.950 [info] Getting sessions for all scopes...
2026-08-14 06:16:31.950 [info] Got 1 sessions for ...
2026-08-14 06:16:31.954 [info] Getting sessions for read:user,repo,user:email,workflow...
2026-08-14 06:16:31.954 [info] Got 1 sessions for read:user,repo,user:email,workflow...
2026-08-14 06:16:32.257 [info] Getting sessions for all scopes...
2026-08-14 06:16:32.257 [info] Got 1 sessions for ...
2026-08-14 06:16:32.257 [info] Getting sessions for all scopes...
2026-08-14 06:16:32.257 [info] Got 1 sessions for ...
2026-08-14 06:16:32.258 [info] Getting sessions for read:user,repo,user:email,workflow...
2026-08-14 06:16:32.258 [info] Got 1 sessions for read:user,repo,user:email,workflow...
2026-08-14 06:18:47.688 [info] Getting sessions for all scopes...
2026-08-14 06:18:47.688 [info] Got 1 sessions for ...
2026-08-14 06:18:47.688 [info] Getting sessions for all scopes...
2026-08-14 06:18:47.688 [info] Got 1 sessions for ...
2026-08-14 06:37:52.579 [info] Getting sessions for all scopes...
2026-08-14 06:37:52.579 [info] Got 1 sessions for ...
2026-08-14 06:37:52.579 [info] Getting sessions for all scopes...
2026-08-14 06:37:52.579 [info] Got 1 sessions for ...
2026-08-14 06:39:35.311 [info] Getting sessions for all scopes...
2026-08-14 06:39:35.312 [info] Got 1 sessions for ...
2026-08-14 06:39:35.314 [info] Getting sessions for all scopes...
2026-08-14 06:39:35.314 [info] Got 1 sessions for ...
2026-08-14 06:39:50.681 [info] Getting sessions for all scopes...
2026-08-14 06:39:50.681 [info] Got 1 sessions for ...
2026-08-14 06:39:50.681 [info] Getting sessions for all scopes...
2026-08-14 06:39:50.681 [info] Got 1 sessions for ...
2026-08-14 06:40:02.457 [info] Getting sessions for all scopes...
2026-08-14 06:40:02.457 [info] Got 1 sessions for ...
2026-08-14 06:40:02.457 [info] Getting sessions for all scopes...
2026-08-14 06:40:02.457 [info] Got 1 sessions for ...
2026-08-14 06:40:06.254 [info] Getting sessions for all scopes...
2026-08-14 06:40:06.254 [info] Got 1 sessions for ...
2026-08-14 06:40:06.254 [info] Getting sessions for all scopes...
2026-08-14 06:40:06.254 [info] Got 1 sessions for ...
2026-08-14 06:40:07.552 [info] Getting sessions for all scopes...
2026-08-14 06:40:07.552 [info] Got 1 sessions for ...
2026-08-14 06:40:07.553 [info] Getting sessions for read:user,repo,user:email,workflow...
2026-08-14 06:40:07.553 [info] Got 1 sessions for read:user,repo,user:email,workflow...
2026-08-14 06:40:07.746 [info] Getting sessions for all scopes...
2026-08-14 06:40:07.746 [info] Got 1 sessions for ...
2026-08-14 06:40:07.747 [info] Getting sessions for read:user,repo,user:email,workflow...
2026-08-14 06:40:07.747 [info] Got 1 sessions for read:user,repo,user:email,workflow...
2026-08-14 06:40:48.337 [info] Getting sessions for all scopes...
2026-08-14 06:40:48.337 [info] Got 1 sessions for ...
2026-08-14 06:40:48.337 [info] Getting sessions for all scopes...
2026-08-14 06:40:48.337 [info] Got 1 sessions for ...
2026-08-14 06:40:51.584 [info] Getting sessions for all scopes...
2026-08-14 06:40:51.584 [info] Got 1 sessions for ...
2026-08-14 06:40:51.584 [info] Getting sessions for all scopes...
2026-08-14 06:40:51.584 [info] Got 1 sessions for ...
2026-08-14 06:41:33.034 [info] Getting sessions for all scopes...
2026-08-14 06:41:33.034 [info] Got 1 sessions for ...
2026-08-14 06:41:33.034 [info] Getting sessions for all scopes...
2026-08-14 06:41:33.034 [info] Got 1 sessions for ...
2026-08-14 06:41:45.907 [info] Getting sessions for all scopes...
2026-08-14 06:41:45.907 [info] Got 1 sessions for ...
2026-08-14 06:41:45.907 [info] Getting sessions for all scopes...
2026-08-14 06:41:45.907 [info] Got 1 sessions for ...
2026-08-14 06:49:26.597 [info] Getting sessions for all scopes...
2026-08-14 06:49:26.597 [info] Got 1 sessions for ...
2026-08-14 06:49:26.597 [info] Getting sessions for read:user,repo,user:email,workflow...
2026-08-14 06:49:26.597 [info] Got 1 sessions for read:user,repo,user:email,workflow...
2026-08-14 06:49:26.871 [info] Getting sessions for all scopes...
2026-08-14 06:49:26.871 [info] Got 1 sessions for ...
2026-08-14 06:49:26.871 [info] Getting sessions for all scopes...
2026-08-14 06:49:26.871 [info] Got 1 sessions for ...
2026-08-14 06:49:26.872 [info] Getting sessions for read:user,repo,user:email,workflow...
2026-08-14 06:49:26.872 [info] Got 1 sessions for read:user,repo,user:email,workflow...
2026-08-14 06:50:23.539 [info] Getting sessions for all scopes...
2026-08-14 06:50:23.539 [info] Got 1 sessions for ...
2026-08-14 06:50:23.540 [info] Getting sessions for all scopes...
2026-08-14 06:50:23.540 [info] Got 1 sessions for ...
2026-08-14 06:50:39.353 [info] Getting sessions for all scopes...
2026-08-14 06:50:39.353 [info] Got 1 sessions for ...
2026-08-14 06:50:39.353 [info] Getting sessions for all scopes...
2026-08-14 06:50:39.353 [info] Got 1 sessions for ...
2026-08-14 06:50:41.193 [info] Getting sessions for all scopes...
2026-08-14 06:50:41.193 [info] Got 1 sessions for ...
2026-08-14 06:50:41.193 [info] Getting sessions for all scopes...
2026-08-14 06:50:41.193 [info] Got 1 sessions for ...
2026-08-14 06:50:42.093 [info] Getting sessions for all scopes...
2026-08-14 06:50:42.093 [info] Got 1 sessions for ...
2026-08-14 06:50:42.094 [info] Getting sessions for read:user,repo,user:email,workflow...
2026-08-14 06:50:42.094 [info] Got 1 sessions for read:user,repo,user:email,workflow...
2026-08-14 06:50:42.297 [info] Getting sessions for all scopes...
2026-08-14 06:50:42.297 [info] Got 1 sessions for ...
2026-08-14 06:50:42.297 [info] Getting sessions for read:user,repo,user:email,workflow...
2026-08-14 06:50:42.297 [info] Got 1 sessions for read:user,repo,user:email,workflow...
2026-08-14 06:50:51.737 [info] Getting sessions for all scopes...
2026-08-14 06:50:51.737 [info] Got 1 sessions for ...
2026-08-14 06:50:51.737 [info] Getting sessions for all scopes...
2026-08-14 06:50:51.737 [info] Got 1 sessions for ...
2026-08-14 06:54:09.953 [info] Getting sessions for all scopes...
2026-08-14 06:54:09.953 [info] Got 1 sessions for ...
2026-08-14 06:54:09.956 [info] Getting sessions for all scopes...
2026-08-14 06:54:09.956 [info] Got 1 sessions for ...
2026-08-14 06:54:11.557 [info] Getting sessions for read:user,user:email...
2026-08-14 06:54:11.557 [info] Got 0 sessions for read:user,user:email...
2026-08-14 06:54:11.557 [info] Getting sessions for read:user,user:email...
2026-08-14 06:54:11.557 [info] Got 0 sessions for read:user,user:email...
2026-08-14 06:54:11.558 [info] Getting sessions for all scopes...
2026-08-14 06:54:11.558 [info] Got 1 sessions for ...
2026-08-14 06:54:11.558 [info] Getting sessions for all scopes...
2026-08-14 06:54:11.558 [info] Got 1 sessions for ...
2026-08-14 06:54:11.558 [info] Getting sessions for repo...
2026-08-14 06:54:11.558 [info] Got 0 sessions for repo...
2026-08-14 06:54:11.558 [info] Getting sessions for repo...
2026-08-14 06:54:11.558 [info] Got 0 sessions for repo...
2026-08-14 06:54:11.558 [info] Getting sessions for all scopes...
2026-08-14 06:54:11.558 [info] Got 1 sessions for ...
2026-08-14 06:54:11.558 [info] Getting sessions for all scopes...
2026-08-14 06:54:11.558 [info] Got 1 sessions for ...
2026-08-14 06:54:11.558 [info] Getting sessions for read:user,user:email...
2026-08-14 06:54:11.558 [info] Got 0 sessions for read:user,user:email...
2026-08-14 06:54:11.558 [info] Getting sessions for read:user,user:email...
2026-08-14 06:54:11.558 [info] Got 0 sessions for read:user,user:email...
2026-08-14 06:54:11.558 [info] Getting sessions for all scopes...
2026-08-14 06:54:11.558 [info] Got 1 sessions for ...
2026-08-14 06:54:11.558 [info] Getting sessions for all scopes...
2026-08-14 06:54:11.558 [info] Got 1 sessions for ...
2026-08-14 06:54:11.558 [info] Getting sessions for repo...
2026-08-14 06:54:11.558 [info] Got 0 sessions for repo...
2026-08-14 06:54:11.558 [info] Getting sessions for repo...
2026-08-14 06:54:11.558 [info] Got 0 sessions for repo...
2026-08-14 06:54:11.558 [info] Getting sessions for all scopes...
2026-08-14 06:54:11.559 [info] Got 1 sessions for ...
2026-08-14 06:54:11.559 [info] Getting sessions for all scopes...
2026-08-14 06:54:11.559 [info] Got 1 sessions for ...
2026-08-14 07:01:56.885 [info] Getting sessions for all scopes...
2026-08-14 07:01:56.951 [info] Got 1 sessions for ...
2026-08-14 07:01:56.952 [info] Getting sessions for all scopes...
2026-08-14 07:01:56.952 [info] Got 1 sessions for ...
2026-08-14 07:01:57.776 [info] Getting sessions for all scopes...
2026-08-14 07:01:57.776 [info] Got 1 sessions for ...
2026-08-14 07:01:57.777 [info] Getting sessions for all scopes...
2026-08-14 07:01:57.777 [info] Got 1 sessions for ...
2026-08-14 07:01:59.287 [info] Getting sessions for all scopes...
2026-08-14 07:01:59.287 [info] Got 1 sessions for ...
2026-08-14 07:01:59.287 [info] Getting sessions for all scopes...
2026-08-14 07:01:59.287 [info] Got 1 sessions for ...
2026-08-14 07:02:06.580 [info] Getting sessions for all scopes...
2026-08-14 07:02:06.580 [info] Got 1 sessions for ...
2026-08-14 07:02:06.621 [info] Getting sessions for all scopes...
2026-08-14 07:02:06.621 [info] Got 1 sessions for ...
2026-08-14 07:02:06.808 [info] Getting sessions for all scopes...
2026-08-14 07:02:06.808 [info] Got 1 sessions for ...
2026-08-14 07:02:06.808 [info] Getting sessions for read:user,repo,user:email,workflow...
2026-08-14 07:02:06.808 [info] Got 1 sessions for read:user,repo,user:email,workflow...
2026-08-14 07:02:07.021 [info] Getting sessions for all scopes...
2026-08-14 07:02:07.021 [info] Got 1 sessions for ...
2026-08-14 07:02:07.022 [info] Getting sessions for read:user,repo,user:email,workflow...
2026-08-14 07:02:07.022 [info] Got 1 sessions for read:user,repo,user:email,workflow...
2026-08-14 07:03:42.078 [info] Getting sessions for all scopes...
2026-08-14 07:03:42.078 [info] Got 1 sessions for ...
2026-08-14 07:03:42.078 [info] Getting sessions for all scopes...
2026-08-14 07:03:42.078 [info] Got 1 sessions for ...
2026-08-14 07:04:50.835 [info] Getting sessions for all scopes...
2026-08-14 07:04:50.835 [info] Got 1 sessions for ...
2026-08-14 07:04:50.835 [info] Getting sessions for all scopes...
2026-08-14 07:04:50.835 [info] Got 1 sessions for ...
2026-08-14 07:04:53.246 [info] Getting sessions for all scopes...
2026-08-14 07:04:53.246 [info] Got 1 sessions for ...
2026-08-14 07:04:53.246 [info] Getting sessions for all scopes...
2026-08-14 07:04:53.246 [info] Got 1 sessions for ...
