    OpenRGB v0.9+ (git2182)
    Commit: 358fc7b0078158a8dfc80b226530c234dd5cf0fe from 2026-07-27 23:33:40 -0500
    Launched: 20260728_031950
====================================================================================================

[0         ][Info   ][NetworkClient] Connection attempt failed
[51        ][Info   ][DetectionManager] Saving detector settings
[52        ][Info   ]------------------------------------------------------
[52        ][Info   ]|               Start device detection               |
[52        ][Info   ]------------------------------------------------------
[76        ][Info   ]------------------------------------------------------
[76        ][Info   ]|             Detecting I2C interfaces               |
[76        ][Info   ]------------------------------------------------------
[76        ][Info   ][DetectionManager] Registering I2C interface: NVIDIA i2c adapter 6 at 2b:00.0 (/dev/i2c-3) Device 10DE:2503 Subsystem: 1043:87F5
[76        ][Info   ][DetectionManager] Registering I2C interface: NVIDIA i2c adapter 3 at 2b:00.0 (/dev/i2c-1) Device 10DE:2503 Subsystem: 1043:87F5
[76        ][Info   ][DetectionManager] Registering I2C interface: SMBus PIIX4 adapter port 1 at 0b20 (/dev/i2c-8) Device 1022:790B Subsystem: 1462:7C56
[76        ][Info   ][DetectionManager] Registering I2C interface: SMBus PIIX4 adapter port 0 at 0b00 (/dev/i2c-6) Device 1022:790B Subsystem: 1462:7C56
[76        ][Info   ][DetectionManager] Registering I2C interface: NVIDIA i2c adapter 7 at 2b:00.0 (/dev/i2c-4) Device 10DE:2503 Subsystem: 1043:87F5
[77        ][Info   ][DetectionManager] Registering I2C interface: NVIDIA i2c adapter 5 at 2b:00.0 (/dev/i2c-2) Device 10DE:2503 Subsystem: 1043:87F5
[77        ][Info   ][DetectionManager] Registering I2C interface: NVIDIA i2c adapter 1 at 2b:00.0 (/dev/i2c-0) Device 10DE:2503 Subsystem: 1043:87F5
[77        ][Info   ][DetectionManager] Registering I2C interface: SMBus PIIX4 adapter port 2 at 0b00 (/dev/i2c-7) Device 1022:790B Subsystem: 1462:7C56
[77        ][Info   ][DetectionManager] Registering I2C interface: NVIDIA i2c adapter 8 at 2b:00.0 (/dev/i2c-5) Device 10DE:2503 Subsystem: 1043:87F5
[77        ][Info   ]------------------------------------------------------
[77        ][Info   ]|               Detecting I2C devices                |
[77        ][Info   ]------------------------------------------------------
[633       ][Info   ]------------------------------------------------------
[633       ][Info   ]|            Detecting I2C DRAM modules              |
[633       ][Info   ]------------------------------------------------------
[1443      ][Info   ][DetectionManager] Detected occupied slot 3, bus 3, type DDR4
[2725      ][Info   ][DetectionManager] Detected occupied slot 4, bus 3, type DDR4
[3788      ][Info   ]------------------------------------------------------
[3788      ][Info   ]|               Detecting I2C PCI devices            |
[3788      ][Info   ]------------------------------------------------------
[3811      ][Info   ][DetectionManager] HID device connected: [1532:051c - /dev/hidraw13]
[3811      ][Info   ][DetectionManager] HID device connected: [1532:051c - /dev/hidraw13]
[3811      ][Info   ][DetectionManager] HID device connected: [1532:051c - /dev/hidraw13]
[3812      ][Info   ][DetectionManager] HID device connected: [256c:006d - /dev/hidraw2]
[3812      ][Info   ][DetectionManager] HID device connected: [256c:006d - /dev/hidraw2]
[3812      ][Info   ][DetectionManager] HID device connected: [256c:006d - /dev/hidraw2]
[3812      ][Info   ][DetectionManager] HID device connected: [256c:006d - /dev/hidraw2]
[3812      ][Info   ][DetectionManager] HID device connected: [256c:006d - /dev/hidraw4]
[3812      ][Info   ][DetectionManager] HID device connected: [256c:006d - /dev/hidraw4]
[3813      ][Info   ][DetectionManager] HID device connected: [256c:006d - /dev/hidraw4]
[3813      ][Info   ][DetectionManager] HID device connected: [0bda:4a10 - /dev/hidraw8]
[3813      ][Info   ][DetectionManager] HID device connected: [0bda:4a10 - /dev/hidraw8]
[3813      ][Info   ][DetectionManager] HID device connected: [0c76:1467 - /dev/hidraw7]
[3813      ][Info   ][DetectionManager] HID device connected: [1462:7c56 - /dev/hidraw5]
[3885      ][Info   ][DetectionManager] Registering RGB controller MSI MPG B550 GAMING PLUS (MS-7C56)
[3895      ][Info   ][DetectionManager] HID device connected: [303a:4005 - /dev/hidraw9]
[3896      ][Info   ][DetectionManager] HID device connected: [303a:4005 - /dev/hidraw9]
[3896      ][Info   ][DetectionManager] HID device connected: [303a:4005 - /dev/hidraw9]
[3896      ][Info   ][DetectionManager] HID device connected: [303a:4005 - /dev/hidraw9]
[3896      ][Info   ][DetectionManager] HID device connected: [eeef:2828 - /dev/hidraw10]
[3896      ][Info   ][DetectionManager] HID device connected: [eeef:2828 - /dev/hidraw11]
[3897      ][Info   ][DetectionManager] HID device connected: [0c45:8009 - /dev/hidraw12]
[3897      ][Info   ][DetectionManager] HID device connected: [0c45:8009 - /dev/hidraw14]
[3897      ][Info   ][DetectionManager] HID device connected: [0c45:8009 - /dev/hidraw14]
[3897      ][Info   ][DetectionManager] HID device connected: [0c45:8009 - /dev/hidraw14]
[3897      ][Info   ][DetectionManager] HID device connected: [0c45:8009 - /dev/hidraw14]
[3897      ][Info   ][DetectionManager] HID device connected: [0c45:8009 - /dev/hidraw14]
[3898      ][Info   ][DetectionManager] HID device connected: [0c45:8009 - /dev/hidraw15]
[3898      ][Info   ][DetectionManager] HID device connected: [0c45:8009 - /dev/hidraw16]
[3898      ][Info   ][DetectionManager] HID device connected: [046d:c08b - /dev/hidraw17]
[3898      ][Info   ][DetectionManager] HID device connected: [046d:c08b - /dev/hidraw18]
[3898      ][Info   ][DetectionManager] HID device connected: [046d:c08b - /dev/hidraw18]
[3899      ][Info   ][DetectionManager] HID device connected: [046d:c08b - /dev/hidraw18]
[3899      ][Info   ][DetectionManager] HID device connected: [046d:c08b - /dev/hidraw18]
[3899      ][Info   ][DetectionManager] HID device connected: [046d:c08b - /dev/hidraw18]
[4300      ][Info   ][DetectionManager] Registering RGB controller G502 HERO Gaming Mouse
[4301      ][Info   ][DetectionManager] HID device connected: [256c:006d - /dev/hidraw0]
[4302      ][Info   ][DetectionManager] HID device connected: [256c:006d - /dev/hidraw0]
[4302      ][Info   ][DetectionManager] HID device connected: [256c:006d - /dev/hidraw0]
[4302      ][Info   ][DetectionManager] HID device connected: [256c:006d - /dev/hidraw0]
[4302      ][Info   ][DetectionManager] HID device connected: [256c:006d - /dev/hidraw1]
[4302      ][Info   ][DetectionManager] HID device connected: [8087:1024 - /dev/hidraw3]
[4303      ][Info   ][DetectionManager] HID device connected: [2dc8:301c - /dev/hidraw6]
[4364      ][Info   ][DetectionManager] libusb HID device connected: [2dc8:301c - 3-4:1.0]
[4365      ][Info   ][DetectionManager] libusb HID device connected: [8087:1024 - 3-3:1.2]
[4365      ][Info   ][DetectionManager] libusb HID device connected: [256c:006d - 3-1:1.0]
[4365      ][Info   ][DetectionManager] libusb HID device connected: [256c:006d - 3-1:1.1]
[4365      ][Info   ][DetectionManager] libusb HID device connected: [046d:c08b - 5-3.4:1.0]
[4365      ][Info   ][DetectionManager] libusb HID device connected: [046d:c08b - 5-3.4:1.1]
[4366      ][Info   ][DetectionManager] libusb HID device connected: [0c45:8009 - 5-3.3:1.0]
[4366      ][Info   ][DetectionManager] libusb HID device connected: [0c45:8009 - 5-3.3:1.1]
[4366      ][Info   ][DetectionManager] libusb HID device connected: [0c45:8009 - 5-3.3:1.2]
[4366      ][Info   ][DetectionManager] libusb HID device connected: [0c45:8009 - 5-3.3:1.3]
[4366      ][Info   ][DetectionManager] libusb HID device connected: [eeef:2828 - 5-2.2:1.0]
[4366      ][Info   ][DetectionManager] libusb HID device connected: [eeef:2828 - 5-2.2:1.1]
[4367      ][Info   ][DetectionManager] libusb HID device connected: [303a:4005 - 1-9:1.2]
[4367      ][Info   ][DetectionManager] libusb HID device connected: [1462:7c56 - 1-7:1.0]
[4367      ][Info   ][DetectionManager] libusb HID device connected: [0c76:1467 - 1-6:1.2]
[4367      ][Info   ][DetectionManager] libusb HID device connected: [0bda:4a10 - 1-5.1:1.2]
[4367      ][Info   ][DetectionManager] libusb HID device connected: [256c:006d - 1-3:1.0]
[4368      ][Info   ][DetectionManager] libusb HID device connected: [256c:006d - 1-3:1.1]
[4368      ][Info   ][DetectionManager] libusb HID device connected: [256c:006d - 1-3:1.2]
[4368      ][Info   ][DetectionManager] libusb HID device connected: [1532:051c - 1-10:1.5]
[4368      ][Info   ]------------------------------------------------------
[4368      ][Info   ]|            Detecting libusb HID devices            |
[4368      ][Info   ]------------------------------------------------------
[4394      ][Info   ]------------------------------------------------------
[4394      ][Info   ]|              Detecting other devices               |
[4394      ][Info   ]------------------------------------------------------
[4436      ][Info   ]------------------------------------------------------
[4436      ][Info   ]|                Detection completed                 |
[4436      ][Info   ]------------------------------------------------------
[4436      ][Dialog ]<h2>Warning:</h2><p>One or more I2C/SMBus interfaces failed to initialize.</p><p>Depending on which interfaces failed to initialize, some RGB DRAM modules, some motherboards' onboard RGB lighting, and RGB graphics cards may not be available in OpenRGB.</p><p>On Linux, this is usually because the i2c-dev module is not loaded.</p><p>For OpenRGB to access these devices, you must load the i2c-dev module along with the correct I2C driver module for your motherboard. This is usually i2c-piix4 for AMD systems and i2c-i801 for Intel systems.</p><p>If you are not using any of the devices listed above, you can safely ignore this message.</p>
[22779     ][Info   ][OpenRGBEffectsPlugin] version 0.9+ (git118) (8f3c70ebeb99c8e8ba4ef0272d52e0f333ff8d90), build date 2026-07-20 08:31:31 -0500
[22779     ][Info   ][OpenRGBEffectsPlugin] 58 effects registered
[22785     ][Info   ][OpenRGBHardwareSyncPlugin] version 0.9+ (git29) (0f6eff51d1ca197c7caaf8c19707716faafdc4c8), build date 2026-07-14 00:21:50 -0500
[22812     ][Warning][PluginManager] Plugin /usr/lib/openrgb/plugins/libOpenRGBSkinPlugin.so does not have a MetaData field, skipping.
[501183    ][Info   ][OpenRGBEffectsPlugin] Unloading
[501221    ][Info   ][OpenRGBHardwareSyncPlugin] Unloaded.
[501246    ][Info   ][DetectionManager] Cleaning up detected devices
