2026-08-14 04:44:34.086 [info] [aebc6443-996d-45c2-90f0-388ff96faa56] Native Broker enabled: false
2026-08-14 04:44:34.089 [info] [getSessions] [all] starting
2026-08-14 04:44:34.089 [info] [getSessions] [all] returned 0 session(s)
2026-08-14 04:44:34.089 [info] [getSessions] [all] starting
2026-08-14 04:44:34.089 [info] [getSessions] [all] returned 0 session(s)
2026-08-14 04:44:34.089 [info] [getSessions] [all] starting
2026-08-14 04:44:34.089 [info] [getSessions] [all] returned 0 session(s)
2026-08-14 04:44:34.089 [info] [getSessions] [499b84ac-1321-427f-aa17-267ca6975798/.default offline_access] starting
2026-08-14 04:44:34.089 [info] [aebc6443-996d-45c2-90f0-388ff96faa56] Native Broker enabled: false
2026-08-14 04:44:34.090 [info] [getSessions] [499b84ac-1321-427f-aa17-267ca6975798/.default offline_access] returned 0 session(s)
2026-08-14 04:44:34.522 [info] [getSessions] [499b84ac-1321-427f-aa17-267ca6975798/.default offline_access] starting
2026-08-14 04:44:34.522 [info] [getSessions] [499b84ac-1321-427f-aa17-267ca6975798/.default offline_access] returned 0 session(s)
2026-08-14 04:44:35.251 [info] [getSessions] [all] starting
2026-08-14 04:44:35.251 [info] [getSessions] [all] returned 0 session(s)
2026-08-14 04:46:46.750 [info] Microsoft Authentication is deactivating...
2026-08-14 04:46:48.314 [info] [aebc6443-996d-45c2-90f0-388ff96faa56] Native Broker enabled: false
2026-08-14 04:46:48.366 [info] [getSessions] [all] starting
2026-08-14 04:46:48.366 [info] [getSessions] [all] returned 0 session(s)
2026-08-14 04:46:48.366 [info] [getSessions] [all] starting
2026-08-14 04:46:48.366 [info] [getSessions] [all] returned 0 session(s)
2026-08-14 04:46:48.366 [info] [getSessions] [all] starting
2026-08-14 04:46:48.366 [info] [getSessions] [all] returned 0 session(s)
2026-08-14 04:46:49.145 [info] [getSessions] [499b84ac-1321-427f-aa17-267ca6975798/.default offline_access] starting
2026-08-14 04:46:49.145 [info] [aebc6443-996d-45c2-90f0-388ff96faa56] Native Broker enabled: false
2026-08-14 04:46:49.165 [info] [getSessions] [499b84ac-1321-427f-aa17-267ca6975798/.default offline_access] returned 0 session(s)
2026-08-14 04:54:18.648 [info] Microsoft Authentication is deactivating...
2026-08-14 04:54:25.111 [info] [aebc6443-996d-45c2-90f0-388ff96faa56] Native Broker enabled: false
2026-08-14 04:54:25.392 [info] [getSessions] [all] starting
2026-08-14 04:54:25.392 [info] [getSessions] [all] returned 0 session(s)
2026-08-14 04:54:25.392 [info] [getSessions] [all] starting
2026-08-14 04:54:25.392 [info] [getSessions] [all] returned 0 session(s)
2026-08-14 04:54:25.392 [info] [getSessions] [all] starting
2026-08-14 04:54:25.392 [info] [getSessions] [all] returned 0 session(s)
2026-08-14 04:54:25.401 [info] [getSessions] [499b84ac-1321-427f-aa17-267ca6975798/.default offline_access] starting
2026-08-14 04:54:25.401 [info] [aebc6443-996d-45c2-90f0-388ff96faa56] Native Broker enabled: false
2026-08-14 04:54:25.424 [info] [getSessions] [499b84ac-1321-427f-aa17-267ca6975798/.default offline_access] returned 0 session(s)
2026-08-14 04:54:25.815 [info] [getSessions] [499b84ac-1321-427f-aa17-267ca6975798/.default offline_access] starting
2026-08-14 04:54:25.815 [info] [getSessions] [499b84ac-1321-427f-aa17-267ca6975798/.default offline_access] returned 0 session(s)
