2026-07-21 05:38:56.805: [INFO] OnDoneLoading sync enabled: 0
2026-07-21 05:38:56.935: [INFO] RecordSyncInitDuration has_sync_been_enabled: 0 state: 0
2026-07-21 05:39:54.070: [INFO] RecordSyncInitDuration has_sync_been_enabled: 0 state: 0
2026-07-21 05:39:54.071: [INFO] RecordSyncInitDuration has_sync_been_enabled: 0 state: 3
2026-07-21 05:39:54.074: [INFO] Primary account changed.
2026-07-21 05:39:54.074: [INFO] OnPrimaryAccountChanged PrimaryAccountChangeEvent::Type::kSet
2026-07-21 05:39:58.031: [INFO] VisibilityChanged: 0
2026-07-21 05:41:25.356: [INFO] BookmarkNodeAdded, ABU: 0
2026-07-21 05:41:25.357: [INFO] BookmarkNodeAdded, ABU: 0
2026-07-21 05:41:25.357: [INFO] BookmarkNodeAdded, ABU: 0
2026-07-21 05:41:25.357: [INFO] BookmarkNodeAdded, ABU: 0
2026-07-21 05:41:25.357: [INFO] BookmarkNodeAdded, ABU: 0
2026-07-21 05:41:25.357: [INFO] BookmarkNodeAdded, ABU: 0
2026-07-21 05:41:25.357: [INFO] BookmarkNodeAdded, ABU: 0
2026-07-21 05:41:25.357: [INFO] BookmarkNodeAdded, ABU: 0
2026-07-21 05:41:25.357: [INFO] BookmarkNodeAdded, ABU: 0
2026-07-21 05:41:25.357: [INFO] BookmarkNodeAdded, ABU: 0
2026-07-21 05:41:25.357: [INFO] BookmarkNodeAdded, ABU: 0
2026-07-21 05:41:25.357: [INFO] BookmarkNodeAdded, ABU: 0
2026-07-21 05:41:25.357: [INFO] BookmarkNodeAdded, ABU: 0
2026-07-21 05:41:25.357: [INFO] BookmarkNodeAdded, ABU: 0
2026-07-21 05:41:25.357: [INFO] BookmarkNodeAdded, ABU: 0
2026-07-21 05:41:25.357: [INFO] BookmarkNodeAdded, ABU: 0
2026-07-21 05:41:25.357: [INFO] BookmarkNodeAdded, ABU: 0
2026-07-21 05:41:25.357: [INFO] BookmarkNodeAdded, ABU: 0
2026-07-21 05:41:25.357: [INFO] BookmarkNodeAdded, ABU: 0
2026-07-21 05:41:25.357: [INFO] BookmarkNodeAdded, ABU: 0
2026-07-21 05:41:25.357: [INFO] BookmarkNodeAdded, ABU: 0
2026-07-21 05:41:25.357: [INFO] BookmarkNodeAdded, ABU: 0
2026-07-21 05:41:25.357: [INFO] BookmarkNodeAdded, ABU: 0
2026-07-21 05:41:25.357: [INFO] BookmarkNodeAdded, ABU: 0
2026-07-21 05:41:25.357: [INFO] BookmarkNodeAdded, ABU: 0
2026-07-21 05:41:25.357: [INFO] BookmarkNodeAdded, ABU: 0
2026-07-21 05:41:25.357: [INFO] BookmarkNodeAdded, ABU: 0
2026-07-21 05:41:25.357: [INFO] BookmarkNodeAdded, ABU: 0
2026-07-21 05:41:25.358: [INFO] BookmarkNodeAdded, ABU: 0
2026-07-21 05:41:25.358: [INFO] BookmarkNodeAdded, ABU: 0
2026-07-21 05:41:25.358: [INFO] BookmarkNodeAdded, ABU: 0
2026-07-21 05:41:25.358: [INFO] BookmarkNodeAdded, ABU: 0
2026-07-21 05:41:25.358: [INFO] BookmarkNodeAdded, ABU: 0
2026-07-21 05:41:25.358: [INFO] BookmarkNodeAdded, ABU: 0
2026-07-21 05:41:25.358: [INFO] BookmarkNodeAdded, ABU: 0
2026-07-21 05:41:25.358: [INFO] BookmarkNodeAdded, ABU: 0
2026-07-21 05:41:25.358: [INFO] BookmarkNodeAdded, ABU: 0
2026-07-21 05:41:25.358: [INFO] BookmarkNodeAdded, ABU: 0
2026-07-21 05:41:25.358: [INFO] BookmarkNodeAdded, ABU: 0
2026-07-21 05:41:25.358: [INFO] BookmarkNodeAdded, ABU: 0
2026-07-21 05:41:25.358: [INFO] BookmarkNodeAdded, ABU: 0
2026-07-21 05:41:25.358: [INFO] BookmarkNodeAdded, ABU: 0
2026-07-21 05:41:25.358: [INFO] BookmarkNodeAdded, ABU: 0
2026-07-21 05:41:25.358: [INFO] BookmarkNodeAdded, ABU: 0
2026-07-21 05:41:25.358: [INFO] BookmarkNodeAdded, ABU: 0
2026-07-21 05:41:25.358: [INFO] BookmarkNodeAdded, ABU: 0
2026-07-21 05:41:25.358: [INFO] BookmarkNodeAdded, ABU: 0
2026-07-21 05:41:25.358: [INFO] BookmarkNodeAdded, ABU: 0
2026-07-21 05:41:25.358: [INFO] BookmarkNodeAdded, ABU: 0
2026-07-21 05:41:25.358: [INFO] BookmarkNodeAdded, ABU: 0
2026-07-21 05:41:25.358: [INFO] BookmarkNodeAdded, ABU: 0
2026-07-21 05:41:25.358: [INFO] BookmarkNodeAdded, ABU: 0
2026-07-21 05:41:25.358: [INFO] BookmarkNodeAdded, ABU: 0
2026-07-21 05:41:25.358: [INFO] BookmarkNodeAdded, ABU: 0
2026-07-21 05:41:25.358: [INFO] BookmarkNodeAdded, ABU: 0
2026-07-21 05:41:25.358: [INFO] BookmarkNodeAdded, ABU: 0
2026-07-21 05:41:25.358: [INFO] BookmarkNodeAdded, ABU: 0
2026-07-21 05:41:25.358: [INFO] BookmarkNodeAdded, ABU: 0
2026-07-21 05:41:25.359: [INFO] BookmarkNodeAdded, ABU: 0
2026-07-21 05:41:25.359: [INFO] BookmarkNodeAdded, ABU: 0
2026-07-21 05:41:25.359: [INFO] BookmarkNodeAdded, ABU: 0
2026-07-21 05:41:25.359: [INFO] BookmarkNodeAdded, ABU: 0
2026-07-21 05:41:25.359: [INFO] BookmarkNodeAdded, ABU: 0
2026-07-21 05:41:25.359: [INFO] BookmarkNodeAdded, ABU: 0
2026-07-21 05:41:25.359: [INFO] BookmarkNodeAdded, ABU: 0
2026-07-21 05:41:25.359: [INFO] BookmarkNodeAdded, ABU: 0
2026-07-21 05:41:25.359: [INFO] BookmarkNodeAdded, ABU: 0
2026-07-21 05:41:25.359: [INFO] BookmarkNodeAdded, ABU: 0
2026-07-21 05:41:25.359: [INFO] BookmarkNodeAdded, ABU: 0
2026-07-21 05:41:25.359: [INFO] BookmarkNodeAdded, ABU: 0
2026-07-21 05:41:25.359: [INFO] BookmarkNodeAdded, ABU: 0
2026-07-21 05:41:25.359: [INFO] BookmarkNodeAdded, ABU: 0
2026-07-21 05:41:25.359: [INFO] BookmarkNodeAdded, ABU: 0
2026-07-21 05:41:25.359: [INFO] BookmarkNodeAdded, ABU: 0
2026-07-21 05:41:25.359: [INFO] BookmarkNodeAdded, ABU: 0
2026-07-21 05:41:25.359: [INFO] BookmarkNodeAdded, ABU: 0
2026-07-21 05:41:25.359: [INFO] BookmarkNodeAdded, ABU: 0
2026-07-21 05:41:25.359: [INFO] BookmarkNodeAdded, ABU: 0
2026-07-21 05:41:25.359: [INFO] BookmarkNodeAdded, ABU: 0
2026-07-21 05:41:25.359: [INFO] BookmarkNodeAdded, ABU: 0
2026-07-21 05:41:25.359: [INFO] BookmarkNodeAdded, ABU: 0
2026-07-21 05:41:25.359: [INFO] BookmarkNodeAdded, ABU: 0
2026-07-21 05:41:25.359: [INFO] BookmarkNodeAdded, ABU: 0
2026-07-21 05:41:25.359: [INFO] BookmarkNodeAdded, ABU: 0
2026-07-21 05:41:25.360: [INFO] BookmarkNodeAdded, ABU: 0
2026-07-21 05:41:25.360: [INFO] BookmarkNodeAdded, ABU: 0
2026-07-21 05:41:25.360: [INFO] BookmarkNodeAdded, ABU: 0
2026-07-21 05:41:25.360: [INFO] BookmarkNodeAdded, ABU: 0
2026-07-21 05:41:25.360: [INFO] BookmarkNodeAdded, ABU: 0
2026-07-21 05:41:25.360: [INFO] BookmarkNodeAdded, ABU: 0
2026-07-21 05:41:25.360: [INFO] BookmarkNodeAdded, ABU: 0
2026-07-21 05:41:25.360: [INFO] BookmarkNodeAdded, ABU: 0
2026-07-21 05:41:25.360: [INFO] BookmarkNodeAdded, ABU: 0
2026-07-21 05:41:25.360: [INFO] BookmarkNodeAdded, ABU: 0
2026-07-21 05:41:25.360: [INFO] BookmarkNodeAdded, ABU: 0
2026-07-21 05:41:25.360: [INFO] BookmarkNodeAdded, ABU: 0
2026-07-21 05:41:25.360: [INFO] BookmarkNodeAdded, ABU: 0
2026-07-21 05:41:25.360: [INFO] BookmarkNodeAdded, ABU: 0
2026-07-21 05:41:25.360: [INFO] BookmarkNodeAdded, ABU: 0
2026-07-21 05:41:25.360: [INFO] BookmarkNodeAdded, ABU: 0
2026-07-21 05:41:25.360: [INFO] BookmarkNodeAdded, ABU: 0
2026-07-21 05:41:25.360: [INFO] BookmarkNodeAdded, ABU: 0
2026-07-21 05:41:25.360: [INFO] BookmarkNodeAdded, ABU: 0
2026-07-21 05:41:25.360: [INFO] BookmarkNodeAdded, ABU: 0
2026-07-21 05:41:25.360: [INFO] BookmarkNodeAdded, ABU: 0
2026-07-21 05:41:25.360: [INFO] BookmarkNodeAdded, ABU: 0
2026-07-21 05:41:25.360: [INFO] BookmarkNodeAdded, ABU: 0
2026-07-21 05:41:25.360: [INFO] BookmarkNodeAdded, ABU: 0
2026-07-21 05:41:25.360: [INFO] BookmarkNodeAdded, ABU: 0
2026-07-21 05:41:25.360: [INFO] BookmarkNodeAdded, ABU: 0
2026-07-21 05:41:25.360: [INFO] BookmarkNodeAdded, ABU: 0
2026-07-21 05:41:25.360: [INFO] BookmarkNodeAdded, ABU: 0
2026-07-21 05:41:25.360: [INFO] BookmarkNodeAdded, ABU: 0
2026-07-21 05:41:25.361: [INFO] BookmarkNodeAdded, ABU: 0
2026-07-21 05:41:25.361: [INFO] BookmarkNodeAdded, ABU: 0
2026-07-21 05:41:25.361: [INFO] BookmarkNodeAdded, ABU: 0
2026-07-21 05:41:25.361: [INFO] BookmarkNodeAdded, ABU: 0
2026-07-21 05:41:25.361: [INFO] BookmarkNodeAdded, ABU: 0
2026-07-21 05:41:25.361: [INFO] BookmarkNodeAdded, ABU: 0
2026-07-21 05:41:25.361: [INFO] BookmarkNodeAdded, ABU: 0
2026-07-21 05:41:25.361: [INFO] BookmarkNodeAdded, ABU: 0
2026-07-21 05:41:25.361: [INFO] BookmarkNodeAdded, ABU: 0
2026-07-21 05:41:25.361: [INFO] BookmarkNodeAdded, ABU: 0
2026-07-21 05:41:25.361: [INFO] BookmarkNodeAdded, ABU: 0
2026-07-21 05:41:25.361: [INFO] BookmarkNodeAdded, ABU: 0
2026-07-21 05:41:25.361: [INFO] BookmarkNodeAdded, ABU: 0
2026-07-21 05:41:25.361: [INFO] BookmarkNodeAdded, ABU: 0
2026-07-21 05:41:25.361: [INFO] BookmarkNodeAdded, ABU: 0
2026-07-21 05:41:25.361: [INFO] BookmarkNodeAdded, ABU: 0
2026-07-21 05:41:25.361: [INFO] BookmarkNodeAdded, ABU: 0
2026-07-21 05:41:25.361: [INFO] BookmarkNodeAdded, ABU: 0
2026-07-21 05:41:25.361: [INFO] BookmarkNodeAdded, ABU: 0
2026-07-21 05:41:25.361: [INFO] BookmarkNodeAdded, ABU: 0
2026-07-21 05:41:25.361: [INFO] BookmarkNodeAdded, ABU: 0
2026-07-21 05:41:25.361: [INFO] BookmarkNodeAdded, ABU: 0
2026-07-21 05:41:25.361: [INFO] BookmarkNodeAdded, ABU: 0
2026-07-21 05:41:25.361: [INFO] BookmarkNodeAdded, ABU: 0
2026-07-21 05:41:25.361: [INFO] BookmarkNodeAdded, ABU: 0
2026-07-21 05:41:25.361: [INFO] BookmarkNodeAdded, ABU: 0
2026-07-21 05:41:25.361: [INFO] BookmarkNodeAdded, ABU: 0
2026-07-21 05:41:25.361: [INFO] BookmarkNodeAdded, ABU: 0
2026-07-21 05:41:25.362: [INFO] BookmarkNodeAdded, ABU: 0
2026-07-21 05:41:25.362: [INFO] BookmarkNodeAdded, ABU: 0
2026-07-21 05:41:25.362: [INFO] BookmarkNodeAdded, ABU: 0
2026-07-21 05:41:25.362: [INFO] BookmarkNodeAdded, ABU: 0
2026-07-21 05:41:25.362: [INFO] BookmarkNodeAdded, ABU: 0
2026-07-21 05:41:25.362: [INFO] BookmarkNodeAdded, ABU: 0
2026-07-21 05:41:25.362: [INFO] BookmarkNodeAdded, ABU: 0
2026-07-21 05:41:25.362: [INFO] BookmarkNodeAdded, ABU: 0
2026-07-21 05:41:25.362: [INFO] BookmarkNodeAdded, ABU: 0
2026-07-21 05:41:25.362: [INFO] BookmarkNodeAdded, ABU: 0
2026-07-21 05:41:25.362: [INFO] BookmarkNodeAdded, ABU: 0
2026-07-21 05:41:25.362: [INFO] BookmarkNodeAdded, ABU: 0
2026-07-21 05:41:25.362: [INFO] BookmarkNodeAdded, ABU: 0
2026-07-21 05:41:25.362: [INFO] BookmarkNodeAdded, ABU: 0
2026-07-21 05:41:25.362: [INFO] BookmarkNodeAdded, ABU: 0
2026-07-21 05:41:25.362: [INFO] BookmarkNodeAdded, ABU: 0
2026-07-21 05:41:25.362: [INFO] BookmarkNodeAdded, ABU: 0
2026-07-21 05:41:25.362: [INFO] BookmarkNodeAdded, ABU: 0
2026-07-21 05:41:25.362: [INFO] BookmarkNodeAdded, ABU: 0
2026-07-21 05:41:25.362: [INFO] BookmarkNodeAdded, ABU: 0
2026-07-21 05:41:25.362: [INFO] BookmarkNodeAdded, ABU: 0
2026-07-21 05:41:25.362: [INFO] BookmarkNodeAdded, ABU: 0
2026-07-21 05:41:25.362: [INFO] BookmarkNodeAdded, ABU: 0
2026-07-21 05:41:25.362: [INFO] BookmarkNodeAdded, ABU: 0
2026-07-21 05:41:25.362: [INFO] BookmarkNodeAdded, ABU: 0
2026-07-21 05:41:25.362: [INFO] BookmarkNodeAdded, ABU: 0
2026-07-21 05:41:25.362: [INFO] BookmarkNodeAdded, ABU: 0
2026-07-21 05:41:25.362: [INFO] BookmarkNodeAdded, ABU: 0
2026-07-21 05:41:25.362: [INFO] BookmarkNodeAdded, ABU: 0
2026-07-21 05:41:25.362: [INFO] BookmarkNodeAdded, ABU: 0
2026-07-21 05:41:25.362: [INFO] BookmarkNodeAdded, ABU: 0
2026-07-21 05:41:25.362: [INFO] BookmarkNodeAdded, ABU: 0
2026-07-21 05:41:25.363: [INFO] BookmarkNodeAdded, ABU: 0
2026-07-21 05:41:25.363: [INFO] BookmarkNodeAdded, ABU: 0
2026-07-21 05:41:25.363: [INFO] BookmarkNodeAdded, ABU: 0
2026-07-21 05:41:25.363: [INFO] BookmarkNodeAdded, ABU: 0
2026-07-21 05:41:25.417: [INFO] VisibilityChanged: 1
2026-07-21 05:41:59.820: [INFO] Sync initialization duration: 125740ms
2026-07-21 05:42:53.168: [INFO] OnDoneLoading sync enabled: 1
2026-07-21 05:42:53.974: [INFO] Sync initialization duration: 20ms
2026-07-21 06:45:57.839: [INFO] VisibilityChanged: 0
2026-07-21 07:25:04.202: [INFO] VisibilityChanged: 1
2026-07-21 07:25:06.301: [INFO] VisibilityChanged: 0
2026-07-21 07:25:07.698: [INFO] VisibilityChanged: 1
2026-07-21 10:09:26.909: [INFO] OnDoneLoading sync enabled: 1
2026-07-21 10:09:27.578: [INFO] Sync initialization duration: 47ms
2026-07-21 10:26:31.521: [INFO] VisibilityChanged: 0
2026-07-21 10:26:51.813: [INFO] OnDoneLoading sync enabled: 1
2026-07-21 10:26:52.430: [INFO] Sync initialization duration: 24ms
2026-07-21 10:37:17.916: [INFO] VisibilityChanged: 0
2026-07-21 19:30:38.934: [INFO] VisibilityChanged: 0
2026-07-21 19:36:43.980: [INFO] OnDoneLoading sync enabled: 1
2026-07-21 19:36:44.619: [INFO] Sync initialization duration: 20ms
2026-07-21 20:13:16.367: [INFO] VisibilityChanged: 0
2026-07-21 20:43:03.636: [INFO] VisibilityChanged: 0
2026-07-21 20:44:31.253: [INFO] OnDoneLoading sync enabled: 1
2026-07-21 20:44:32.035: [INFO] Sync initialization duration: 26ms
2026-07-21 20:53:55.865: [INFO] VisibilityChanged: 0
2026-07-21 21:12:41.465: [INFO] VisibilityChanged: 1
2026-07-21 21:12:41.710: [INFO] VisibilityChanged: 0
2026-07-21 21:16:02.746: [INFO] VisibilityChanged: 1
2026-07-21 21:34:32.194: [INFO] VisibilityChanged: 0
2026-07-27 09:18:37.776: [INFO] OnDoneLoading sync enabled: 1
2026-07-27 09:18:38.390: [INFO] Sync initialization duration: 66ms
2026-07-27 09:18:40.951: [INFO] VisibilityChanged: 0
2026-07-27 09:18:43.281: [INFO] BookmarkNodeAdded, ABU: 0
2026-07-27 10:14:58.135: [INFO] VisibilityChanged: 0
2026-07-27 10:19:31.738: [INFO] OnDoneLoading sync enabled: 1
2026-07-27 10:19:32.305: [INFO] Sync initialization duration: 19ms
2026-07-27 10:45:11.097: [INFO] OnDoneLoading sync enabled: 1
2026-07-27 10:45:16.032: [INFO] Sync initialization duration: 19ms
2026-07-27 11:15:38.226: [INFO] VisibilityChanged: 0
2026-07-27 12:14:55.856: [INFO] OnDoneLoading sync enabled: 1
2026-07-27 12:14:55.949: [INFO] VisibilityChanged: 0
2026-07-27 12:14:58.173: [INFO] Sync initialization duration: 54ms
2026-07-27 12:18:28.092: [INFO] VisibilityChanged: 0
2026-07-27 12:18:28.123: [INFO] BookmarkModelLoaded, ids_reassigned: 0
2026-07-27 12:18:28.123: [INFO] OnDoneLoading sync enabled: 1
2026-07-27 12:18:28.738: [INFO] Sync initialization duration: 21ms
2026-07-27 12:34:13.253: [INFO] VisibilityChanged: 0
2026-07-27 12:34:13.281: [INFO] BookmarkModelLoaded, ids_reassigned: 0
2026-07-27 12:34:13.281: [INFO] OnDoneLoading sync enabled: 1
2026-07-27 12:34:13.833: [INFO] Sync initialization duration: 15ms
2026-07-27 12:40:07.484: [INFO] VisibilityChanged: 0
2026-07-27 12:40:07.510: [INFO] BookmarkModelLoaded, ids_reassigned: 0
2026-07-27 12:40:07.510: [INFO] OnDoneLoading sync enabled: 1
2026-07-27 12:40:08.032: [INFO] Sync initialization duration: 21ms
2026-07-27 12:56:50.180: [INFO] VisibilityChanged: 0
2026-07-27 12:56:50.207: [INFO] BookmarkModelLoaded, ids_reassigned: 0
2026-07-27 12:56:50.207: [INFO] OnDoneLoading sync enabled: 1
2026-07-27 12:56:50.832: [INFO] Sync initialization duration: 19ms
2026-07-27 23:46:46.863: [INFO] VisibilityChanged: 0
2026-07-27 23:46:46.890: [INFO] BookmarkModelLoaded, ids_reassigned: 0
2026-07-27 23:46:46.890: [INFO] OnDoneLoading sync enabled: 1
2026-07-27 23:46:47.500: [INFO] Sync initialization duration: 19ms
