{"logTime": "0727/121834", "correlationVector":"rAxNeRJC/hMbAK8WlWTgnb","action":"Commit Request", "result":"", "context":Item count: 2
Contributing types: Preferences}
{"logTime": "0727/121835", "correlationVector":"rAxNeRJC/hMbAK8WlWTgnb.1","action":"SyncServerConnectionManagerRequest", "result":"SYNC_SERVER_OK", "context":{"environment":"Prod_eastus2_prod-s01-050-nam-eastus2", "migrationStage":"NotStarted", "server":"akswtt115000015"}}
{"logTime": "0727/121835", "correlationVector":"rAxNeRJC/hMbAK8WlWTgnb.2","action":"Commit Response", "result":"Success", "context":Result: Success. cV=rAxNeRJC/hMbAK8WlWTgnb.0;server=akswtt115000015;cloudType=Consumer;environment=Prod_eastus2_prod-s01-050-nam-eastus2;migrationStage=NotStarted}
{"logTime": "0727/121911", "correlationVector":"LNoX/odB0OP3zQ0WQ/I60R","action":"Commit Request", "result":"", "context":Item count: 1
Contributing types: Preferences}
{"logTime": "0727/121911", "correlationVector":"LNoX/odB0OP3zQ0WQ/I60R.1","action":"SyncServerConnectionManagerRequest", "result":"SYNC_SERVER_OK", "context":{"environment":"Prod_eastus_prod-s01-056-nam-eastus", "migrationStage":"NotStarted", "server":"akswtt11500000h"}}
{"logTime": "0727/121911", "correlationVector":"LNoX/odB0OP3zQ0WQ/I60R.2","action":"Commit Response", "result":"Success", "context":Result: Success. cV=LNoX/odB0OP3zQ0WQ/I60R.0;server=akswtt11500000h;cloudType=Consumer;environment=Prod_eastus_prod-s01-056-nam-eastus;migrationStage=NotStarted}
{"logTime": "0727/121934", "correlationVector":"5KkZs9eX97dddLYZC8CyxQ","action":"Commit Request", "result":"", "context":Item count: 1
Contributing types: Preferences}
{"logTime": "0727/121935", "correlationVector":"5KkZs9eX97dddLYZC8CyxQ.1","action":"SyncServerConnectionManagerRequest", "result":"SYNC_SERVER_OK", "context":{"environment":"Prod_eastus_prod-s01-056-nam-eastus", "migrationStage":"NotStarted", "server":"akswtt11500000e"}}
{"logTime": "0727/121935", "correlationVector":"5KkZs9eX97dddLYZC8CyxQ.2","action":"Commit Response", "result":"Success", "context":Result: Success. cV=5KkZs9eX97dddLYZC8CyxQ.0;server=akswtt11500000e;cloudType=Consumer;environment=Prod_eastus_prod-s01-056-nam-eastus;migrationStage=NotStarted}
{"logTime": "0727/121959", "correlationVector":"YWK9g+yuyw7vtewOzrpxJ/","action":"Commit Request", "result":"", "context":Item count: 1
Contributing types: Preferences}
{"logTime": "0727/121959", "correlationVector":"YWK9g+yuyw7vtewOzrpxJ/.1","action":"SyncServerConnectionManagerRequest", "result":"SYNC_SERVER_OK", "context":{"environment":"Prod_eastus_prod-s01-056-nam-eastus", "migrationStage":"NotStarted", "server":"akswtt11500000n"}}
{"logTime": "0727/121959", "correlationVector":"YWK9g+yuyw7vtewOzrpxJ/.2","action":"Commit Response", "result":"Success", "context":Result: Success. cV=YWK9g+yuyw7vtewOzrpxJ/.0;server=akswtt11500000n;cloudType=Consumer;environment=Prod_eastus_prod-s01-056-nam-eastus;migrationStage=NotStarted}
{"logTime": "0727/122034", "correlationVector":"W8KQQA3MsGCPkohmQNZNwJ","action":"Commit Request", "result":"", "context":Item count: 1
Contributing types: Preferences}
{"logTime": "0727/122035", "correlationVector":"W8KQQA3MsGCPkohmQNZNwJ.1","action":"SyncServerConnectionManagerRequest", "result":"SYNC_SERVER_OK", "context":{"environment":"Prod_eastus_prod-s01-056-nam-eastus", "migrationStage":"NotStarted", "server":"akswtt11500000n"}}
{"logTime": "0727/122035", "correlationVector":"W8KQQA3MsGCPkohmQNZNwJ.2","action":"Commit Response", "result":"Success", "context":Result: Success. cV=W8KQQA3MsGCPkohmQNZNwJ.0;server=akswtt11500000n;cloudType=Consumer;environment=Prod_eastus_prod-s01-056-nam-eastus;migrationStage=NotStarted}
{"logTime": "0727/122043", "correlationVector":"ncL4BnorVC9bF4Oghz3kDj","action":"Commit Request", "result":"", "context":Item count: 1
Contributing types: Preferences}
{"logTime": "0727/122043", "correlationVector":"ncL4BnorVC9bF4Oghz3kDj.1","action":"SyncServerConnectionManagerRequest", "result":"SYNC_SERVER_OK", "context":{"environment":"Prod_eastus2_prod-s01-050-nam-eastus2", "migrationStage":"NotStarted", "server":"akswtt11500002m"}}
{"logTime": "0727/122043", "correlationVector":"ncL4BnorVC9bF4Oghz3kDj.2","action":"Commit Response", "result":"Success", "context":Result: Success. cV=ncL4BnorVC9bF4Oghz3kDj.0;server=akswtt11500002m;cloudType=Consumer;environment=Prod_eastus2_prod-s01-050-nam-eastus2;migrationStage=NotStarted}
{"logTime": "0727/122134", "correlationVector":"luzjXCDHTLsRNbi4Q7JaIe","action":"Commit Request", "result":"", "context":Item count: 1
Contributing types: Preferences}
{"logTime": "0727/122135", "correlationVector":"luzjXCDHTLsRNbi4Q7JaIe.1","action":"SyncServerConnectionManagerRequest", "result":"SYNC_SERVER_OK", "context":{"environment":"Prod_eastus2_prod-s01-050-nam-eastus2", "migrationStage":"NotStarted", "server":"akswtt115000013"}}
{"logTime": "0727/122135", "correlationVector":"luzjXCDHTLsRNbi4Q7JaIe.2","action":"Commit Response", "result":"Success", "context":Result: Success. cV=luzjXCDHTLsRNbi4Q7JaIe.0;server=akswtt115000013;cloudType=Consumer;environment=Prod_eastus2_prod-s01-050-nam-eastus2;migrationStage=NotStarted}
{"logTime": "0727/122211", "correlationVector":"j//AJc2r1P1IbJroEVfQT5","action":"Commit Request", "result":"", "context":Item count: 1
Contributing types: Preferences}
{"logTime": "0727/122212", "correlationVector":"j//AJc2r1P1IbJroEVfQT5.1","action":"SyncServerConnectionManagerRequest", "result":"SYNC_SERVER_OK", "context":{"environment":"Prod_eastus_prod-s01-056-nam-eastus", "migrationStage":"NotStarted", "server":"akswtt11500000a"}}
{"logTime": "0727/122212", "correlationVector":"j//AJc2r1P1IbJroEVfQT5.2","action":"Commit Response", "result":"Success", "context":Result: Success. cV=j//AJc2r1P1IbJroEVfQT5.0;server=akswtt11500000a;cloudType=Consumer;environment=Prod_eastus_prod-s01-056-nam-eastus;migrationStage=NotStarted}
{"logTime": "0727/122234", "correlationVector":"LhOs6LDDySsESeLqiFJ0fJ","action":"Commit Request", "result":"", "context":Item count: 1
Contributing types: Preferences}
{"logTime": "0727/122235", "correlationVector":"LhOs6LDDySsESeLqiFJ0fJ.1","action":"SyncServerConnectionManagerRequest", "result":"SYNC_SERVER_OK", "context":{"environment":"Prod_eastus_prod-s01-056-nam-eastus", "migrationStage":"NotStarted", "server":"akswtt115000009"}}
{"logTime": "0727/122235", "correlationVector":"LhOs6LDDySsESeLqiFJ0fJ.2","action":"Commit Response", "result":"Success", "context":Result: Success. cV=LhOs6LDDySsESeLqiFJ0fJ.0;server=akswtt115000009;cloudType=Consumer;environment=Prod_eastus_prod-s01-056-nam-eastus;migrationStage=NotStarted}
{"logTime": "0727/122240", "correlationVector":"yDkekzJtHB9QoISPU3U0md","action":"Commit Request", "result":"", "context":Item count: 1
Contributing types: Preferences}
{"logTime": "0727/122240", "correlationVector":"yDkekzJtHB9QoISPU3U0md.1","action":"SyncServerConnectionManagerRequest", "result":"SYNC_SERVER_OK", "context":{"environment":"Prod_eastus_prod-s01-056-nam-eastus", "migrationStage":"NotStarted", "server":"akswtt11500000b"}}
{"logTime": "0727/122240", "correlationVector":"yDkekzJtHB9QoISPU3U0md.2","action":"Commit Response", "result":"Success", "context":Result: Success. cV=yDkekzJtHB9QoISPU3U0md.0;server=akswtt11500000b;cloudType=Consumer;environment=Prod_eastus_prod-s01-056-nam-eastus;migrationStage=NotStarted}
{"logTime": "0727/122302", "correlationVector":"Va0U28+43nMfuUGwPLuQYk","action":"Commit Request", "result":"", "context":Item count: 1
Contributing types: Preferences}
{"logTime": "0727/122302", "correlationVector":"Va0U28+43nMfuUGwPLuQYk.1","action":"SyncServerConnectionManagerRequest", "result":"SYNC_SERVER_OK", "context":{"environment":"Prod_eastus_prod-s01-056-nam-eastus", "migrationStage":"NotStarted", "server":"akswtt11500000e"}}
{"logTime": "0727/122302", "correlationVector":"Va0U28+43nMfuUGwPLuQYk.2","action":"Commit Response", "result":"Success", "context":Result: Success. cV=Va0U28+43nMfuUGwPLuQYk.0;server=akswtt11500000e;cloudType=Consumer;environment=Prod_eastus_prod-s01-056-nam-eastus;migrationStage=NotStarted}
{"logTime": "0727/122334", "correlationVector":"htjR7jMWGzE06ngZkrWPvu","action":"Commit Request", "result":"", "context":Item count: 1
Contributing types: Preferences}
{"logTime": "0727/122335", "correlationVector":"htjR7jMWGzE06ngZkrWPvu.1","action":"SyncServerConnectionManagerRequest", "result":"SYNC_SERVER_OK", "context":{"environment":"Prod_eastus2_prod-s01-050-nam-eastus2", "migrationStage":"NotStarted", "server":"akswtt11500002w"}}
{"logTime": "0727/122335", "correlationVector":"htjR7jMWGzE06ngZkrWPvu.2","action":"Commit Response", "result":"Success", "context":Result: Success. cV=htjR7jMWGzE06ngZkrWPvu.0;server=akswtt11500002w;cloudType=Consumer;environment=Prod_eastus2_prod-s01-050-nam-eastus2;migrationStage=NotStarted}
{"logTime": "0727/122353", "correlationVector":"KsqRMMKM6ZwJ5AuAQGX+yc","action":"Commit Request", "result":"", "context":Item count: 1
Contributing types: Preferences}
{"logTime": "0727/122354", "correlationVector":"KsqRMMKM6ZwJ5AuAQGX+yc.1","action":"SyncServerConnectionManagerRequest", "result":"SYNC_SERVER_OK", "context":{"environment":"Prod_eastus2_prod-s01-050-nam-eastus2", "migrationStage":"NotStarted", "server":"akswtt11500002w"}}
{"logTime": "0727/122354", "correlationVector":"KsqRMMKM6ZwJ5AuAQGX+yc.2","action":"Commit Response", "result":"Success", "context":Result: Success. cV=KsqRMMKM6ZwJ5AuAQGX+yc.0;server=akswtt11500002w;cloudType=Consumer;environment=Prod_eastus2_prod-s01-050-nam-eastus2;migrationStage=NotStarted}
{"logTime": "0727/122434", "correlationVector":"vZ1uOqpIaB/pFCT/KZtfus","action":"Commit Request", "result":"", "context":Item count: 1
Contributing types: Preferences}
{"logTime": "0727/122435", "correlationVector":"vZ1uOqpIaB/pFCT/KZtfus.1","action":"SyncServerConnectionManagerRequest", "result":"SYNC_SERVER_OK", "context":{"environment":"Prod_eastus_prod-s01-056-nam-eastus", "migrationStage":"NotStarted", "server":"akswtt11500000o"}}
{"logTime": "0727/122435", "correlationVector":"vZ1uOqpIaB/pFCT/KZtfus.2","action":"Commit Response", "result":"Success", "context":Result: Success. cV=vZ1uOqpIaB/pFCT/KZtfus.0;server=akswtt11500000o;cloudType=Consumer;environment=Prod_eastus_prod-s01-056-nam-eastus;migrationStage=NotStarted}
{"logTime": "0727/122540", "correlationVector":"kXs3gTaNSruS7eT59K0w5g","action":"Commit Request", "result":"", "context":Item count: 1
Contributing types: Edge Hub App Usage}
{"logTime": "0727/122540", "correlationVector":"kXs3gTaNSruS7eT59K0w5g.1","action":"SyncServerConnectionManagerRequest", "result":"SYNC_SERVER_OK", "context":{"environment":"Prod_eastus2_prod-s01-050-nam-eastus2", "migrationStage":"NotStarted", "server":"akswtt11500000u"}}
{"logTime": "0727/122540", "correlationVector":"kXs3gTaNSruS7eT59K0w5g.2","action":"Commit Response", "result":"Success", "context":Result: Success. cV=kXs3gTaNSruS7eT59K0w5g.0;server=akswtt11500000u;cloudType=Consumer;environment=Prod_eastus2_prod-s01-050-nam-eastus2;migrationStage=NotStarted}
{"logTime": "0727/122611", "correlationVector":"J7ipLdaK9md5qus52ulnT8","action":"Commit Request", "result":"", "context":Item count: 1
Contributing types: Preferences}
{"logTime": "0727/122612", "correlationVector":"J7ipLdaK9md5qus52ulnT8.1","action":"SyncServerConnectionManagerRequest", "result":"SYNC_SERVER_OK", "context":{"environment":"Prod_eastus_prod-s01-056-nam-eastus", "migrationStage":"NotStarted", "server":"akswtt11500000h"}}
{"logTime": "0727/122612", "correlationVector":"J7ipLdaK9md5qus52ulnT8.2","action":"Commit Response", "result":"Success", "context":Result: Success. cV=J7ipLdaK9md5qus52ulnT8.0;server=akswtt11500000h;cloudType=Consumer;environment=Prod_eastus_prod-s01-056-nam-eastus;migrationStage=NotStarted}
{"logTime": "0727/122621", "correlationVector":"63zp60jQXtYhMNcLQmGXEj","action":"Commit Request", "result":"", "context":Item count: 1
Contributing types: Preferences}
{"logTime": "0727/122621", "correlationVector":"63zp60jQXtYhMNcLQmGXEj.1","action":"SyncServerConnectionManagerRequest", "result":"SYNC_SERVER_OK", "context":{"environment":"Prod_eastus2_prod-s01-050-nam-eastus2", "migrationStage":"NotStarted", "server":"akswtt11500002t"}}
{"logTime": "0727/122621", "correlationVector":"63zp60jQXtYhMNcLQmGXEj.2","action":"Commit Response", "result":"Success", "context":Result: Success. cV=63zp60jQXtYhMNcLQmGXEj.0;server=akswtt11500002t;cloudType=Consumer;environment=Prod_eastus2_prod-s01-050-nam-eastus2;migrationStage=NotStarted}
{"logTime": "0727/122640", "correlationVector":"jlNG6TI+JXl0VjXwFjEBU+","action":"Commit Request", "result":"", "context":Item count: 1
Contributing types: Preferences}
{"logTime": "0727/122640", "correlationVector":"jlNG6TI+JXl0VjXwFjEBU+.1","action":"SyncServerConnectionManagerRequest", "result":"SYNC_SERVER_OK", "context":{"environment":"Prod_eastus_prod-s01-056-nam-eastus", "migrationStage":"NotStarted", "server":"akswtt11500000o"}}
{"logTime": "0727/122640", "correlationVector":"jlNG6TI+JXl0VjXwFjEBU+.2","action":"Commit Response", "result":"Success", "context":Result: Success. cV=jlNG6TI+JXl0VjXwFjEBU+.0;server=akswtt11500000o;cloudType=Consumer;environment=Prod_eastus_prod-s01-056-nam-eastus;migrationStage=NotStarted}
{"logTime": "0727/122647", "correlationVector":"oS1UNI23eofTvL57D5vEcB","action":"Commit Request", "result":"", "context":Item count: 1
Contributing types: Preferences}
{"logTime": "0727/122648", "correlationVector":"oS1UNI23eofTvL57D5vEcB.1","action":"SyncServerConnectionManagerRequest", "result":"SYNC_SERVER_OK", "context":{"environment":"Prod_canadacentral_prod-s01-021-nam-canadacentral", "migrationStage":"NotStarted", "server":"akswtt002000009"}}
{"logTime": "0727/122648", "correlationVector":"oS1UNI23eofTvL57D5vEcB.2","action":"Commit Response", "result":"Success", "context":Result: Success. cV=oS1UNI23eofTvL57D5vEcB.0;server=akswtt002000009;cloudType=Consumer;environment=Prod_canadacentral_prod-s01-021-nam-canadacentral;migrationStage=NotStarted}
{"logTime": "0727/122740", "correlationVector":"warAxpTCemcMvco3YJprsS","action":"Commit Request", "result":"", "context":Item count: 1
Contributing types: Preferences}
{"logTime": "0727/122740", "correlationVector":"warAxpTCemcMvco3YJprsS.1","action":"SyncServerConnectionManagerRequest", "result":"SYNC_SERVER_OK", "context":{"environment":"Prod_eastus_prod-s01-056-nam-eastus", "migrationStage":"NotStarted", "server":"akswtt11500000h"}}
{"logTime": "0727/122740", "correlationVector":"warAxpTCemcMvco3YJprsS.2","action":"Commit Response", "result":"Success", "context":Result: Success. cV=warAxpTCemcMvco3YJprsS.0;server=akswtt11500000h;cloudType=Consumer;environment=Prod_eastus_prod-s01-056-nam-eastus;migrationStage=NotStarted}
{"logTime": "0727/122808", "correlationVector":"1XBtBuYMAwlzgB20ikpOqH","action":"Commit Request", "result":"", "context":Item count: 1
Contributing types: Preferences}
{"logTime": "0727/122808", "correlationVector":"1XBtBuYMAwlzgB20ikpOqH.1","action":"SyncServerConnectionManagerRequest", "result":"SYNC_SERVER_OK", "context":{"environment":"Prod_eastus_prod-s01-056-nam-eastus", "migrationStage":"NotStarted", "server":"akswtt115000002"}}
{"logTime": "0727/122808", "correlationVector":"1XBtBuYMAwlzgB20ikpOqH.2","action":"Commit Response", "result":"Success", "context":Result: Success. cV=1XBtBuYMAwlzgB20ikpOqH.0;server=akswtt115000002;cloudType=Consumer;environment=Prod_eastus_prod-s01-056-nam-eastus;migrationStage=NotStarted}
{"logTime": "0727/122840", "correlationVector":"VnfZ9IMkmwQDvAn7eZU9dk","action":"Commit Request", "result":"", "context":Item count: 1
Contributing types: Preferences}
{"logTime": "0727/122840", "correlationVector":"VnfZ9IMkmwQDvAn7eZU9dk.1","action":"SyncServerConnectionManagerRequest", "result":"SYNC_SERVER_OK", "context":{"environment":"Prod_eastus_prod-s01-056-nam-eastus", "migrationStage":"NotStarted", "server":"akswtt11500000a"}}
{"logTime": "0727/122840", "correlationVector":"VnfZ9IMkmwQDvAn7eZU9dk.2","action":"Commit Response", "result":"Success", "context":Result: Success. cV=VnfZ9IMkmwQDvAn7eZU9dk.0;server=akswtt11500000a;cloudType=Consumer;environment=Prod_eastus_prod-s01-056-nam-eastus;migrationStage=NotStarted}
{"logTime": "0727/122940", "correlationVector":"rDX4MEZMTDyjZxm7D93tF/","action":"Commit Request", "result":"", "context":Item count: 1
Contributing types: Preferences}
{"logTime": "0727/122940", "correlationVector":"rDX4MEZMTDyjZxm7D93tF/.1","action":"SyncServerConnectionManagerRequest", "result":"SYNC_SERVER_OK", "context":{"environment":"Prod_eastus_prod-s01-056-nam-eastus", "migrationStage":"NotStarted", "server":"akswtt11500000b"}}
{"logTime": "0727/122940", "correlationVector":"rDX4MEZMTDyjZxm7D93tF/.2","action":"Commit Response", "result":"Success", "context":Result: Success. cV=rDX4MEZMTDyjZxm7D93tF/.0;server=akswtt11500000b;cloudType=Consumer;environment=Prod_eastus_prod-s01-056-nam-eastus;migrationStage=NotStarted}
{"logTime": "0727/122943", "correlationVector":"Rl12ZEe0LDsWxrL7FQkM4L","action":"Commit Request", "result":"", "context":Item count: 1
Contributing types: Preferences}
{"logTime": "0727/122944", "correlationVector":"Rl12ZEe0LDsWxrL7FQkM4L.1","action":"SyncServerConnectionManagerRequest", "result":"SYNC_SERVER_OK", "context":{"environment":"Prod_eastus2_prod-s01-050-nam-eastus2", "migrationStage":"NotStarted", "server":"akswtt115000015"}}
{"logTime": "0727/122944", "correlationVector":"Rl12ZEe0LDsWxrL7FQkM4L.2","action":"Commit Response", "result":"Success", "context":Result: Success. cV=Rl12ZEe0LDsWxrL7FQkM4L.0;server=akswtt115000015;cloudType=Consumer;environment=Prod_eastus2_prod-s01-050-nam-eastus2;migrationStage=NotStarted}
{"logTime": "0727/123040", "correlationVector":"ta8c+VTLBJbpDuMk+S8B1/","action":"Commit Request", "result":"", "context":Item count: 1
Contributing types: Preferences}
{"logTime": "0727/123040", "correlationVector":"ta8c+VTLBJbpDuMk+S8B1/.1","action":"SyncServerConnectionManagerRequest", "result":"SYNC_SERVER_OK", "context":{"environment":"Prod_eastus_prod-s01-056-nam-eastus", "migrationStage":"NotStarted", "server":"akswtt11500000b"}}
{"logTime": "0727/123040", "correlationVector":"ta8c+VTLBJbpDuMk+S8B1/.2","action":"Commit Response", "result":"Success", "context":Result: Success. cV=ta8c+VTLBJbpDuMk+S8B1/.0;server=akswtt11500000b;cloudType=Consumer;environment=Prod_eastus_prod-s01-056-nam-eastus;migrationStage=NotStarted}
{"logTime": "0727/123140", "correlationVector":"sX0gEDuw97Um3JC3KM0awY","action":"Commit Request", "result":"", "context":Item count: 1
Contributing types: Preferences}
{"logTime": "0727/123140", "correlationVector":"sX0gEDuw97Um3JC3KM0awY.1","action":"SyncServerConnectionManagerRequest", "result":"SYNC_SERVER_OK", "context":{"environment":"Prod_eastus2_prod-s01-050-nam-eastus2", "migrationStage":"NotStarted", "server":"akswtt115000015"}}
{"logTime": "0727/123140", "correlationVector":"sX0gEDuw97Um3JC3KM0awY.2","action":"Commit Response", "result":"Success", "context":Result: Success. cV=sX0gEDuw97Um3JC3KM0awY.0;server=akswtt115000015;cloudType=Consumer;environment=Prod_eastus2_prod-s01-050-nam-eastus2;migrationStage=NotStarted}
{"logTime": "0727/123151", "correlationVector":"MGAqPDzZp6fbuAKNXoOGG6","action":"Commit Request", "result":"", "context":Item count: 1
Contributing types: Preferences}
{"logTime": "0727/123151", "correlationVector":"MGAqPDzZp6fbuAKNXoOGG6.1","action":"SyncServerConnectionManagerRequest", "result":"SYNC_SERVER_OK", "context":{"environment":"Prod_eastus_prod-s01-056-nam-eastus", "migrationStage":"NotStarted", "server":"akswtt11500000h"}}
{"logTime": "0727/123151", "correlationVector":"MGAqPDzZp6fbuAKNXoOGG6.2","action":"Commit Response", "result":"Success", "context":Result: Success. cV=MGAqPDzZp6fbuAKNXoOGG6.0;server=akswtt11500000h;cloudType=Consumer;environment=Prod_eastus_prod-s01-056-nam-eastus;migrationStage=NotStarted}
{"logTime": "0727/123240", "correlationVector":"wC7t10yhYwWkEMnkgGyE7r","action":"Commit Request", "result":"", "context":Item count: 1
Contributing types: Preferences}
{"logTime": "0727/123240", "correlationVector":"wC7t10yhYwWkEMnkgGyE7r.1","action":"SyncServerConnectionManagerRequest", "result":"SYNC_SERVER_OK", "context":{"environment":"Prod_eastus2_prod-s01-050-nam-eastus2", "migrationStage":"NotStarted", "server":"akswtt11500002t"}}
{"logTime": "0727/123240", "correlationVector":"wC7t10yhYwWkEMnkgGyE7r.2","action":"Commit Response", "result":"Success", "context":Result: Success. cV=wC7t10yhYwWkEMnkgGyE7r.0;server=akswtt11500002t;cloudType=Consumer;environment=Prod_eastus2_prod-s01-050-nam-eastus2;migrationStage=NotStarted}
{"logTime": "0727/123332", "correlationVector":"6RQfVbV2MybDgXNLKWPgfG","action":"Commit Request", "result":"", "context":Item count: 1
Contributing types: Preferences}
{"logTime": "0727/123332", "correlationVector":"6RQfVbV2MybDgXNLKWPgfG.1","action":"SyncServerConnectionManagerRequest", "result":"SYNC_SERVER_OK", "context":{"environment":"Prod_eastus_prod-s01-056-nam-eastus", "migrationStage":"NotStarted", "server":"akswtt115000006"}}
{"logTime": "0727/123332", "correlationVector":"6RQfVbV2MybDgXNLKWPgfG.2","action":"Commit Response", "result":"Success", "context":Result: Success. cV=6RQfVbV2MybDgXNLKWPgfG.0;server=akswtt115000006;cloudType=Consumer;environment=Prod_eastus_prod-s01-056-nam-eastus;migrationStage=NotStarted}
{"logTime": "0727/123340", "correlationVector":"o8BUYlXPba05PYkFNFPx0s","action":"Commit Request", "result":"", "context":Item count: 1
Contributing types: Preferences}
{"logTime": "0727/123340", "correlationVector":"o8BUYlXPba05PYkFNFPx0s.1","action":"SyncServerConnectionManagerRequest", "result":"SYNC_SERVER_OK", "context":{"environment":"Prod_eastus2_prod-s01-050-nam-eastus2", "migrationStage":"NotStarted", "server":"akswtt11500002t"}}
{"logTime": "0727/123340", "correlationVector":"o8BUYlXPba05PYkFNFPx0s.2","action":"Commit Response", "result":"Success", "context":Result: Success. cV=o8BUYlXPba05PYkFNFPx0s.0;server=akswtt11500002t;cloudType=Consumer;environment=Prod_eastus2_prod-s01-050-nam-eastus2;migrationStage=NotStarted}
{"logTime": "0727/123414", "correlationVector":"VBEyqWwrfF0+EGH4H31Iw4","action":"Normal GetUpdate request", "result":"", "context":cV=VBEyqWwrfF0+EGH4H31Iw4
Nudged types: Preferences
Refresh requested types: Bookmarks, Preferences, Passwords, Autofill Profiles, Autofill, Extensions, Sessions, Extension settings, History Delete Directives, Device Info, User Consents, Send Tab To Self, Web Apps, History, Saved Tab Group, WebAuthn Credentials, Edge E Drop, Edge Hub App Usage, Edge Workspace, Encryption Keys}
{"logTime": "0727/123414", "correlationVector":"VBEyqWwrfF0+EGH4H31Iw4.1","action":"SyncServerConnectionManagerRequest", "result":"SYNC_SERVER_OK", "context":{"environment":"Prod_eastus2_prod-s01-050-nam-eastus2", "migrationStage":"NotStarted", "server":"akswtt11500000u"}}
{"logTime": "0727/123414", "correlationVector":"VBEyqWwrfF0+EGH4H31Iw4.2","action":"ProcessGetUpdates", "result":"Done", "context":{"dataType":"Preferences", "deleted":"0", "process_failed_to_decrypt":"0", "process_pending_decryption":"0", "process_success":"3", "total":"3"}}
{"logTime": "0727/123414", "correlationVector":"VBEyqWwrfF0+EGH4H31Iw4.3","action":"ProcessGetUpdates", "result":"Done", "context":{"dataType":"Sessions", "deleted":"1", "process_failed_to_decrypt":"0", "process_pending_decryption":"0", "process_success":"2", "total":"2"}}
{"logTime": "0727/123414", "correlationVector":"VBEyqWwrfF0+EGH4H31Iw4.4","action":"ProcessGetUpdates", "result":"Done", "context":{"dataType":"History", "deleted":"0", "process_failed_to_decrypt":"0", "process_pending_decryption":"0", "process_success":"2", "total":"2"}}
{"logTime": "0727/123414", "correlationVector":"VBEyqWwrfF0+EGH4H31Iw4.5","action":"ProcessGetUpdates", "result":"Done", "context":{"dataType":"Edge Hub App Usage", "deleted":"0", "process_failed_to_decrypt":"0", "process_pending_decryption":"0", "process_success":"2", "total":"2"}}
{"logTime": "0727/123414", "correlationVector":"VBEyqWwrfF0+EGH4H31Iw4.6","action":"GetUpdates Response", "result":"Success", "context":Received 9 update(s). cV=VBEyqWwrfF0+EGH4H31Iw4.0;server=akswtt11500000u;cloudType=Consumer;environment=Prod_eastus2_prod-s01-050-nam-eastus2;migrationStage=NotStarted}
{"logTime": "0727/123414", "correlationVector":"i8a1uR0eZgpWFCumdgwOOh","action":"Commit Request", "result":"", "context":Item count: 2
Contributing types: Preferences, History}
{"logTime": "0727/123415", "correlationVector":"i8a1uR0eZgpWFCumdgwOOh.1","action":"SyncServerConnectionManagerRequest", "result":"SYNC_SERVER_OK", "context":{"environment":"Prod_eastus2_prod-s01-050-nam-eastus2", "migrationStage":"NotStarted", "server":"akswtt115000024"}}
{"logTime": "0727/123415", "correlationVector":"i8a1uR0eZgpWFCumdgwOOh.2","action":"Commit Response", "result":"Success", "context":Result: Success. cV=i8a1uR0eZgpWFCumdgwOOh.0;server=akswtt115000024;cloudType=Consumer;environment=Prod_eastus2_prod-s01-050-nam-eastus2;migrationStage=NotStarted}
{"logTime": "0727/123417", "correlationVector":"9DAVsGh0zDYE5uKARSOvti","action":"Commit Request", "result":"", "context":Item count: 2
Contributing types: Preferences}
{"logTime": "0727/123417", "correlationVector":"9DAVsGh0zDYE5uKARSOvti.1","action":"SyncServerConnectionManagerRequest", "result":"SYNC_SERVER_OK", "context":{"environment":"Prod_eastus2_prod-s01-050-nam-eastus2", "migrationStage":"NotStarted", "server":"akswtt115000006"}}
{"logTime": "0727/123417", "correlationVector":"9DAVsGh0zDYE5uKARSOvti.2","action":"Commit Response", "result":"Success", "context":Result: Success. cV=9DAVsGh0zDYE5uKARSOvti.0;server=akswtt115000006;cloudType=Consumer;environment=Prod_eastus2_prod-s01-050-nam-eastus2;migrationStage=NotStarted}
{"logTime": "0727/123508", "correlationVector":"TJWCz6NiarAgAUomahri0l","action":"Commit Request", "result":"", "context":Item count: 1
Contributing types: Preferences}
{"logTime": "0727/123508", "correlationVector":"TJWCz6NiarAgAUomahri0l.1","action":"SyncServerConnectionManagerRequest", "result":"SYNC_SERVER_OK", "context":{"environment":"Prod_eastus_prod-s01-056-nam-eastus", "migrationStage":"NotStarted", "server":"akswtt115000008"}}
{"logTime": "0727/123508", "correlationVector":"TJWCz6NiarAgAUomahri0l.2","action":"Commit Response", "result":"Success", "context":Result: Success. cV=TJWCz6NiarAgAUomahri0l.0;server=akswtt115000008;cloudType=Consumer;environment=Prod_eastus_prod-s01-056-nam-eastus;migrationStage=NotStarted}
{"logTime": "0727/123517", "correlationVector":"7+pAl5wd5GBOUFPiVux9Z3","action":"Commit Request", "result":"", "context":Item count: 1
Contributing types: Preferences}
{"logTime": "0727/123518", "correlationVector":"7+pAl5wd5GBOUFPiVux9Z3.1","action":"SyncServerConnectionManagerRequest", "result":"SYNC_SERVER_OK", "context":{"environment":"Prod_eastus2_prod-s01-050-nam-eastus2", "migrationStage":"NotStarted", "server":"akswtt115000012"}}
{"logTime": "0727/123518", "correlationVector":"7+pAl5wd5GBOUFPiVux9Z3.2","action":"Commit Response", "result":"Success", "context":Result: Success. cV=7+pAl5wd5GBOUFPiVux9Z3.0;server=akswtt115000012;cloudType=Consumer;environment=Prod_eastus2_prod-s01-050-nam-eastus2;migrationStage=NotStarted}
{"logTime": "0727/123556", "correlationVector":"PYT/iA1e9TQbF2SdPDhUE/","action":"Commit Request", "result":"", "context":Item count: 1
Contributing types: Preferences}
{"logTime": "0727/123557", "correlationVector":"PYT/iA1e9TQbF2SdPDhUE/.1","action":"SyncServerConnectionManagerRequest", "result":"SYNC_SERVER_OK", "context":{"environment":"Prod_eastus2_prod-s01-050-nam-eastus2", "migrationStage":"NotStarted", "server":"akswtt11500000d"}}
{"logTime": "0727/123557", "correlationVector":"PYT/iA1e9TQbF2SdPDhUE/.2","action":"Commit Response", "result":"Success", "context":Result: Success. cV=PYT/iA1e9TQbF2SdPDhUE/.0;server=akswtt11500000d;cloudType=Consumer;environment=Prod_eastus2_prod-s01-050-nam-eastus2;migrationStage=NotStarted}
{"logTime": "0727/123617", "correlationVector":"K/d0RBqv/fxWUGeVH/YXJu","action":"Commit Request", "result":"", "context":Item count: 1
Contributing types: Preferences}
{"logTime": "0727/123617", "correlationVector":"K/d0RBqv/fxWUGeVH/YXJu.1","action":"SyncServerConnectionManagerRequest", "result":"SYNC_SERVER_OK", "context":{"environment":"Prod_eastus2_prod-s01-050-nam-eastus2", "migrationStage":"NotStarted", "server":"akswtt115000006"}}
{"logTime": "0727/123617", "correlationVector":"K/d0RBqv/fxWUGeVH/YXJu.2","action":"Commit Response", "result":"Success", "context":Result: Success. cV=K/d0RBqv/fxWUGeVH/YXJu.0;server=akswtt115000006;cloudType=Consumer;environment=Prod_eastus2_prod-s01-050-nam-eastus2;migrationStage=NotStarted}
{"logTime": "0727/123632", "correlationVector":"Z8ccaeXXK0x2B4WIrFMPoZ","action":"Commit Request", "result":"", "context":Item count: 1
Contributing types: Preferences}
{"logTime": "0727/123632", "correlationVector":"Z8ccaeXXK0x2B4WIrFMPoZ.1","action":"SyncServerConnectionManagerRequest", "result":"SYNC_SERVER_OK", "context":{"environment":"Prod_eastus2_prod-s01-050-nam-eastus2", "migrationStage":"NotStarted", "server":"akswtt11500002y"}}
{"logTime": "0727/123632", "correlationVector":"Z8ccaeXXK0x2B4WIrFMPoZ.2","action":"Commit Response", "result":"Success", "context":Result: Success. cV=Z8ccaeXXK0x2B4WIrFMPoZ.0;server=akswtt11500002y;cloudType=Consumer;environment=Prod_eastus2_prod-s01-050-nam-eastus2;migrationStage=NotStarted}
{"logTime": "0727/123717", "correlationVector":"asoTrXPQK58OipgvDGUSnw","action":"Commit Request", "result":"", "context":Item count: 1
Contributing types: Preferences}
{"logTime": "0727/123717", "correlationVector":"asoTrXPQK58OipgvDGUSnw.1","action":"SyncServerConnectionManagerRequest", "result":"SYNC_SERVER_OK", "context":{"environment":"Prod_eastus2_prod-s01-050-nam-eastus2", "migrationStage":"NotStarted", "server":"akswtt11500001u"}}
{"logTime": "0727/123717", "correlationVector":"asoTrXPQK58OipgvDGUSnw.2","action":"Commit Response", "result":"Success", "context":Result: Success. cV=asoTrXPQK58OipgvDGUSnw.0;server=akswtt11500001u;cloudType=Consumer;environment=Prod_eastus2_prod-s01-050-nam-eastus2;migrationStage=NotStarted}
{"logTime": "0727/123736", "correlationVector":"Y5g5lcfOMZvmdMo7dmevku","action":"Commit Request", "result":"", "context":Item count: 1
Contributing types: Preferences}
{"logTime": "0727/123736", "correlationVector":"Y5g5lcfOMZvmdMo7dmevku.1","action":"SyncServerConnectionManagerRequest", "result":"SYNC_SERVER_OK", "context":{"environment":"Prod_eastus2_prod-s01-050-nam-eastus2", "migrationStage":"NotStarted", "server":"akswtt115000011"}}
{"logTime": "0727/123736", "correlationVector":"Y5g5lcfOMZvmdMo7dmevku.2","action":"Commit Response", "result":"Success", "context":Result: Success. cV=Y5g5lcfOMZvmdMo7dmevku.0;server=akswtt115000011;cloudType=Consumer;environment=Prod_eastus2_prod-s01-050-nam-eastus2;migrationStage=NotStarted}
{"logTime": "0727/123817", "correlationVector":"kpFp5brur0LC+3cYYTxDyM","action":"Commit Request", "result":"", "context":Item count: 1
Contributing types: Preferences}
{"logTime": "0727/123817", "correlationVector":"kpFp5brur0LC+3cYYTxDyM.1","action":"SyncServerConnectionManagerRequest", "result":"SYNC_SERVER_OK", "context":{"environment":"Prod_eastus2_prod-s01-050-nam-eastus2", "migrationStage":"NotStarted", "server":"akswtt11500000d"}}
{"logTime": "0727/123817", "correlationVector":"kpFp5brur0LC+3cYYTxDyM.2","action":"Commit Response", "result":"Success", "context":Result: Success. cV=kpFp5brur0LC+3cYYTxDyM.0;server=akswtt11500000d;cloudType=Consumer;environment=Prod_eastus2_prod-s01-050-nam-eastus2;migrationStage=NotStarted}
{"logTime": "0727/123917", "correlationVector":"rRnm9L4PHqNCgMUfCDdIxr","action":"Commit Request", "result":"", "context":Item count: 1
Contributing types: Preferences}
{"logTime": "0727/123918", "correlationVector":"rRnm9L4PHqNCgMUfCDdIxr.1","action":"SyncServerConnectionManagerRequest", "result":"SYNC_SERVER_OK", "context":{"environment":"Prod_eastus_prod-s01-056-nam-eastus", "migrationStage":"NotStarted", "server":"akswtt11500000j"}}
{"logTime": "0727/123918", "correlationVector":"rRnm9L4PHqNCgMUfCDdIxr.2","action":"Commit Response", "result":"Success", "context":Result: Success. cV=rRnm9L4PHqNCgMUfCDdIxr.0;server=akswtt11500000j;cloudType=Consumer;environment=Prod_eastus_prod-s01-056-nam-eastus;migrationStage=NotStarted}
{"logTime": "0727/123933", "correlationVector":"rrbVj6tWw5W67gHfGTS6fI","action":"Commit Request", "result":"", "context":Item count: 1
Contributing types: Preferences}
{"logTime": "0727/123933", "correlationVector":"rrbVj6tWw5W67gHfGTS6fI.1","action":"SyncServerConnectionManagerRequest", "result":"SYNC_SERVER_OK", "context":{"environment":"Prod_eastus2_prod-s01-050-nam-eastus2", "migrationStage":"NotStarted", "server":"akswtt11500000g"}}
{"logTime": "0727/123933", "correlationVector":"rrbVj6tWw5W67gHfGTS6fI.2","action":"Commit Response", "result":"Success", "context":Result: Success. cV=rrbVj6tWw5W67gHfGTS6fI.0;server=akswtt11500000g;cloudType=Consumer;environment=Prod_eastus2_prod-s01-050-nam-eastus2;migrationStage=NotStarted}
{"logTime": "0727/124008", "correlationVector":"n6JYJUcysG6OxL4ZInSTi4","action":"Normal GetUpdate request", "result":"", "context":cV=n6JYJUcysG6OxL4ZInSTi4
Nudged types: Preferences
Refresh requested types: Bookmarks, Preferences, Passwords, Autofill Profiles, Autofill, Extensions, Sessions, Extension settings, History Delete Directives, Device Info, User Consents, Send Tab To Self, Web Apps, History, Saved Tab Group, WebAuthn Credentials, Edge E Drop, Edge Hub App Usage, Edge Workspace, Encryption Keys}
{"logTime": "0727/124008", "correlationVector":"n6JYJUcysG6OxL4ZInSTi4.1","action":"SyncServerConnectionManagerRequest", "result":"SYNC_SERVER_OK", "context":{"environment":"Prod_eastus_prod-s01-056-nam-eastus", "migrationStage":"NotStarted", "server":"akswtt115000001"}}
{"logTime": "0727/124008", "correlationVector":"n6JYJUcysG6OxL4ZInSTi4.2","action":"ProcessGetUpdates", "result":"Done", "context":{"dataType":"Preferences", "deleted":"0", "process_failed_to_decrypt":"0", "process_pending_decryption":"0", "process_success":"3", "total":"3"}}
{"logTime": "0727/124008", "correlationVector":"n6JYJUcysG6OxL4ZInSTi4.3","action":"ProcessGetUpdates", "result":"Done", "context":{"dataType":"History", "deleted":"0", "process_failed_to_decrypt":"0", "process_pending_decryption":"0", "process_success":"1", "total":"1"}}
{"logTime": "0727/124008", "correlationVector":"n6JYJUcysG6OxL4ZInSTi4.4","action":"GetUpdates Response", "result":"Success", "context":Received 4 update(s). cV=n6JYJUcysG6OxL4ZInSTi4.0;server=akswtt115000001;cloudType=Consumer;environment=Prod_eastus_prod-s01-056-nam-eastus;migrationStage=NotStarted}
{"logTime": "0727/124008", "correlationVector":"Kkavo9R0kVvhDY6CNlzpS1","action":"Commit Request", "result":"", "context":Item count: 1
Contributing types: Preferences}
{"logTime": "0727/124008", "correlationVector":"Kkavo9R0kVvhDY6CNlzpS1.1","action":"SyncServerConnectionManagerRequest", "result":"SYNC_SERVER_OK", "context":{"environment":"Prod_eastus_prod-s01-056-nam-eastus", "migrationStage":"NotStarted", "server":"akswtt11500000o"}}
{"logTime": "0727/124008", "correlationVector":"Kkavo9R0kVvhDY6CNlzpS1.2","action":"Commit Response", "result":"Success", "context":Result: Success. cV=Kkavo9R0kVvhDY6CNlzpS1.0;server=akswtt11500000o;cloudType=Consumer;environment=Prod_eastus_prod-s01-056-nam-eastus;migrationStage=NotStarted}
{"logTime": "0727/124010", "correlationVector":"ImN+obC7+LrtUCJfHggz+r","action":"Commit Request", "result":"", "context":Item count: 3
Contributing types: Preferences, History}
{"logTime": "0727/124011", "correlationVector":"ImN+obC7+LrtUCJfHggz+r.1","action":"SyncServerConnectionManagerRequest", "result":"SYNC_SERVER_OK", "context":{"environment":"Prod_eastus2_prod-s01-050-nam-eastus2", "migrationStage":"NotStarted", "server":"akswtt115000024"}}
{"logTime": "0727/124011", "correlationVector":"ImN+obC7+LrtUCJfHggz+r.2","action":"Commit Response", "result":"Success", "context":Result: Success. cV=ImN+obC7+LrtUCJfHggz+r.0;server=akswtt115000024;cloudType=Consumer;environment=Prod_eastus2_prod-s01-050-nam-eastus2;migrationStage=NotStarted}
{"logTime": "0727/124109", "correlationVector":"nQTyLzv0u9VyoBofJTcCNM","action":"Commit Request", "result":"", "context":Item count: 1
Contributing types: Preferences}
{"logTime": "0727/124109", "correlationVector":"nQTyLzv0u9VyoBofJTcCNM.1","action":"SyncServerConnectionManagerRequest", "result":"SYNC_SERVER_OK", "context":{"environment":"Prod_eastus2_prod-s01-050-nam-eastus2", "migrationStage":"NotStarted", "server":"akswtt11500000v"}}
{"logTime": "0727/124109", "correlationVector":"nQTyLzv0u9VyoBofJTcCNM.2","action":"Commit Response", "result":"Success", "context":Result: Success. cV=nQTyLzv0u9VyoBofJTcCNM.0;server=akswtt11500000v;cloudType=Consumer;environment=Prod_eastus2_prod-s01-050-nam-eastus2;migrationStage=NotStarted}
{"logTime": "0727/124112", "correlationVector":"bb6co3kAII2ELAXbKqEbNP","action":"Commit Request", "result":"", "context":Item count: 1
Contributing types: Preferences}
{"logTime": "0727/124112", "correlationVector":"bb6co3kAII2ELAXbKqEbNP.1","action":"SyncServerConnectionManagerRequest", "result":"SYNC_SERVER_OK", "context":{"environment":"Prod_eastus2_prod-s01-050-nam-eastus2", "migrationStage":"NotStarted", "server":"akswtt115000022"}}
{"logTime": "0727/124112", "correlationVector":"bb6co3kAII2ELAXbKqEbNP.2","action":"Commit Response", "result":"Success", "context":Result: Success. cV=bb6co3kAII2ELAXbKqEbNP.0;server=akswtt115000022;cloudType=Consumer;environment=Prod_eastus2_prod-s01-050-nam-eastus2;migrationStage=NotStarted}
{"logTime": "0727/124157", "correlationVector":"/v47lfYwjj3uZlsx/MXE1C","action":"Commit Request", "result":"", "context":Item count: 1
Contributing types: Preferences}
{"logTime": "0727/124157", "correlationVector":"/v47lfYwjj3uZlsx/MXE1C.1","action":"SyncServerConnectionManagerRequest", "result":"SYNC_SERVER_OK", "context":{"environment":"Prod_eastus2_prod-s01-050-nam-eastus2", "migrationStage":"NotStarted", "server":"akswtt11500002h"}}
{"logTime": "0727/124157", "correlationVector":"/v47lfYwjj3uZlsx/MXE1C.2","action":"Commit Response", "result":"Success", "context":Result: Success. cV=/v47lfYwjj3uZlsx/MXE1C.0;server=akswtt11500002h;cloudType=Consumer;environment=Prod_eastus2_prod-s01-050-nam-eastus2;migrationStage=NotStarted}
{"logTime": "0727/124212", "correlationVector":"0VP040zILnC363jg8ls1v7","action":"Commit Request", "result":"", "context":Item count: 1
Contributing types: Preferences}
{"logTime": "0727/124212", "correlationVector":"0VP040zILnC363jg8ls1v7.1","action":"SyncServerConnectionManagerRequest", "result":"SYNC_SERVER_OK", "context":{"environment":"Prod_eastus2_prod-s01-050-nam-eastus2", "migrationStage":"NotStarted", "server":"akswtt11500001g"}}
{"logTime": "0727/124212", "correlationVector":"0VP040zILnC363jg8ls1v7.2","action":"Commit Response", "result":"Success", "context":Result: Success. cV=0VP040zILnC363jg8ls1v7.0;server=akswtt11500001g;cloudType=Consumer;environment=Prod_eastus2_prod-s01-050-nam-eastus2;migrationStage=NotStarted}
{"logTime": "0727/124243", "correlationVector":"+WU3gcSiUVhYCJr0hOIStE","action":"Commit Request", "result":"", "context":Item count: 1
Contributing types: Preferences}
{"logTime": "0727/124243", "correlationVector":"+WU3gcSiUVhYCJr0hOIStE.1","action":"SyncServerConnectionManagerRequest", "result":"SYNC_SERVER_OK", "context":{"environment":"Prod_eastus2_prod-s01-050-nam-eastus2", "migrationStage":"NotStarted", "server":"akswtt11500000d"}}
{"logTime": "0727/124243", "correlationVector":"+WU3gcSiUVhYCJr0hOIStE.2","action":"Commit Response", "result":"Success", "context":Result: Success. cV=+WU3gcSiUVhYCJr0hOIStE.0;server=akswtt11500000d;cloudType=Consumer;environment=Prod_eastus2_prod-s01-050-nam-eastus2;migrationStage=NotStarted}
{"logTime": "0727/124302", "correlationVector":"MWuvXiMjZ/ZZjc422nm9Zc","action":"Commit Request", "result":"", "context":Item count: 1
Contributing types: Preferences}
{"logTime": "0727/124302", "correlationVector":"MWuvXiMjZ/ZZjc422nm9Zc.1","action":"SyncServerConnectionManagerRequest", "result":"SYNC_SERVER_OK", "context":{"environment":"Prod_eastus_prod-s01-056-nam-eastus", "migrationStage":"NotStarted", "server":"akswtt115000002"}}
{"logTime": "0727/124302", "correlationVector":"MWuvXiMjZ/ZZjc422nm9Zc.2","action":"Commit Response", "result":"Success", "context":Result: Success. cV=MWuvXiMjZ/ZZjc422nm9Zc.0;server=akswtt115000002;cloudType=Consumer;environment=Prod_eastus_prod-s01-056-nam-eastus;migrationStage=NotStarted}
{"logTime": "0727/124312", "correlationVector":"PzTMA1/bxpksne4DcEz3ls","action":"Commit Request", "result":"", "context":Item count: 1
Contributing types: Preferences}
{"logTime": "0727/124312", "correlationVector":"PzTMA1/bxpksne4DcEz3ls.1","action":"SyncServerConnectionManagerRequest", "result":"SYNC_SERVER_OK", "context":{"environment":"Prod_eastus2_prod-s01-050-nam-eastus2", "migrationStage":"NotStarted", "server":"akswtt115000022"}}
{"logTime": "0727/124312", "correlationVector":"PzTMA1/bxpksne4DcEz3ls.2","action":"Commit Response", "result":"Success", "context":Result: Success. cV=PzTMA1/bxpksne4DcEz3ls.0;server=akswtt115000022;cloudType=Consumer;environment=Prod_eastus2_prod-s01-050-nam-eastus2;migrationStage=NotStarted}
{"logTime": "0727/124354", "correlationVector":"fdAm5p9YKL2U3v/cPP4P5L","action":"Commit Request", "result":"", "context":Item count: 1
Contributing types: Preferences}
{"logTime": "0727/124354", "correlationVector":"fdAm5p9YKL2U3v/cPP4P5L.1","action":"SyncServerConnectionManagerRequest", "result":"SYNC_SERVER_OK", "context":{"environment":"Prod_eastus2_prod-s01-050-nam-eastus2", "migrationStage":"NotStarted", "server":"akswtt115000022"}}
{"logTime": "0727/124354", "correlationVector":"fdAm5p9YKL2U3v/cPP4P5L.2","action":"Commit Response", "result":"Success", "context":Result: Success. cV=fdAm5p9YKL2U3v/cPP4P5L.0;server=akswtt115000022;cloudType=Consumer;environment=Prod_eastus2_prod-s01-050-nam-eastus2;migrationStage=NotStarted}
{"logTime": "0727/124412", "correlationVector":"vHkq7XZzNpLj1kgIxD7+74","action":"Commit Request", "result":"", "context":Item count: 1
Contributing types: Preferences}
{"logTime": "0727/124412", "correlationVector":"vHkq7XZzNpLj1kgIxD7+74.1","action":"SyncServerConnectionManagerRequest", "result":"SYNC_SERVER_OK", "context":{"environment":"Prod_eastus2_prod-s01-050-nam-eastus2", "migrationStage":"NotStarted", "server":"akswtt11500002g"}}
{"logTime": "0727/124412", "correlationVector":"vHkq7XZzNpLj1kgIxD7+74.2","action":"Commit Response", "result":"Success", "context":Result: Success. cV=vHkq7XZzNpLj1kgIxD7+74.0;server=akswtt11500002g;cloudType=Consumer;environment=Prod_eastus2_prod-s01-050-nam-eastus2;migrationStage=NotStarted}
{"logTime": "0727/124504", "correlationVector":"rq+jGO/x/VY5+oYkw2m7NX","action":"Commit Request", "result":"", "context":Item count: 1
Contributing types: Preferences}
{"logTime": "0727/124504", "correlationVector":"rq+jGO/x/VY5+oYkw2m7NX.1","action":"SyncServerConnectionManagerRequest", "result":"SYNC_SERVER_OK", "context":{"environment":"Prod_eastus2_prod-s01-050-nam-eastus2", "migrationStage":"NotStarted", "server":"akswtt11500002i"}}
{"logTime": "0727/124504", "correlationVector":"rq+jGO/x/VY5+oYkw2m7NX.2","action":"Commit Response", "result":"Success", "context":Result: Success. cV=rq+jGO/x/VY5+oYkw2m7NX.0;server=akswtt11500002i;cloudType=Consumer;environment=Prod_eastus2_prod-s01-050-nam-eastus2;migrationStage=NotStarted}
{"logTime": "0727/124512", "correlationVector":"76563jOsW1aEHJEArqWV1n","action":"Commit Request", "result":"", "context":Item count: 1
Contributing types: Preferences}
{"logTime": "0727/124512", "correlationVector":"76563jOsW1aEHJEArqWV1n.1","action":"SyncServerConnectionManagerRequest", "result":"SYNC_SERVER_OK", "context":{"environment":"Prod_eastus2_prod-s01-050-nam-eastus2", "migrationStage":"NotStarted", "server":"akswtt11500002h"}}
{"logTime": "0727/124512", "correlationVector":"76563jOsW1aEHJEArqWV1n.2","action":"Commit Response", "result":"Success", "context":Result: Success. cV=76563jOsW1aEHJEArqWV1n.0;server=akswtt11500002h;cloudType=Consumer;environment=Prod_eastus2_prod-s01-050-nam-eastus2;migrationStage=NotStarted}
{"logTime": "0727/124539", "correlationVector":"/FvTmq3/gYhdxT1wC4pbF+","action":"Commit Request", "result":"", "context":Item count: 1
Contributing types: Preferences}
{"logTime": "0727/124539", "correlationVector":"/FvTmq3/gYhdxT1wC4pbF+.1","action":"SyncServerConnectionManagerRequest", "result":"SYNC_SERVER_OK", "context":{"environment":"Prod_eastus2_prod-s01-050-nam-eastus2", "migrationStage":"NotStarted", "server":"akswtt11500002b"}}
{"logTime": "0727/124539", "correlationVector":"/FvTmq3/gYhdxT1wC4pbF+.2","action":"Commit Response", "result":"Success", "context":Result: Success. cV=/FvTmq3/gYhdxT1wC4pbF+.0;server=akswtt11500002b;cloudType=Consumer;environment=Prod_eastus2_prod-s01-050-nam-eastus2;migrationStage=NotStarted}
{"logTime": "0727/124606", "correlationVector":"yreVIFf4AceI1qo6MLKGvW","action":"Commit Request", "result":"", "context":Item count: 1
Contributing types: Preferences}
{"logTime": "0727/124607", "correlationVector":"yreVIFf4AceI1qo6MLKGvW.1","action":"SyncServerConnectionManagerRequest", "result":"SYNC_SERVER_OK", "context":{"environment":"Prod_eastus2_prod-s01-050-nam-eastus2", "migrationStage":"NotStarted", "server":"akswtt11500002b"}}
{"logTime": "0727/124607", "correlationVector":"yreVIFf4AceI1qo6MLKGvW.2","action":"Commit Response", "result":"Success", "context":Result: Success. cV=yreVIFf4AceI1qo6MLKGvW.0;server=akswtt11500002b;cloudType=Consumer;environment=Prod_eastus2_prod-s01-050-nam-eastus2;migrationStage=NotStarted}
{"logTime": "0727/124612", "correlationVector":"qEYtZRzBibpXuEnZorPOYP","action":"Commit Request", "result":"", "context":Item count: 1
Contributing types: Preferences}
{"logTime": "0727/124612", "correlationVector":"qEYtZRzBibpXuEnZorPOYP.1","action":"SyncServerConnectionManagerRequest", "result":"SYNC_SERVER_OK", "context":{"environment":"Prod_eastus2_prod-s01-050-nam-eastus2", "migrationStage":"NotStarted", "server":"akswtt11500002b"}}
{"logTime": "0727/124612", "correlationVector":"qEYtZRzBibpXuEnZorPOYP.2","action":"Commit Response", "result":"Success", "context":Result: Success. cV=qEYtZRzBibpXuEnZorPOYP.0;server=akswtt11500002b;cloudType=Consumer;environment=Prod_eastus2_prod-s01-050-nam-eastus2;migrationStage=NotStarted}
{"logTime": "0727/124712", "correlationVector":"/b5X3fsWcZe+SF2benJJqw","action":"Commit Request", "result":"", "context":Item count: 1
Contributing types: Preferences}
{"logTime": "0727/124712", "correlationVector":"/b5X3fsWcZe+SF2benJJqw.1","action":"SyncServerConnectionManagerRequest", "result":"SYNC_SERVER_OK", "context":{"environment":"Prod_eastus_prod-s01-056-nam-eastus", "migrationStage":"NotStarted", "server":"akswtt115000002"}}
{"logTime": "0727/124712", "correlationVector":"/b5X3fsWcZe+SF2benJJqw.2","action":"Commit Response", "result":"Success", "context":Result: Success. cV=/b5X3fsWcZe+SF2benJJqw.0;server=akswtt115000002;cloudType=Consumer;environment=Prod_eastus_prod-s01-056-nam-eastus;migrationStage=NotStarted}
{"logTime": "0727/124951", "correlationVector":"sN8NC1eEGCG2WxNy28+7Yu","action":"Commit Request", "result":"", "context":Item count: 1
Contributing types: Preferences}
{"logTime": "0727/124952", "correlationVector":"sN8NC1eEGCG2WxNy28+7Yu.1","action":"SyncServerConnectionManagerRequest", "result":"SYNC_SERVER_OK", "context":{"environment":"Prod_eastus2_prod-s01-050-nam-eastus2", "migrationStage":"NotStarted", "server":"akswtt11500002h"}}
{"logTime": "0727/124952", "correlationVector":"sN8NC1eEGCG2WxNy28+7Yu.2","action":"Commit Response", "result":"Success", "context":Result: Success. cV=sN8NC1eEGCG2WxNy28+7Yu.0;server=akswtt11500002h;cloudType=Consumer;environment=Prod_eastus2_prod-s01-050-nam-eastus2;migrationStage=NotStarted}
{"logTime": "0727/125051", "correlationVector":"6CDLNduUxvMaQA7BrwPtBq","action":"Commit Request", "result":"", "context":Item count: 1
Contributing types: Preferences}
{"logTime": "0727/125052", "correlationVector":"6CDLNduUxvMaQA7BrwPtBq.1","action":"SyncServerConnectionManagerRequest", "result":"SYNC_SERVER_OK", "context":{"environment":"Prod_eastus_prod-s01-056-nam-eastus", "migrationStage":"NotStarted", "server":"akswtt115000000"}}
{"logTime": "0727/125052", "correlationVector":"6CDLNduUxvMaQA7BrwPtBq.2","action":"Commit Response", "result":"Success", "context":Result: Success. cV=6CDLNduUxvMaQA7BrwPtBq.0;server=akswtt115000000;cloudType=Consumer;environment=Prod_eastus_prod-s01-056-nam-eastus;migrationStage=NotStarted}
{"logTime": "0727/125133", "correlationVector":"sG4NEQF2zeZMplzMcLNW8l","action":"Commit Request", "result":"", "context":Item count: 1
Contributing types: Preferences}
{"logTime": "0727/125134", "correlationVector":"sG4NEQF2zeZMplzMcLNW8l.1","action":"SyncServerConnectionManagerRequest", "result":"SYNC_SERVER_OK", "context":{"environment":"Prod_eastus2_prod-s01-050-nam-eastus2", "migrationStage":"NotStarted", "server":"akswtt115000029"}}
{"logTime": "0727/125134", "correlationVector":"sG4NEQF2zeZMplzMcLNW8l.2","action":"Commit Response", "result":"Success", "context":Result: Success. cV=sG4NEQF2zeZMplzMcLNW8l.0;server=akswtt115000029;cloudType=Consumer;environment=Prod_eastus2_prod-s01-050-nam-eastus2;migrationStage=NotStarted}
{"logTime": "0727/125151", "correlationVector":"yFKCH/qIQ/kbR12+1QDsuc","action":"Commit Request", "result":"", "context":Item count: 1
Contributing types: Preferences}
{"logTime": "0727/125151", "correlationVector":"yFKCH/qIQ/kbR12+1QDsuc.1","action":"SyncServerConnectionManagerRequest", "result":"SYNC_SERVER_OK", "context":{"environment":"Prod_eastus2_prod-s01-050-nam-eastus2", "migrationStage":"NotStarted", "server":"akswtt11500000m"}}
{"logTime": "0727/125151", "correlationVector":"yFKCH/qIQ/kbR12+1QDsuc.2","action":"Commit Response", "result":"Success", "context":Result: Success. cV=yFKCH/qIQ/kbR12+1QDsuc.0;server=akswtt11500000m;cloudType=Consumer;environment=Prod_eastus2_prod-s01-050-nam-eastus2;migrationStage=NotStarted}
{"logTime": "0727/125251", "correlationVector":"a8ERty1gEoZ5NHMx8p9eKG","action":"Commit Request", "result":"", "context":Item count: 1
Contributing types: Preferences}
{"logTime": "0727/125251", "correlationVector":"a8ERty1gEoZ5NHMx8p9eKG.1","action":"SyncServerConnectionManagerRequest", "result":"SYNC_SERVER_OK", "context":{"environment":"Prod_eastus2_prod-s01-050-nam-eastus2", "migrationStage":"NotStarted", "server":"akswtt115000001"}}
{"logTime": "0727/125251", "correlationVector":"a8ERty1gEoZ5NHMx8p9eKG.2","action":"Commit Response", "result":"Success", "context":Result: Success. cV=a8ERty1gEoZ5NHMx8p9eKG.0;server=akswtt115000001;cloudType=Consumer;environment=Prod_eastus2_prod-s01-050-nam-eastus2;migrationStage=NotStarted}
{"logTime": "0727/125303", "correlationVector":"puS1mGcfWeJG0pj3Z0rQSO","action":"Commit Request", "result":"", "context":Item count: 1
Contributing types: Preferences}
{"logTime": "0727/125303", "correlationVector":"puS1mGcfWeJG0pj3Z0rQSO.1","action":"SyncServerConnectionManagerRequest", "result":"SYNC_SERVER_OK", "context":{"environment":"Prod_eastus2_prod-s01-050-nam-eastus2", "migrationStage":"NotStarted", "server":"akswtt115000006"}}
{"logTime": "0727/125303", "correlationVector":"puS1mGcfWeJG0pj3Z0rQSO.2","action":"Commit Response", "result":"Success", "context":Result: Success. cV=puS1mGcfWeJG0pj3Z0rQSO.0;server=akswtt115000006;cloudType=Consumer;environment=Prod_eastus2_prod-s01-050-nam-eastus2;migrationStage=NotStarted}
{"logTime": "0727/125328", "correlationVector":"3HsD9Ja55/LkYCCP3w5bMI","action":"Commit Request", "result":"", "context":Item count: 1
Contributing types: Preferences}
{"logTime": "0727/125328", "correlationVector":"3HsD9Ja55/LkYCCP3w5bMI.1","action":"SyncServerConnectionManagerRequest", "result":"SYNC_SERVER_OK", "context":{"environment":"Prod_eastus2_prod-s01-050-nam-eastus2", "migrationStage":"NotStarted", "server":"akswtt115000001"}}
{"logTime": "0727/125328", "correlationVector":"3HsD9Ja55/LkYCCP3w5bMI.2","action":"Commit Response", "result":"Success", "context":Result: Success. cV=3HsD9Ja55/LkYCCP3w5bMI.0;server=akswtt115000001;cloudType=Consumer;environment=Prod_eastus2_prod-s01-050-nam-eastus2;migrationStage=NotStarted}
{"logTime": "0727/125351", "correlationVector":"WyOaMp+DOgE8LX6ywub5Sm","action":"Commit Request", "result":"", "context":Item count: 1
Contributing types: Preferences}
{"logTime": "0727/125352", "correlationVector":"WyOaMp+DOgE8LX6ywub5Sm.1","action":"SyncServerConnectionManagerRequest", "result":"SYNC_SERVER_OK", "context":{"environment":"Prod_eastus2_prod-s01-050-nam-eastus2", "migrationStage":"NotStarted", "server":"akswtt115000005"}}
{"logTime": "0727/125352", "correlationVector":"WyOaMp+DOgE8LX6ywub5Sm.2","action":"Commit Response", "result":"Success", "context":Result: Success. cV=WyOaMp+DOgE8LX6ywub5Sm.0;server=akswtt115000005;cloudType=Consumer;environment=Prod_eastus2_prod-s01-050-nam-eastus2;migrationStage=NotStarted}
{"logTime": "0727/125437", "correlationVector":"U+FXImH+rzeJIfkzdSjW/T","action":"Commit Request", "result":"", "context":Item count: 1
Contributing types: Preferences}
{"logTime": "0727/125438", "correlationVector":"U+FXImH+rzeJIfkzdSjW/T.1","action":"SyncServerConnectionManagerRequest", "result":"SYNC_SERVER_OK", "context":{"environment":"Prod_eastus2_prod-s01-050-nam-eastus2", "migrationStage":"NotStarted", "server":"akswtt115000019"}}
{"logTime": "0727/125438", "correlationVector":"U+FXImH+rzeJIfkzdSjW/T.2","action":"Commit Response", "result":"Success", "context":Result: Success. cV=U+FXImH+rzeJIfkzdSjW/T.0;server=akswtt115000019;cloudType=Consumer;environment=Prod_eastus2_prod-s01-050-nam-eastus2;migrationStage=NotStarted}
{"logTime": "0727/125451", "correlationVector":"uU58cApk0ClREXJntgAWdl","action":"Commit Request", "result":"", "context":Item count: 1
Contributing types: Preferences}
{"logTime": "0727/125452", "correlationVector":"uU58cApk0ClREXJntgAWdl.1","action":"SyncServerConnectionManagerRequest", "result":"SYNC_SERVER_OK", "context":{"environment":"Prod_eastus2_prod-s01-050-nam-eastus2", "migrationStage":"NotStarted", "server":"akswtt11500002y"}}
{"logTime": "0727/125452", "correlationVector":"uU58cApk0ClREXJntgAWdl.2","action":"Commit Response", "result":"Success", "context":Result: Success. cV=uU58cApk0ClREXJntgAWdl.0;server=akswtt11500002y;cloudType=Consumer;environment=Prod_eastus2_prod-s01-050-nam-eastus2;migrationStage=NotStarted}
{"logTime": "0727/125551", "correlationVector":"9iuOjVdlJFW0sjSbdnQ5jq","action":"Commit Request", "result":"", "context":Item count: 1
Contributing types: Preferences}
{"logTime": "0727/125552", "correlationVector":"9iuOjVdlJFW0sjSbdnQ5jq.1","action":"SyncServerConnectionManagerRequest", "result":"SYNC_SERVER_OK", "context":{"environment":"Prod_eastus2_prod-s01-050-nam-eastus2", "migrationStage":"NotStarted", "server":"akswtt11500001b"}}
{"logTime": "0727/125552", "correlationVector":"9iuOjVdlJFW0sjSbdnQ5jq.2","action":"Commit Response", "result":"Success", "context":Result: Success. cV=9iuOjVdlJFW0sjSbdnQ5jq.0;server=akswtt11500001b;cloudType=Consumer;environment=Prod_eastus2_prod-s01-050-nam-eastus2;migrationStage=NotStarted}
{"logTime": "0727/125623", "correlationVector":"JaIEfc1dCuifN/BKu/zBcD","action":"Commit Request", "result":"", "context":Item count: 1
Contributing types: Preferences}
{"logTime": "0727/125623", "correlationVector":"JaIEfc1dCuifN/BKu/zBcD.1","action":"SyncServerConnectionManagerRequest", "result":"SYNC_SERVER_OK", "context":{"environment":"Prod_eastus2_prod-s01-050-nam-eastus2", "migrationStage":"NotStarted", "server":"akswtt115000006"}}
{"logTime": "0727/125623", "correlationVector":"JaIEfc1dCuifN/BKu/zBcD.2","action":"Commit Response", "result":"Success", "context":Result: Success. cV=JaIEfc1dCuifN/BKu/zBcD.0;server=akswtt115000006;cloudType=Consumer;environment=Prod_eastus2_prod-s01-050-nam-eastus2;migrationStage=NotStarted}
{"logTime": "0727/125650", "correlationVector":"5Drcrr2SH6A8LwCdos/flI","action":"Normal GetUpdate request", "result":"", "context":cV=5Drcrr2SH6A8LwCdos/flI
Nudged types: Preferences
Refresh requested types: Bookmarks, Preferences, Passwords, Autofill Profiles, Autofill, Extensions, Sessions, Extension settings, History Delete Directives, Device Info, User Consents, Send Tab To Self, Web Apps, History, Saved Tab Group, WebAuthn Credentials, Edge E Drop, Edge Hub App Usage, Edge Workspace, Encryption Keys}
{"logTime": "0727/125651", "correlationVector":"5Drcrr2SH6A8LwCdos/flI.1","action":"SyncServerConnectionManagerRequest", "result":"SYNC_SERVER_OK", "context":{"environment":"Prod_eastus2_prod-s01-050-nam-eastus2", "migrationStage":"NotStarted", "server":"akswtt11500001k"}}
{"logTime": "0727/125651", "correlationVector":"5Drcrr2SH6A8LwCdos/flI.2","action":"ProcessGetUpdates", "result":"Done", "context":{"dataType":"Preferences", "deleted":"0", "process_failed_to_decrypt":"0", "process_pending_decryption":"0", "process_success":"3", "total":"3"}}
{"logTime": "0727/125651", "correlationVector":"5Drcrr2SH6A8LwCdos/flI.3","action":"ProcessGetUpdates", "result":"Done", "context":{"dataType":"History", "deleted":"0", "process_failed_to_decrypt":"0", "process_pending_decryption":"0", "process_success":"1", "total":"1"}}
{"logTime": "0727/125651", "correlationVector":"5Drcrr2SH6A8LwCdos/flI.4","action":"GetUpdates Response", "result":"Success", "context":Received 4 update(s). cV=5Drcrr2SH6A8LwCdos/flI.0;server=akswtt11500001k;cloudType=Consumer;environment=Prod_eastus2_prod-s01-050-nam-eastus2;migrationStage=NotStarted}
{"logTime": "0727/125651", "correlationVector":"nZPf9XBba/mMj4Yn1D5TWC","action":"Commit Request", "result":"", "context":Item count: 1
Contributing types: Preferences}
{"logTime": "0727/125654", "correlationVector":"nZPf9XBba/mMj4Yn1D5TWC.1","action":"SyncServerConnectionManagerRequest", "result":"SYNC_SERVER_OK", "context":{"environment":"Prod_eastus2_prod-s01-050-nam-eastus2", "migrationStage":"NotStarted", "server":"akswtt115000004"}}
{"logTime": "0727/125654", "correlationVector":"nZPf9XBba/mMj4Yn1D5TWC.2","action":"Commit Response", "result":"Success", "context":Result: Success. cV=nZPf9XBba/mMj4Yn1D5TWC.0;server=akswtt115000004;cloudType=Consumer;environment=Prod_eastus2_prod-s01-050-nam-eastus2;migrationStage=NotStarted}
{"logTime": "0727/125656", "correlationVector":"1npdJSN9d0Xe+O9AfOyjgf","action":"Commit Request", "result":"", "context":Item count: 3
Contributing types: Preferences, History}
{"logTime": "0727/125657", "correlationVector":"1npdJSN9d0Xe+O9AfOyjgf.1","action":"SyncServerConnectionManagerRequest", "result":"SYNC_SERVER_OK", "context":{"environment":"Prod_eastus_prod-s01-056-nam-eastus", "migrationStage":"NotStarted", "server":"akswtt11500000o"}}
{"logTime": "0727/125657", "correlationVector":"1npdJSN9d0Xe+O9AfOyjgf.2","action":"Commit Response", "result":"Success", "context":Result: Success. cV=1npdJSN9d0Xe+O9AfOyjgf.0;server=akswtt11500000o;cloudType=Consumer;environment=Prod_eastus_prod-s01-056-nam-eastus;migrationStage=NotStarted}
{"logTime": "0727/125758", "correlationVector":"wn4asedYM//gOc7IEqC2GE","action":"Commit Request", "result":"", "context":Item count: 1
Contributing types: Preferences}
{"logTime": "0727/125758", "correlationVector":"wn4asedYM//gOc7IEqC2GE.1","action":"SyncServerConnectionManagerRequest", "result":"SYNC_SERVER_OK", "context":{"environment":"Prod_eastus2_prod-s01-050-nam-eastus2", "migrationStage":"NotStarted", "server":"akswtt11500002n"}}
{"logTime": "0727/125758", "correlationVector":"wn4asedYM//gOc7IEqC2GE.2","action":"Commit Response", "result":"Success", "context":Result: Success. cV=wn4asedYM//gOc7IEqC2GE.0;server=akswtt11500002n;cloudType=Consumer;environment=Prod_eastus2_prod-s01-050-nam-eastus2;migrationStage=NotStarted}
{"logTime": "0727/125858", "correlationVector":"gVDPeyW/u4iOBng8zUo36f","action":"Commit Request", "result":"", "context":Item count: 1
Contributing types: Preferences}
{"logTime": "0727/125858", "correlationVector":"gVDPeyW/u4iOBng8zUo36f.1","action":"SyncServerConnectionManagerRequest", "result":"SYNC_SERVER_OK", "context":{"environment":"Prod_eastus2_prod-s01-050-nam-eastus2", "migrationStage":"NotStarted", "server":"akswtt115000006"}}
{"logTime": "0727/125858", "correlationVector":"gVDPeyW/u4iOBng8zUo36f.2","action":"Commit Response", "result":"Success", "context":Result: Success. cV=gVDPeyW/u4iOBng8zUo36f.0;server=akswtt115000006;cloudType=Consumer;environment=Prod_eastus2_prod-s01-050-nam-eastus2;migrationStage=NotStarted}
{"logTime": "0727/125908", "correlationVector":"IqzB1szKTPYlHuYEV1c7o8","action":"Commit Request", "result":"", "context":Item count: 1
Contributing types: Preferences}
{"logTime": "0727/125908", "correlationVector":"IqzB1szKTPYlHuYEV1c7o8.1","action":"SyncServerConnectionManagerRequest", "result":"SYNC_SERVER_OK", "context":{"environment":"Prod_eastus2_prod-s01-050-nam-eastus2", "migrationStage":"NotStarted", "server":"akswtt11500002u"}}
{"logTime": "0727/125908", "correlationVector":"IqzB1szKTPYlHuYEV1c7o8.2","action":"Commit Response", "result":"Success", "context":Result: Success. cV=IqzB1szKTPYlHuYEV1c7o8.0;server=akswtt11500002u;cloudType=Consumer;environment=Prod_eastus2_prod-s01-050-nam-eastus2;migrationStage=NotStarted}
{"logTime": "0727/125958", "correlationVector":"ok+c2h9wuPGrW53iocWcdu","action":"Commit Request", "result":"", "context":Item count: 1
Contributing types: Preferences}
{"logTime": "0727/125958", "correlationVector":"ok+c2h9wuPGrW53iocWcdu.1","action":"SyncServerConnectionManagerRequest", "result":"SYNC_SERVER_OK", "context":{"environment":"Prod_eastus2_prod-s01-050-nam-eastus2", "migrationStage":"NotStarted", "server":"akswtt115000006"}}
{"logTime": "0727/125958", "correlationVector":"ok+c2h9wuPGrW53iocWcdu.2","action":"Commit Response", "result":"Success", "context":Result: Success. cV=ok+c2h9wuPGrW53iocWcdu.0;server=akswtt115000006;cloudType=Consumer;environment=Prod_eastus2_prod-s01-050-nam-eastus2;migrationStage=NotStarted}
{"logTime": "0727/130004", "correlationVector":"VWnVJPIhw7Z1r3dqQc+oMe","action":"Commit Request", "result":"", "context":Item count: 1
Contributing types: Preferences}
{"logTime": "0727/130004", "correlationVector":"VWnVJPIhw7Z1r3dqQc+oMe.1","action":"SyncServerConnectionManagerRequest", "result":"SYNC_SERVER_OK", "context":{"environment":"Prod_eastus2_prod-s01-050-nam-eastus2", "migrationStage":"NotStarted", "server":"akswtt115000035"}}
{"logTime": "0727/130004", "correlationVector":"VWnVJPIhw7Z1r3dqQc+oMe.2","action":"Commit Response", "result":"Success", "context":Result: Success. cV=VWnVJPIhw7Z1r3dqQc+oMe.0;server=akswtt115000035;cloudType=Consumer;environment=Prod_eastus2_prod-s01-050-nam-eastus2;migrationStage=NotStarted}
{"logTime": "0727/130058", "correlationVector":"UkH7CqksRQ7VE5Xe/aUOHL","action":"Commit Request", "result":"", "context":Item count: 1
Contributing types: Preferences}
{"logTime": "0727/130058", "correlationVector":"UkH7CqksRQ7VE5Xe/aUOHL.1","action":"SyncServerConnectionManagerRequest", "result":"SYNC_SERVER_OK", "context":{"environment":"Prod_eastus_prod-s01-056-nam-eastus", "migrationStage":"NotStarted", "server":"akswtt115000004"}}
{"logTime": "0727/130058", "correlationVector":"UkH7CqksRQ7VE5Xe/aUOHL.2","action":"Commit Response", "result":"Success", "context":Result: Success. cV=UkH7CqksRQ7VE5Xe/aUOHL.0;server=akswtt115000004;cloudType=Consumer;environment=Prod_eastus_prod-s01-056-nam-eastus;migrationStage=NotStarted}
{"logTime": "0727/130134", "correlationVector":"9MJ3fnMmjK0/0Y+kul2q5P","action":"Commit Request", "result":"", "context":Item count: 1
Contributing types: Preferences}
{"logTime": "0727/130135", "correlationVector":"9MJ3fnMmjK0/0Y+kul2q5P.1","action":"SyncServerConnectionManagerRequest", "result":"SYNC_SERVER_OK", "context":{"environment":"Prod_eastus2_prod-s01-050-nam-eastus2", "migrationStage":"NotStarted", "server":"akswtt11500002p"}}
{"logTime": "0727/130135", "correlationVector":"9MJ3fnMmjK0/0Y+kul2q5P.2","action":"Commit Response", "result":"Success", "context":Result: Success. cV=9MJ3fnMmjK0/0Y+kul2q5P.0;server=akswtt11500002p;cloudType=Consumer;environment=Prod_eastus2_prod-s01-050-nam-eastus2;migrationStage=NotStarted}
{"logTime": "0727/130158", "correlationVector":"lO3D93kAk1YcK5WdevKuS6","action":"Commit Request", "result":"", "context":Item count: 1
Contributing types: Preferences}
{"logTime": "0727/130158", "correlationVector":"lO3D93kAk1YcK5WdevKuS6.1","action":"SyncServerConnectionManagerRequest", "result":"SYNC_SERVER_OK", "context":{"environment":"Prod_eastus2_prod-s01-050-nam-eastus2", "migrationStage":"NotStarted", "server":"akswtt11500002u"}}
{"logTime": "0727/130158", "correlationVector":"lO3D93kAk1YcK5WdevKuS6.2","action":"Commit Response", "result":"Success", "context":Result: Success. cV=lO3D93kAk1YcK5WdevKuS6.0;server=akswtt11500002u;cloudType=Consumer;environment=Prod_eastus2_prod-s01-050-nam-eastus2;migrationStage=NotStarted}
{"logTime": "0727/130214", "correlationVector":"FRXhSDbJjPV0SRj1Cfcz3g","action":"Commit Request", "result":"", "context":Item count: 1
Contributing types: Preferences}
{"logTime": "0727/130214", "correlationVector":"FRXhSDbJjPV0SRj1Cfcz3g.1","action":"SyncServerConnectionManagerRequest", "result":"SYNC_SERVER_OK", "context":{"environment":"Prod_eastus_prod-s01-056-nam-eastus", "migrationStage":"NotStarted", "server":"akswtt11500000f"}}
{"logTime": "0727/130214", "correlationVector":"FRXhSDbJjPV0SRj1Cfcz3g.2","action":"Commit Response", "result":"Success", "context":Result: Success. cV=FRXhSDbJjPV0SRj1Cfcz3g.0;server=akswtt11500000f;cloudType=Consumer;environment=Prod_eastus_prod-s01-056-nam-eastus;migrationStage=NotStarted}
{"logTime": "0727/130258", "correlationVector":"DX2d1uueApmeaH9NxJpZu6","action":"Commit Request", "result":"", "context":Item count: 1
Contributing types: Preferences}
{"logTime": "0727/130258", "correlationVector":"DX2d1uueApmeaH9NxJpZu6.1","action":"SyncServerConnectionManagerRequest", "result":"SYNC_SERVER_OK", "context":{"environment":"Prod_eastus2_prod-s01-050-nam-eastus2", "migrationStage":"NotStarted", "server":"akswtt115000006"}}
{"logTime": "0727/130258", "correlationVector":"DX2d1uueApmeaH9NxJpZu6.2","action":"Commit Response", "result":"Success", "context":Result: Success. cV=DX2d1uueApmeaH9NxJpZu6.0;server=akswtt115000006;cloudType=Consumer;environment=Prod_eastus2_prod-s01-050-nam-eastus2;migrationStage=NotStarted}
{"logTime": "0727/150119", "correlationVector":"gInXWzsEEejxwZMBei1x4S","action":"Commit Request", "result":"", "context":Item count: 4
Contributing types: Preferences, Sessions, History}
{"logTime": "0727/150121", "correlationVector":"gInXWzsEEejxwZMBei1x4S.1","action":"SyncServerConnectionManagerRequest", "result":"SYNC_SERVER_OK", "context":{"environment":"Prod_eastus2_prod-s01-050-nam-eastus2", "migrationStage":"NotStarted", "server":"akswtt115000011"}}
{"logTime": "0727/150121", "correlationVector":"gInXWzsEEejxwZMBei1x4S.2","action":"Commit Response", "result":"Success", "context":Result: Success. cV=gInXWzsEEejxwZMBei1x4S.0;server=akswtt115000011;cloudType=Consumer;environment=Prod_eastus2_prod-s01-050-nam-eastus2;migrationStage=NotStarted}
{"logTime": "0727/150221", "correlationVector":"6zVuJ/E7ks0xMRvTL7NW5/","action":"Commit Request", "result":"", "context":Item count: 3
Contributing types: Sessions, History}
{"logTime": "0727/150222", "correlationVector":"6zVuJ/E7ks0xMRvTL7NW5/.1","action":"SyncServerConnectionManagerRequest", "result":"SYNC_SERVER_OK", "context":{"environment":"Prod_eastus2_prod-s01-050-nam-eastus2", "migrationStage":"NotStarted", "server":"akswtt115000005"}}
{"logTime": "0727/150222", "correlationVector":"6zVuJ/E7ks0xMRvTL7NW5/.2","action":"Commit Response", "result":"Success", "context":Result: Success. cV=6zVuJ/E7ks0xMRvTL7NW5/.0;server=akswtt115000005;cloudType=Consumer;environment=Prod_eastus2_prod-s01-050-nam-eastus2;migrationStage=NotStarted}
{"logTime": "0727/150328", "correlationVector":"4bnq0cL94SL9kxiIxJnUGw","action":"Commit Request", "result":"", "context":Item count: 7
Contributing types: Sessions, History}
{"logTime": "0727/150330", "correlationVector":"4bnq0cL94SL9kxiIxJnUGw.1","action":"SyncServerConnectionManagerRequest", "result":"SYNC_SERVER_OK", "context":{"environment":"Prod_eastus2_prod-s01-050-nam-eastus2", "migrationStage":"NotStarted", "server":"akswtt115000001"}}
{"logTime": "0727/150330", "correlationVector":"4bnq0cL94SL9kxiIxJnUGw.2","action":"Commit Response", "result":"Success", "context":Result: Success. cV=4bnq0cL94SL9kxiIxJnUGw.0;server=akswtt115000001;cloudType=Consumer;environment=Prod_eastus2_prod-s01-050-nam-eastus2;migrationStage=NotStarted}
{"logTime": "0727/150719", "correlationVector":"UaJUwzHeUcbS+DXB0Ho1K8","action":"Commit Request", "result":"", "context":Item count: 6
Contributing types: Sessions, History}
{"logTime": "0727/150720", "correlationVector":"UaJUwzHeUcbS+DXB0Ho1K8.1","action":"SyncServerConnectionManagerRequest", "result":"SYNC_SERVER_OK", "context":{"environment":"Prod_eastus_prod-s01-056-nam-eastus", "migrationStage":"NotStarted", "server":"akswtt11500000f"}}
{"logTime": "0727/150720", "correlationVector":"UaJUwzHeUcbS+DXB0Ho1K8.3","action":"Commit.Sessions", "result":"Success", "context":{"id":"e06d93cc-03a4-45fb-a03a-30b22deceec2", "isDeleted":"true", "size":"0", "version":"1785164609149"}}
{"logTime": "0727/150720", "correlationVector":"UaJUwzHeUcbS+DXB0Ho1K8.2","action":"Commit Response", "result":"Success", "context":Result: Success. cV=UaJUwzHeUcbS+DXB0Ho1K8.0;server=akswtt11500000f;cloudType=Consumer;environment=Prod_eastus_prod-s01-056-nam-eastus;migrationStage=NotStarted}
{"logTime": "0727/150825", "correlationVector":"kezWa0clP9OJsPpfSDTwRv","action":"Commit Request", "result":"", "context":Item count: 3
Contributing types: Sessions, History}
{"logTime": "0727/150826", "correlationVector":"kezWa0clP9OJsPpfSDTwRv.1","action":"SyncServerConnectionManagerRequest", "result":"SYNC_SERVER_OK", "context":{"environment":"Prod_eastus2_prod-s01-050-nam-eastus2", "migrationStage":"NotStarted", "server":"akswtt11500000x"}}
{"logTime": "0727/150826", "correlationVector":"kezWa0clP9OJsPpfSDTwRv.2","action":"Commit Response", "result":"Success", "context":Result: Success. cV=kezWa0clP9OJsPpfSDTwRv.0;server=akswtt11500000x;cloudType=Consumer;environment=Prod_eastus2_prod-s01-050-nam-eastus2;migrationStage=NotStarted}
{"logTime": "0727/150931", "correlationVector":"LRHtF2rht/LTdZ9N8TCund","action":"Commit Request", "result":"", "context":Item count: 5
Contributing types: Sessions, History}
{"logTime": "0727/150932", "correlationVector":"LRHtF2rht/LTdZ9N8TCund.1","action":"SyncServerConnectionManagerRequest", "result":"SYNC_SERVER_OK", "context":{"environment":"Prod_eastus_prod-s01-056-nam-eastus", "migrationStage":"NotStarted", "server":"akswtt115000001"}}
{"logTime": "0727/150932", "correlationVector":"LRHtF2rht/LTdZ9N8TCund.2","action":"Commit Response", "result":"Success", "context":Result: Success. cV=LRHtF2rht/LTdZ9N8TCund.0;server=akswtt115000001;cloudType=Consumer;environment=Prod_eastus_prod-s01-056-nam-eastus;migrationStage=NotStarted}
{"logTime": "0727/151238", "correlationVector":"Zs8+8ZCydPKTODl27Ds2Wx","action":"Commit Request", "result":"", "context":Item count: 5
Contributing types: Sessions, History}
{"logTime": "0727/151239", "correlationVector":"Zs8+8ZCydPKTODl27Ds2Wx.1","action":"SyncServerConnectionManagerRequest", "result":"SYNC_SERVER_OK", "context":{"environment":"Prod_eastus2_prod-s01-050-nam-eastus2", "migrationStage":"NotStarted", "server":"akswtt11500002k"}}
{"logTime": "0727/151239", "correlationVector":"Zs8+8ZCydPKTODl27Ds2Wx.2","action":"Commit Response", "result":"Success", "context":Result: Success. cV=Zs8+8ZCydPKTODl27Ds2Wx.0;server=akswtt11500002k;cloudType=Consumer;environment=Prod_eastus2_prod-s01-050-nam-eastus2;migrationStage=NotStarted}
{"logTime": "0727/151530", "correlationVector":"wXaybRN+21BRg2osGDOT0R","action":"Commit Request", "result":"", "context":Item count: 5
Contributing types: Sessions, History}
{"logTime": "0727/151531", "correlationVector":"wXaybRN+21BRg2osGDOT0R.1","action":"SyncServerConnectionManagerRequest", "result":"SYNC_SERVER_OK", "context":{"environment":"Prod_eastus2_prod-s01-050-nam-eastus2", "migrationStage":"NotStarted", "server":"akswtt115000028"}}
{"logTime": "0727/151531", "correlationVector":"wXaybRN+21BRg2osGDOT0R.2","action":"Commit Response", "result":"Success", "context":Result: Success. cV=wXaybRN+21BRg2osGDOT0R.0;server=akswtt115000028;cloudType=Consumer;environment=Prod_eastus2_prod-s01-050-nam-eastus2;migrationStage=NotStarted}
{"logTime": "0727/171844", "correlationVector":"t1CDS8c4VHGqpvPNxq3+u/","action":"Poll GetUpdate request", "result":"", "context":cV=t1CDS8c4VHGqpvPNxq3+u/}
{"logTime": "0727/171845", "correlationVector":"t1CDS8c4VHGqpvPNxq3+u/.1","action":"SyncServerConnectionManagerRequest", "result":"SYNC_SERVER_OK", "context":{"environment":"Prod_eastus2_prod-s01-050-nam-eastus2", "migrationStage":"NotStarted", "server":"akswtt11500000e"}}
{"logTime": "0727/171845", "correlationVector":"t1CDS8c4VHGqpvPNxq3+u/.2","action":"ProcessGetUpdates", "result":"Done", "context":{"dataType":"Preferences", "deleted":"0", "process_failed_to_decrypt":"0", "process_pending_decryption":"0", "process_success":"3", "total":"3"}}
{"logTime": "0727/171845", "correlationVector":"t1CDS8c4VHGqpvPNxq3+u/.3","action":"ProcessGetUpdates", "result":"Done", "context":{"dataType":"Sessions", "deleted":"1", "process_failed_to_decrypt":"0", "process_pending_decryption":"0", "process_success":"4", "total":"4"}}
{"logTime": "0727/171845", "correlationVector":"t1CDS8c4VHGqpvPNxq3+u/.4","action":"ProcessGetUpdates", "result":"Done", "context":{"dataType":"History", "deleted":"0", "process_failed_to_decrypt":"0", "process_pending_decryption":"0", "process_success":"10", "total":"10"}}
{"logTime": "0727/171845", "correlationVector":"t1CDS8c4VHGqpvPNxq3+u/.5","action":"GetUpdates Response", "result":"Success", "context":Received 17 update(s). cV=t1CDS8c4VHGqpvPNxq3+u/.0;server=akswtt11500000e;cloudType=Consumer;environment=Prod_eastus2_prod-s01-050-nam-eastus2;migrationStage=NotStarted}
{"logTime": "0727/212729", "correlationVector":"E1NOXMZV2h/zB+gzT3l4og","action":"Commit Request", "result":"", "context":Item count: 18
Contributing types: Sessions, History}
{"logTime": "0727/212729", "correlationVector":"E1NOXMZV2h/zB+gzT3l4og.1","action":"SyncServerConnectionManagerRequest", "result":"SYNC_AUTH_ERROR", "context":{"environment":"Prod_eastus2_prod-s01-050-nam-eastus2", "migrationStage":"NotStarted", "server":"akswtt11500001u"}}
{"logTime": "0727/212729", "correlationVector":"E1NOXMZV2h/zB+gzT3l4og.2","action":"Commit Response", "result":"HTTP error (401)", "context":Result: HTTP error (401). cV=E1NOXMZV2h/zB+gzT3l4og.0;server=akswtt11500001u;cloudType=Undetermined;environment=Prod_eastus2_prod-s01-050-nam-eastus2;migrationStage=NotStarted}
{"logTime": "0727/212729", "correlationVector":"JaBexXeaMZufuMJP+xuZ2u","action":"Commit Request", "result":"", "context":Item count: 18
Contributing types: Sessions, History}
{"logTime": "0727/212732", "correlationVector":"JaBexXeaMZufuMJP+xuZ2u.1","action":"SyncServerConnectionManagerRequest", "result":"SYNC_SERVER_OK", "context":{"environment":"Prod_eastus2_prod-s01-050-nam-eastus2", "migrationStage":"NotStarted", "server":"akswtt11500000m"}}
{"logTime": "0727/212732", "correlationVector":"JaBexXeaMZufuMJP+xuZ2u.2","action":"Commit Response", "result":"Success", "context":Result: Success. cV=JaBexXeaMZufuMJP+xuZ2u.0;server=akswtt11500000m;cloudType=Consumer;environment=Prod_eastus2_prod-s01-050-nam-eastus2;migrationStage=NotStarted}
{"logTime": "0727/212840", "correlationVector":"0lfSVWuKlAKE4WHmmrc7eS","action":"Commit Request", "result":"", "context":Item count: 5
Contributing types: Sessions, History}
{"logTime": "0727/212841", "correlationVector":"0lfSVWuKlAKE4WHmmrc7eS.1","action":"SyncServerConnectionManagerRequest", "result":"SYNC_SERVER_OK", "context":{"environment":"Prod_eastus_prod-s01-056-nam-eastus", "migrationStage":"NotStarted", "server":"akswtt115000006"}}
{"logTime": "0727/212841", "correlationVector":"0lfSVWuKlAKE4WHmmrc7eS.3","action":"Commit.Sessions", "result":"Success", "context":{"id":"821fa3c8-8f23-411c-b728-026f6689ee01", "isDeleted":"true", "size":"0", "version":"1785187650452"}}
{"logTime": "0727/212841", "correlationVector":"0lfSVWuKlAKE4WHmmrc7eS.2","action":"Commit Response", "result":"Success", "context":Result: Success. cV=0lfSVWuKlAKE4WHmmrc7eS.0;server=akswtt115000006;cloudType=Consumer;environment=Prod_eastus_prod-s01-056-nam-eastus;migrationStage=NotStarted}
{"logTime": "0727/213803", "correlationVector":"7rY+ZFvlh6NHGlMJANeVIs","action":"Normal GetUpdate request", "result":"", "context":cV=7rY+ZFvlh6NHGlMJANeVIs
Notified types: Preferences}
{"logTime": "0727/213803", "correlationVector":"7rY+ZFvlh6NHGlMJANeVIs.1","action":"SyncServerConnectionManagerRequest", "result":"SYNC_SERVER_OK", "context":{"environment":"Prod_eastus_prod-s01-056-nam-eastus", "migrationStage":"NotStarted", "server":"akswtt115000008"}}
{"logTime": "0727/213803", "correlationVector":"7rY+ZFvlh6NHGlMJANeVIs.2","action":"ProcessGetUpdates", "result":"Done", "context":{"dataType":"Preferences", "deleted":"0", "process_failed_to_decrypt":"0", "process_pending_decryption":"0", "process_success":"1", "total":"1"}}
{"logTime": "0727/213803", "correlationVector":"7rY+ZFvlh6NHGlMJANeVIs.3","action":"ProcessGetUpdates", "result":"Done", "context":{"dataType":"Sessions", "deleted":"1", "process_failed_to_decrypt":"0", "process_pending_decryption":"0", "process_success":"4", "total":"4"}}
{"logTime": "0727/213803", "correlationVector":"7rY+ZFvlh6NHGlMJANeVIs.4","action":"ProcessGetUpdates", "result":"Done", "context":{"dataType":"History", "deleted":"0", "process_failed_to_decrypt":"0", "process_pending_decryption":"0", "process_success":"16", "total":"16"}}
{"logTime": "0727/213803", "correlationVector":"7rY+ZFvlh6NHGlMJANeVIs.5","action":"GetUpdates Response", "result":"Success", "context":Received 21 update(s). cV=7rY+ZFvlh6NHGlMJANeVIs.0;server=akswtt115000008;cloudType=Consumer;environment=Prod_eastus_prod-s01-056-nam-eastus;migrationStage=NotStarted}
{"logTime": "0727/213912", "correlationVector":"trMBmH9Pa+HiwFwe5MbOO2","action":"Commit Request", "result":"", "context":Item count: 12
Contributing types: Sessions, History}
{"logTime": "0727/213914", "correlationVector":"trMBmH9Pa+HiwFwe5MbOO2.1","action":"SyncServerConnectionManagerRequest", "result":"SYNC_SERVER_OK", "context":{"environment":"Prod_eastus_prod-s01-056-nam-eastus", "migrationStage":"NotStarted", "server":"akswtt11500000g"}}
{"logTime": "0727/213914", "correlationVector":"trMBmH9Pa+HiwFwe5MbOO2.2","action":"Commit Response", "result":"Success", "context":Result: Success. cV=trMBmH9Pa+HiwFwe5MbOO2.0;server=akswtt11500000g;cloudType=Consumer;environment=Prod_eastus_prod-s01-056-nam-eastus;migrationStage=NotStarted}
{"logTime": "0727/214014", "correlationVector":"/xQJ+J/IyWXD26bp46NzT+","action":"Commit Request", "result":"", "context":Item count: 10
Contributing types: Sessions, History}
{"logTime": "0727/214015", "correlationVector":"/xQJ+J/IyWXD26bp46NzT+.1","action":"SyncServerConnectionManagerRequest", "result":"SYNC_SERVER_OK", "context":{"environment":"Prod_eastus_prod-s01-056-nam-eastus", "migrationStage":"NotStarted", "server":"akswtt11500000j"}}
{"logTime": "0727/214015", "correlationVector":"/xQJ+J/IyWXD26bp46NzT+.2","action":"Commit Response", "result":"Success", "context":Result: Success. cV=/xQJ+J/IyWXD26bp46NzT+.0;server=akswtt11500000j;cloudType=Consumer;environment=Prod_eastus_prod-s01-056-nam-eastus;migrationStage=NotStarted}
{"logTime": "0727/214246", "correlationVector":"9HptzokQ0SmFA0tvUjj2od","action":"Commit Request", "result":"", "context":Item count: 12
Contributing types: Sessions, History}
{"logTime": "0727/214248", "correlationVector":"9HptzokQ0SmFA0tvUjj2od.1","action":"SyncServerConnectionManagerRequest", "result":"SYNC_SERVER_OK", "context":{"environment":"Prod_eastus_prod-s01-056-nam-eastus", "migrationStage":"NotStarted", "server":"akswtt11500000m"}}
{"logTime": "0727/214248", "correlationVector":"9HptzokQ0SmFA0tvUjj2od.2","action":"Commit Response", "result":"Success", "context":Result: Success. cV=9HptzokQ0SmFA0tvUjj2od.0;server=akswtt11500000m;cloudType=Consumer;environment=Prod_eastus_prod-s01-056-nam-eastus;migrationStage=NotStarted}
{"logTime": "0727/214355", "correlationVector":"zkxLN6jjiL6MxyZwORO5Zn","action":"Commit Request", "result":"", "context":Item count: 18
Contributing types: Sessions, History}
{"logTime": "0727/214358", "correlationVector":"zkxLN6jjiL6MxyZwORO5Zn.1","action":"SyncServerConnectionManagerRequest", "result":"SYNC_SERVER_OK", "context":{"environment":"Prod_eastus_prod-s01-056-nam-eastus", "migrationStage":"NotStarted", "server":"akswtt11500000l"}}
{"logTime": "0727/214358", "correlationVector":"zkxLN6jjiL6MxyZwORO5Zn.3","action":"Commit.Sessions", "result":"Success", "context":{"id":"9c1c36f6-f090-4470-83d6-c309bb623b7e", "isDeleted":"true", "size":"0", "version":"1785188567185"}}
{"logTime": "0727/214358", "correlationVector":"zkxLN6jjiL6MxyZwORO5Zn.2","action":"Commit Response", "result":"Success", "context":Result: Success. cV=zkxLN6jjiL6MxyZwORO5Zn.0;server=akswtt11500000l;cloudType=Consumer;environment=Prod_eastus_prod-s01-056-nam-eastus;migrationStage=NotStarted}
{"logTime": "0727/222749", "correlationVector":"rO0uKdmPEGjE9Bvgr0H9gf","action":"Commit Request", "result":"", "context":Item count: 8
Contributing types: Sessions, History}
{"logTime": "0727/222757", "correlationVector":"rO0uKdmPEGjE9Bvgr0H9gf.1","action":"SyncServerConnectionManagerRequest", "result":"SYNC_SERVER_OK", "context":{"environment":"Prod_eastus_prod-s01-056-nam-eastus", "migrationStage":"NotStarted", "server":"akswtt115000002"}}
{"logTime": "0727/222757", "correlationVector":"rO0uKdmPEGjE9Bvgr0H9gf.2","action":"Commit Response", "result":"Success", "context":Result: Success. cV=rO0uKdmPEGjE9Bvgr0H9gf.0;server=akswtt115000002;cloudType=Consumer;environment=Prod_eastus_prod-s01-056-nam-eastus;migrationStage=NotStarted}
{"logTime": "0727/223206", "correlationVector":"OHjIsrPekKLcCD/0Qp5/sl","action":"Commit Request", "result":"", "context":Item count: 5
Contributing types: Sessions, History}
{"logTime": "0727/223207", "correlationVector":"OHjIsrPekKLcCD/0Qp5/sl.1","action":"SyncServerConnectionManagerRequest", "result":"SYNC_SERVER_OK", "context":{"environment":"Prod_eastus_prod-s01-056-nam-eastus", "migrationStage":"NotStarted", "server":"akswtt11500000p"}}
{"logTime": "0727/223207", "correlationVector":"OHjIsrPekKLcCD/0Qp5/sl.2","action":"Commit Response", "result":"Success", "context":Result: Success. cV=OHjIsrPekKLcCD/0Qp5/sl.0;server=akswtt11500000p;cloudType=Consumer;environment=Prod_eastus_prod-s01-056-nam-eastus;migrationStage=NotStarted}
{"logTime": "0727/223308", "correlationVector":"3ISoCAfQ1szRh05SHYovK3","action":"Commit Request", "result":"", "context":Item count: 7
Contributing types: Sessions, History}
{"logTime": "0727/223309", "correlationVector":"3ISoCAfQ1szRh05SHYovK3.1","action":"SyncServerConnectionManagerRequest", "result":"SYNC_SERVER_OK", "context":{"environment":"Prod_eastus_prod-s01-056-nam-eastus", "migrationStage":"NotStarted", "server":"akswtt11500000b"}}
{"logTime": "0727/223309", "correlationVector":"3ISoCAfQ1szRh05SHYovK3.2","action":"Commit Response", "result":"Success", "context":Result: Success. cV=3ISoCAfQ1szRh05SHYovK3.0;server=akswtt11500000b;cloudType=Consumer;environment=Prod_eastus_prod-s01-056-nam-eastus;migrationStage=NotStarted}
{"logTime": "0727/225823", "correlationVector":"5d9di4+RBkvoWgZwp/zbNf","action":"Commit Request", "result":"", "context":Item count: 6
Contributing types: Sessions, History}
{"logTime": "0727/225824", "correlationVector":"5d9di4+RBkvoWgZwp/zbNf.1","action":"SyncServerConnectionManagerRequest", "result":"SYNC_SERVER_OK", "context":{"environment":"Prod_eastus_prod-s01-056-nam-eastus", "migrationStage":"NotStarted", "server":"akswtt11500000f"}}
{"logTime": "0727/225824", "correlationVector":"5d9di4+RBkvoWgZwp/zbNf.3","action":"Commit.Sessions", "result":"Success", "context":{"id":"ca47f2fa-bfa1-4897-a1e2-65bfc667193f", "isDeleted":"true", "size":"0", "version":"1785191588523"}}
{"logTime": "0727/225824", "correlationVector":"5d9di4+RBkvoWgZwp/zbNf.2","action":"Commit Response", "result":"Success", "context":Result: Success. cV=5d9di4+RBkvoWgZwp/zbNf.0;server=akswtt11500000f;cloudType=Consumer;environment=Prod_eastus_prod-s01-056-nam-eastus;migrationStage=NotStarted}
{"logTime": "0727/230029", "correlationVector":"UFwlMZXprJOLlN7vMDeQtT","action":"Commit Request", "result":"", "context":Item count: 5
Contributing types: Sessions, History}
{"logTime": "0727/230029", "correlationVector":"UFwlMZXprJOLlN7vMDeQtT.1","action":"SyncServerConnectionManagerRequest", "result":"SYNC_SERVER_OK", "context":{"environment":"Prod_eastus_prod-s01-056-nam-eastus", "migrationStage":"NotStarted", "server":"akswtt11500000j"}}
{"logTime": "0727/230029", "correlationVector":"UFwlMZXprJOLlN7vMDeQtT.2","action":"Commit Response", "result":"Success", "context":Result: Success. cV=UFwlMZXprJOLlN7vMDeQtT.0;server=akswtt11500000j;cloudType=Consumer;environment=Prod_eastus_prod-s01-056-nam-eastus;migrationStage=NotStarted}
{"logTime": "0727/230247", "correlationVector":"M5sSwAp43s444/duFhoEKB","action":"Commit Request", "result":"", "context":Item count: 5
Contributing types: Sessions, History}
{"logTime": "0727/230248", "correlationVector":"M5sSwAp43s444/duFhoEKB.1","action":"SyncServerConnectionManagerRequest", "result":"SYNC_SERVER_OK", "context":{"environment":"Prod_eastus_prod-s01-056-nam-eastus", "migrationStage":"NotStarted", "server":"akswtt11500000a"}}
{"logTime": "0727/230248", "correlationVector":"M5sSwAp43s444/duFhoEKB.2","action":"Commit Response", "result":"Success", "context":Result: Success. cV=M5sSwAp43s444/duFhoEKB.0;server=akswtt11500000a;cloudType=Consumer;environment=Prod_eastus_prod-s01-056-nam-eastus;migrationStage=NotStarted}
{"logTime": "0727/231229", "correlationVector":"t05/Cln+PdPMc4yNilxJKz","action":"Commit Request", "result":"", "context":Item count: 6
Contributing types: Sessions, History}
{"logTime": "0727/231230", "correlationVector":"t05/Cln+PdPMc4yNilxJKz.1","action":"SyncServerConnectionManagerRequest", "result":"SYNC_SERVER_OK", "context":{"environment":"Prod_eastus_prod-s01-056-nam-eastus", "migrationStage":"NotStarted", "server":"akswtt115000005"}}
{"logTime": "0727/231230", "correlationVector":"t05/Cln+PdPMc4yNilxJKz.2","action":"Commit Response", "result":"Success", "context":Result: Success. cV=t05/Cln+PdPMc4yNilxJKz.0;server=akswtt115000005;cloudType=Consumer;environment=Prod_eastus_prod-s01-056-nam-eastus;migrationStage=NotStarted}
{"logTime": "0727/231401", "correlationVector":"NFLowsj8RWZG8VLVq/yFw3","action":"Commit Request", "result":"", "context":Item count: 9
Contributing types: Sessions, History}
{"logTime": "0727/231402", "correlationVector":"NFLowsj8RWZG8VLVq/yFw3.1","action":"SyncServerConnectionManagerRequest", "result":"SYNC_SERVER_OK", "context":{"environment":"Prod_eastus_prod-s01-056-nam-eastus", "migrationStage":"NotStarted", "server":"akswtt11500000e"}}
{"logTime": "0727/231402", "correlationVector":"NFLowsj8RWZG8VLVq/yFw3.2","action":"Commit Response", "result":"Success", "context":Result: Success. cV=NFLowsj8RWZG8VLVq/yFw3.0;server=akswtt11500000e;cloudType=Consumer;environment=Prod_eastus_prod-s01-056-nam-eastus;migrationStage=NotStarted}
{"logTime": "0727/231516", "correlationVector":"kDH80lasmDiSYE8NeA5M5A","action":"Commit Request", "result":"", "context":Item count: 8
Contributing types: Sessions, History}
{"logTime": "0727/231517", "correlationVector":"kDH80lasmDiSYE8NeA5M5A.1","action":"SyncServerConnectionManagerRequest", "result":"SYNC_SERVER_OK", "context":{"environment":"Prod_eastus_prod-s01-056-nam-eastus", "migrationStage":"NotStarted", "server":"akswtt115000003"}}
{"logTime": "0727/231517", "correlationVector":"kDH80lasmDiSYE8NeA5M5A.2","action":"Commit Response", "result":"Success", "context":Result: Success. cV=kDH80lasmDiSYE8NeA5M5A.0;server=akswtt115000003;cloudType=Consumer;environment=Prod_eastus_prod-s01-056-nam-eastus;migrationStage=NotStarted}
{"logTime": "0727/231618", "correlationVector":"4Mz3sAVBA1yJ/heEiiOdhN","action":"Commit Request", "result":"", "context":Item count: 4
Contributing types: Sessions, History}
{"logTime": "0727/231619", "correlationVector":"4Mz3sAVBA1yJ/heEiiOdhN.1","action":"SyncServerConnectionManagerRequest", "result":"SYNC_SERVER_OK", "context":{"environment":"Prod_eastus_prod-s01-056-nam-eastus", "migrationStage":"NotStarted", "server":"akswtt115000001"}}
{"logTime": "0727/231619", "correlationVector":"4Mz3sAVBA1yJ/heEiiOdhN.3","action":"Commit.Sessions", "result":"Success", "context":{"id":"9ba58eaa-df77-4c8b-9c39-54cebc406687", "isDeleted":"true", "size":"0", "version":"1785194116651"}}
{"logTime": "0727/231619", "correlationVector":"4Mz3sAVBA1yJ/heEiiOdhN.2","action":"Commit Response", "result":"Success", "context":Result: Success. cV=4Mz3sAVBA1yJ/heEiiOdhN.0;server=akswtt115000001;cloudType=Consumer;environment=Prod_eastus_prod-s01-056-nam-eastus;migrationStage=NotStarted}
{"logTime": "0727/231811", "correlationVector":"UGL2O9z+hRliri53tDYOl+","action":"Commit Request", "result":"", "context":Item count: 9
Contributing types: Sessions, History}
{"logTime": "0727/231813", "correlationVector":"UGL2O9z+hRliri53tDYOl+.1","action":"SyncServerConnectionManagerRequest", "result":"SYNC_SERVER_OK", "context":{"environment":"Prod_eastus_prod-s01-056-nam-eastus", "migrationStage":"NotStarted", "server":"akswtt11500000g"}}
{"logTime": "0727/231813", "correlationVector":"UGL2O9z+hRliri53tDYOl+.2","action":"Commit Response", "result":"Success", "context":Result: Success. cV=UGL2O9z+hRliri53tDYOl+.0;server=akswtt11500000g;cloudType=Consumer;environment=Prod_eastus_prod-s01-056-nam-eastus;migrationStage=NotStarted}
{"logTime": "0727/232048", "correlationVector":"IYqF0o3EH4Np8/rBErblqo","action":"Commit Request", "result":"", "context":Item count: 5
Contributing types: Sessions, History}
{"logTime": "0727/232049", "correlationVector":"IYqF0o3EH4Np8/rBErblqo.1","action":"SyncServerConnectionManagerRequest", "result":"SYNC_SERVER_OK", "context":{"environment":"Prod_eastus_prod-s01-056-nam-eastus", "migrationStage":"NotStarted", "server":"akswtt11500000o"}}
{"logTime": "0727/232049", "correlationVector":"IYqF0o3EH4Np8/rBErblqo.3","action":"Commit.Sessions", "result":"Success", "context":{"id":"747b0015-2f0a-4ef0-b456-d12771e1bce0", "isDeleted":"true", "size":"0", "version":"1785194291909"}}
{"logTime": "0727/232049", "correlationVector":"IYqF0o3EH4Np8/rBErblqo.4","action":"Commit.Sessions", "result":"Success", "context":{"id":"ceac0294-bc21-487e-a6b9-831b5d2f4a6d", "isDeleted":"true", "size":"0", "version":"1785194291911"}}
{"logTime": "0727/232049", "correlationVector":"IYqF0o3EH4Np8/rBErblqo.2","action":"Commit Response", "result":"Success", "context":Result: Success. cV=IYqF0o3EH4Np8/rBErblqo.0;server=akswtt11500000o;cloudType=Consumer;environment=Prod_eastus_prod-s01-056-nam-eastus;migrationStage=NotStarted}
{"logTime": "0727/233303", "correlationVector":"Avz7Y65xMVQEs8iJ8bNq7Q","action":"Commit Request", "result":"", "context":Item count: 7
Contributing types: Sessions, History}
{"logTime": "0727/233304", "correlationVector":"Avz7Y65xMVQEs8iJ8bNq7Q.1","action":"SyncServerConnectionManagerRequest", "result":"SYNC_SERVER_OK", "context":{"environment":"Prod_eastus_prod-s01-056-nam-eastus", "migrationStage":"NotStarted", "server":"akswtt115000002"}}
{"logTime": "0727/233304", "correlationVector":"Avz7Y65xMVQEs8iJ8bNq7Q.3","action":"Commit.Sessions", "result":"Success", "context":{"id":"374d2e40-8a2b-4b84-b105-706c8d9e0818", "isDeleted":"true", "size":"0", "version":"1785194449089"}}
{"logTime": "0727/233304", "correlationVector":"Avz7Y65xMVQEs8iJ8bNq7Q.2","action":"Commit Response", "result":"Success", "context":Result: Success. cV=Avz7Y65xMVQEs8iJ8bNq7Q.0;server=akswtt115000002;cloudType=Consumer;environment=Prod_eastus_prod-s01-056-nam-eastus;migrationStage=NotStarted}
{"logTime": "0727/234647", "correlationVector":"lRZJjcvCbfTfB2XBigrks2","action":"Normal GetUpdate request", "result":"", "context":cV=lRZJjcvCbfTfB2XBigrks2
Nudged types: Preferences, Sessions, History
Refresh requested types: Bookmarks, Preferences, Passwords, Autofill Profiles, Autofill, Extensions, Sessions, Extension settings, History Delete Directives, Device Info, User Consents, Send Tab To Self, Web Apps, History, Saved Tab Group, WebAuthn Credentials, Edge E Drop, Edge Hub App Usage, Edge Workspace, Encryption Keys}
{"logTime": "0727/234647", "correlationVector":"lRZJjcvCbfTfB2XBigrks2.1","action":"SyncServerConnectionManagerRequest", "result":"SYNC_SERVER_OK", "context":{"environment":"Prod_eastus_prod-s01-056-nam-eastus", "migrationStage":"NotStarted", "server":"akswtt11500000d"}}
{"logTime": "0727/234647", "correlationVector":"lRZJjcvCbfTfB2XBigrks2.2","action":"ProcessGetUpdates", "result":"Done", "context":{"dataType":"Sessions", "deleted":"6", "process_failed_to_decrypt":"0", "process_pending_decryption":"0", "process_success":"9", "total":"9"}}
{"logTime": "0727/234647", "correlationVector":"lRZJjcvCbfTfB2XBigrks2.3","action":"ProcessGetUpdates", "result":"Done", "context":{"dataType":"History", "deleted":"0", "process_failed_to_decrypt":"0", "process_pending_decryption":"0", "process_success":"58", "total":"58"}}
{"logTime": "0727/234647", "correlationVector":"lRZJjcvCbfTfB2XBigrks2.4","action":"GetUpdates Response", "result":"Success", "context":Received 67 update(s). cV=lRZJjcvCbfTfB2XBigrks2.0;server=akswtt11500000d;cloudType=Consumer;environment=Prod_eastus_prod-s01-056-nam-eastus;migrationStage=NotStarted}
{"logTime": "0727/234647", "correlationVector":"1mAlNeLV6c5t15fJZQw0sT","action":"Commit Request", "result":"", "context":Item count: 10
Contributing types: Preferences, Sessions, History}
{"logTime": "0727/234649", "correlationVector":"1mAlNeLV6c5t15fJZQw0sT.1","action":"SyncServerConnectionManagerRequest", "result":"SYNC_SERVER_OK", "context":{"environment":"Prod_eastus_prod-s01-056-nam-eastus", "migrationStage":"NotStarted", "server":"akswtt115000007"}}
{"logTime": "0727/234649", "correlationVector":"1mAlNeLV6c5t15fJZQw0sT.2","action":"Commit Response", "result":"Success", "context":Result: Success. cV=1mAlNeLV6c5t15fJZQw0sT.0;server=akswtt115000007;cloudType=Consumer;environment=Prod_eastus_prod-s01-056-nam-eastus;migrationStage=NotStarted}
{"logTime": "0727/234649", "correlationVector":"1mAlNeLV6c5t15fJZQw0sT.3","action":"Commit.Sessions", "result":"Success", "context":{"id":"0e0ee3fc-16be-417c-beb0-615866c490a5", "isDeleted":"true", "size":"0", "version":"1785195184342"}}
{"logTime": "0727/234649", "correlationVector":"1mAlNeLV6c5t15fJZQw0sT.4","action":"Commit.Sessions", "result":"Success", "context":{"id":"2d83d3b4-5f98-4b01-b48e-5e80f9cc8b3d", "isDeleted":"true", "size":"0", "version":"1785187650453"}}
{"logTime": "0727/234649", "correlationVector":"1mAlNeLV6c5t15fJZQw0sT.5","action":"Commit.Sessions", "result":"Success", "context":{"id":"bf9a3c20-d57d-4265-870b-1b90d348f7df", "isDeleted":"true", "size":"0", "version":"1785195184344"}}
{"logTime": "0727/234651", "correlationVector":"3nAcFWkG2i8yyk3TjfU9lF","action":"Commit Request", "result":"", "context":Item count: 1
Contributing types: History}
{"logTime": "0727/234651", "correlationVector":"3nAcFWkG2i8yyk3TjfU9lF.1","action":"SyncServerConnectionManagerRequest", "result":"SYNC_SERVER_OK", "context":{"environment":"Prod_eastus_prod-s01-056-nam-eastus", "migrationStage":"NotStarted", "server":"akswtt11500000g"}}
{"logTime": "0727/234651", "correlationVector":"3nAcFWkG2i8yyk3TjfU9lF.2","action":"Commit Response", "result":"Success", "context":Result: Success. cV=3nAcFWkG2i8yyk3TjfU9lF.0;server=akswtt11500000g;cloudType=Consumer;environment=Prod_eastus_prod-s01-056-nam-eastus;migrationStage=NotStarted}
{"logTime": "0727/234725", "correlationVector":"UIjSt4Swg1GUAl1obsdVQO","action":"Commit Request", "result":"", "context":Item count: 7
Contributing types: Preferences, Sessions, History}
{"logTime": "0727/234726", "correlationVector":"UIjSt4Swg1GUAl1obsdVQO.1","action":"SyncServerConnectionManagerRequest", "result":"SYNC_SERVER_OK", "context":{"environment":"Prod_eastus_prod-s01-056-nam-eastus", "migrationStage":"NotStarted", "server":"akswtt115000008"}}
{"logTime": "0727/234726", "correlationVector":"UIjSt4Swg1GUAl1obsdVQO.2","action":"Commit Response", "result":"Success", "context":Result: Success. cV=UIjSt4Swg1GUAl1obsdVQO.0;server=akswtt115000008;cloudType=Consumer;environment=Prod_eastus_prod-s01-056-nam-eastus;migrationStage=NotStarted}
