2026-07-21 05:38:56.734: [INFO][Sync] Reset engine, reason: 8
2026-07-21 05:38:56.734: [INFO][Sync] Stopped: Bookmarks
2026-07-21 05:38:56.734: [INFO][Sync] Stopped: Preferences
2026-07-21 05:38:56.734: [INFO][Sync] Stopped: Passwords
2026-07-21 05:38:56.734: [INFO][Sync] Stopped: Autofill Profiles
2026-07-21 05:38:56.734: [INFO][Sync] Stopped: Autofill
2026-07-21 05:38:56.734: [INFO][Sync] Stopped: Extensions
2026-07-21 05:38:56.734: [INFO][Sync] Stopped: Sessions
2026-07-21 05:38:56.734: [INFO][Sync] Stopped: Extension settings
2026-07-21 05:38:56.734: [INFO][Sync] Stopped: History Delete Directives
2026-07-21 05:38:56.734: [INFO][Sync] Stopped: Device Info
2026-07-21 05:38:56.734: [INFO][Sync] Stopped: User Consents
2026-07-21 05:38:56.734: [INFO][Sync] Stopped: Send Tab To Self
2026-07-21 05:38:56.734: [INFO][Sync] Stopped: Web Apps
2026-07-21 05:38:56.734: [INFO][Sync] Stopped: History
2026-07-21 05:38:56.734: [INFO][Sync] Stopped: Saved Tab Group
2026-07-21 05:38:56.734: [INFO][Sync] Stopped: WebAuthn Credentials
2026-07-21 05:38:56.734: [INFO][Sync] Stopped: Edge E Drop
2026-07-21 05:38:56.734: [INFO][Sync] Stopped: Edge Hub App Usage
2026-07-21 05:38:56.734: [INFO][Sync] Stopped: Edge Workspace
2026-07-21 05:38:56.734: [INFO][Sync] SyncState after authenticated was: NotSignedIn
2026-07-21 05:38:56.935: [INFO][Sync] Reset engine, reason: 8
2026-07-21 05:38:56.935: [INFO][Sync] Stopped: Bookmarks
2026-07-21 05:38:56.935: [INFO][Sync] Stopped: Preferences
2026-07-21 05:38:56.935: [INFO][Sync] Stopped: Passwords
2026-07-21 05:38:56.935: [INFO][Sync] Stopped: Autofill Profiles
2026-07-21 05:38:56.935: [INFO][Sync] Stopped: Autofill
2026-07-21 05:38:56.935: [INFO][Sync] Stopped: Extensions
2026-07-21 05:38:56.935: [INFO][Sync] Stopped: Sessions
2026-07-21 05:38:56.935: [INFO][Sync] Stopped: Extension settings
2026-07-21 05:38:56.935: [INFO][Sync] Stopped: History Delete Directives
2026-07-21 05:38:56.935: [INFO][Sync] Stopped: Device Info
2026-07-21 05:38:56.935: [INFO][Sync] Stopped: User Consents
2026-07-21 05:38:56.935: [INFO][Sync] Stopped: Send Tab To Self
2026-07-21 05:38:56.935: [INFO][Sync] Stopped: Web Apps
2026-07-21 05:38:56.935: [INFO][Sync] Stopped: History
2026-07-21 05:38:56.935: [INFO][Sync] Stopped: Saved Tab Group
2026-07-21 05:38:56.935: [INFO][Sync] Stopped: WebAuthn Credentials
2026-07-21 05:38:56.935: [INFO][Sync] Stopped: Edge E Drop
2026-07-21 05:38:56.935: [INFO][Sync] Stopped: Edge Hub App Usage
2026-07-21 05:38:56.935: [INFO][Sync] Stopped: Edge Workspace
2026-07-21 05:39:54.070: [INFO][Sync] Try to start sync engine
2026-07-21 05:39:54.070: [INFO][SyncManagerImpl::NudgeForInitialDownload] Initial download nudge for Encryption Keys
2026-07-21 05:39:54.070: [INFO][SyncEngineBackend::LoadAndConnectNigoriController] Load and connect Nigori controller
2026-07-21 05:39:54.070: [INFO][SyncEngineBackend::DoInitialize] Control Types added: Encryption Keys
2026-07-21 05:39:54.070: [INFO][SyncManagerImpl::ConfigureSyncer] Types to download: Encryption Keys with reason: 3
2026-07-21 05:39:54.070: [INFO][SyncSchedulerImpl::DoConfigurationSyncCycleJob] Configure job was blocked
2026-07-21 05:39:54.289: [INFO][SyncAuthManager::SetLastAuthError] Current auth error: None
2026-07-21 05:39:54.289: [INFO][SyncAuthManager::EdgeLogTokenErrorState] Token error with: None for account type: MSA
2026-07-21 05:39:54.289: [INFO][Sync] Credentials changed for: EdgeSyncScopeNew
2026-07-21 05:39:54.348: [INFO][SyncAuthManager::SetLastAuthError] Current auth error: None
2026-07-21 05:39:54.348: [INFO][SyncAuthManager::EdgeLogTokenErrorState] Token error with: None for account type: MSA
2026-07-21 05:39:54.348: [INFO][Sync] Credentials changed for: EdgeSyncKeyDataScope
2026-07-21 05:39:54.348: [INFO][SyncEngineBackend::DoUpdateKeyDataCredentials] Update key data credentials
2026-07-21 05:39:54.348: [INFO][SyncEngineBackend::DoUpdateCredentials] Update credentials
2026-07-21 05:39:54.348: [INFO][SyncSchedulerImpl::DoConfigurationSyncCycleJob] Blocked types:  and types to download: Encryption Keys
2026-07-21 05:39:54.789: [INFO][Sync] Started DataTypeManager configuration, reason: 4
2026-07-21 05:39:54.789: [INFO][Sync] Configuring for: Bookmarks, Preferences, Passwords, Autofill Profiles, Autofill, Extensions, Sessions, Extension settings, History Delete Directives, Device Info, User Consents, Send Tab To Self, Web Apps, History, Saved Tab Group, WebAuthn Credentials, Edge E Drop, Edge Hub App Usage, Edge Workspace, Encryption Keys, reason: 3, current state: 0
2026-07-21 05:39:54.789: [WARN][Sync] Crypto error data types: Passwords, Autofill Profiles, Autofill
2026-07-21 05:39:54.790: [INFO][Sync] Configure, desired: Bookmarks, Preferences, Extensions, Sessions, Extension settings, History Delete Directives, Device Info, User Consents, Send Tab To Self, Web Apps, History, Saved Tab Group, WebAuthn Credentials, Edge E Drop, Edge Hub App Usage, Edge Workspace, Encryption Keys; Allow fail: Passwords, Autofill Profiles, Autofill
2026-07-21 05:39:54.790: [INFO][Sync] Loading: Bookmarks
2026-07-21 05:39:54.790: [INFO][Sync] Loading: Preferences
2026-07-21 05:39:54.790: [INFO][Sync] Loading: Extensions
2026-07-21 05:39:54.790: [INFO][Sync] Loading: Sessions
2026-07-21 05:39:54.790: [INFO][Sync] Loading: Extension settings
2026-07-21 05:39:54.790: [INFO][Sync] Loading: History Delete Directives
2026-07-21 05:39:54.790: [INFO][Sync] Loading: Device Info
2026-07-21 05:39:54.790: [INFO][Sync] Loading: User Consents
2026-07-21 05:39:54.790: [INFO][Sync] Loading: Send Tab To Self
2026-07-21 05:39:54.790: [INFO][Sync] Loading: Web Apps
2026-07-21 05:39:54.790: [INFO][Sync] Loading: History
2026-07-21 05:39:54.790: [INFO][Sync] Loading: Saved Tab Group
2026-07-21 05:39:54.790: [INFO][Sync] Loading: WebAuthn Credentials
2026-07-21 05:39:54.790: [INFO][Sync] Loading: Edge E Drop
2026-07-21 05:39:54.790: [INFO][Sync] Loading: Edge Hub App Usage
2026-07-21 05:39:54.790: [INFO][Sync] Loading: Edge Workspace
2026-07-21 05:39:54.794: [INFO][Sync] All data types are ready for configure.
2026-07-21 05:39:55.008: [INFO][Sync] Started DataTypeManager configuration, reason: 5
2026-07-21 05:39:55.009: [INFO][Sync] Configuring for: Bookmarks, Preferences, Passwords, Autofill Profiles, Autofill, Extensions, Sessions, Extension settings, History Delete Directives, Device Info, User Consents, Send Tab To Self, Web Apps, History, Saved Tab Group, WebAuthn Credentials, Edge E Drop, Edge Hub App Usage, Edge Workspace, Encryption Keys, reason: 5, current state: 1
2026-07-21 05:39:55.011: [INFO][SyncEngineBackend::DoStartConfiguration] Start configuration
2026-07-21 05:39:55.011: [INFO][SyncManagerImpl::NudgeForInitialDownload] Initial download nudge for Bookmarks
2026-07-21 05:39:55.011: [INFO][SyncManagerImpl::NudgeForInitialDownload] Initial download nudge for Preferences
2026-07-21 05:39:55.011: [INFO][SyncManagerImpl::NudgeForInitialDownload] Initial download nudge for Extensions
2026-07-21 05:39:55.011: [INFO][SyncManagerImpl::NudgeForInitialDownload] Initial download nudge for Sessions
2026-07-21 05:39:55.011: [INFO][SyncManagerImpl::NudgeForInitialDownload] Initial download nudge for Extension settings
2026-07-21 05:39:55.011: [INFO][SyncManagerImpl::NudgeForInitialDownload] Initial download nudge for History Delete Directives
2026-07-21 05:39:55.011: [INFO][SyncManagerImpl::NudgeForInitialDownload] Initial download nudge for Device Info
2026-07-21 05:39:55.011: [INFO][SyncManagerImpl::NudgeForInitialDownload] Initial download nudge for Send Tab To Self
2026-07-21 05:39:55.011: [INFO][SyncManagerImpl::NudgeForInitialDownload] Initial download nudge for Web Apps
2026-07-21 05:39:55.011: [INFO][SyncManagerImpl::NudgeForInitialDownload] Initial download nudge for History
2026-07-21 05:39:55.011: [INFO][SyncManagerImpl::NudgeForInitialDownload] Initial download nudge for Saved Tab Group
2026-07-21 05:39:55.011: [INFO][SyncManagerImpl::NudgeForInitialDownload] Initial download nudge for WebAuthn Credentials
2026-07-21 05:39:55.011: [INFO][SyncManagerImpl::NudgeForInitialDownload] Initial download nudge for Edge E Drop
2026-07-21 05:39:55.011: [INFO][SyncManagerImpl::NudgeForInitialDownload] Initial download nudge for Edge Hub App Usage
2026-07-21 05:39:55.011: [INFO][SyncManagerImpl::NudgeForInitialDownload] Initial download nudge for Edge Workspace
2026-07-21 05:39:55.011: [INFO][SyncManagerImpl::ConfigureSyncer] Types to download:  with reason: 3
2026-07-21 05:39:55.011: [INFO][SyncEngineBackend::DoFinishConfigureDataTypes] Failed to download types:  and succeeded types: 
2026-07-21 05:39:55.012: [INFO][Sync] ConfigurationDone, failed: , succeeded: , remaining count: 3
2026-07-21 05:39:55.012: [WARN][Sync]     Reconfigure requested while configuration ongoing.
2026-07-21 05:39:55.012: [INFO][Sync] Configuring for: Bookmarks, Preferences, Passwords, Autofill Profiles, Autofill, Extensions, Sessions, Extension settings, History Delete Directives, Device Info, User Consents, Send Tab To Self, Web Apps, History, Saved Tab Group, WebAuthn Credentials, Edge E Drop, Edge Hub App Usage, Edge Workspace, Encryption Keys, reason: 5, current state: 2
2026-07-21 05:39:55.012: [INFO][Sync] Configure, desired: Bookmarks, Preferences, Passwords, Autofill Profiles, Autofill, Extensions, Sessions, Extension settings, History Delete Directives, Device Info, User Consents, Send Tab To Self, Web Apps, History, Saved Tab Group, WebAuthn Credentials, Edge E Drop, Edge Hub App Usage, Edge Workspace, Encryption Keys; Allow fail: 
2026-07-21 05:39:55.012: [INFO][Sync] Loading: Passwords
2026-07-21 05:39:55.012: [INFO][Sync] Loading: Autofill Profiles
2026-07-21 05:39:55.012: [INFO][Sync] Loading: Autofill
2026-07-21 05:39:55.012: [INFO][Sync] All data types are ready for configure.
2026-07-21 05:39:55.012: [INFO][SyncManagerImpl::NudgeForInitialDownload] Initial download nudge for Passwords
2026-07-21 05:39:55.012: [INFO][SyncManagerImpl::NudgeForInitialDownload] Initial download nudge for Autofill Profiles
2026-07-21 05:39:55.012: [INFO][SyncManagerImpl::NudgeForInitialDownload] Initial download nudge for Autofill
2026-07-21 05:39:55.012: [INFO][SyncManagerImpl::ConfigureSyncer] Types to download:  with reason: 5
2026-07-21 05:39:55.012: [INFO][SyncEngineBackend::DoFinishConfigureDataTypes] Failed to download types:  and succeeded types: 
2026-07-21 05:39:55.012: [INFO][Sync] ConfigurationDone, failed: , succeeded: , remaining count: 3
2026-07-21 05:39:55.012: [INFO][Sync] Prepare to configure types: Passwords, Device Info, Edge E Drop, Encryption Keys
2026-07-21 05:39:55.012: [INFO][SyncManagerImpl::ConfigureSyncer] Types to download: Passwords, Device Info, Edge E Drop, Encryption Keys with reason: 5
2026-07-21 05:39:55.012: [INFO][SyncSchedulerImpl::DoConfigurationSyncCycleJob] Blocked types:  and types to download: Passwords, Device Info, Edge E Drop, Encryption Keys
2026-07-21 05:39:56.271: [INFO][Sync] Started DataTypeManager configuration, reason: 1
2026-07-21 05:39:56.271: [INFO][Sync] Configuring for: Bookmarks, Preferences, Passwords, Autofill Profiles, Autofill, Extensions, Sessions, Extension settings, History Delete Directives, Device Info, User Consents, Send Tab To Self, Web Apps, History, Saved Tab Group, WebAuthn Credentials, Edge E Drop, Edge Hub App Usage, Edge Workspace, Encryption Keys, reason: 1, current state: 1
2026-07-21 05:40:06.845: [INFO][SyncEngineBackend::DoFinishConfigureDataTypes] Failed to download types:  and succeeded types: Passwords, Device Info, Edge E Drop, Encryption Keys
2026-07-21 05:40:06.847: [INFO][Sync] ConfigurationDone, failed: , succeeded: Passwords, Device Info, Edge E Drop, Encryption Keys, remaining count: 2
2026-07-21 05:40:06.847: [WARN][Sync]     Reconfigure requested while configuration ongoing.
2026-07-21 05:40:06.847: [INFO][Sync] Configuring for: Bookmarks, Preferences, Passwords, Autofill Profiles, Autofill, Extensions, Sessions, Extension settings, History Delete Directives, Device Info, User Consents, Send Tab To Self, Web Apps, History, Saved Tab Group, WebAuthn Credentials, Edge E Drop, Edge Hub App Usage, Edge Workspace, Encryption Keys, reason: 1, current state: 2
2026-07-21 05:40:06.847: [INFO][Sync] Configure, desired: Bookmarks, Preferences, Passwords, Autofill Profiles, Autofill, Extensions, Sessions, Extension settings, History Delete Directives, Device Info, User Consents, Send Tab To Self, Web Apps, History, Saved Tab Group, WebAuthn Credentials, Edge E Drop, Edge Hub App Usage, Edge Workspace, Encryption Keys; Allow fail: 
2026-07-21 05:40:06.847: [INFO][Sync] All data types are ready for configure.
2026-07-21 05:40:06.847: [INFO][SyncManagerImpl::ConfigureSyncer] Types to download:  with reason: 1
2026-07-21 05:40:06.847: [INFO][SyncEngineBackend::DoFinishConfigureDataTypes] Failed to download types:  and succeeded types: 
2026-07-21 05:40:06.847: [INFO][Sync] ConfigurationDone, failed: , succeeded: , remaining count: 3
2026-07-21 05:40:06.847: [INFO][SyncManagerImpl::ConfigureSyncer] Types to download:  with reason: 1
2026-07-21 05:40:06.847: [INFO][SyncEngineBackend::DoFinishConfigureDataTypes] Failed to download types:  and succeeded types: 
2026-07-21 05:40:06.847: [INFO][Sync] ConfigurationDone, failed: , succeeded: , remaining count: 2
2026-07-21 05:40:06.847: [INFO][Sync] Prepare to configure types: Bookmarks, Preferences, Autofill Profiles, Autofill, Extensions, Sessions, Extension settings, History Delete Directives, Send Tab To Self, Web Apps, Saved Tab Group, WebAuthn Credentials, Edge Hub App Usage, Edge Workspace, Encryption Keys
2026-07-21 05:40:06.847: [INFO][SyncManagerImpl::ConfigureSyncer] Types to download: Bookmarks, Preferences, Autofill Profiles, Autofill, Extensions, Sessions, Extension settings, History Delete Directives, Send Tab To Self, Web Apps, Saved Tab Group, WebAuthn Credentials, Edge Hub App Usage, Edge Workspace, Encryption Keys with reason: 1
2026-07-21 05:40:06.847: [INFO][SyncSchedulerImpl::DoConfigurationSyncCycleJob] Blocked types:  and types to download: Bookmarks, Preferences, Autofill Profiles, Autofill, Extensions, Sessions, Extension settings, History Delete Directives, Send Tab To Self, Web Apps, Saved Tab Group, WebAuthn Credentials, Edge Hub App Usage, Edge Workspace, Encryption Keys
2026-07-21 05:41:25.400: [INFO][SyncEngineBackend::DoFinishConfigureDataTypes] Failed to download types:  and succeeded types: Bookmarks, Preferences, Autofill Profiles, Autofill, Extensions, Sessions, Extension settings, History Delete Directives, Send Tab To Self, Web Apps, Saved Tab Group, WebAuthn Credentials, Edge Hub App Usage, Edge Workspace, Encryption Keys
2026-07-21 05:41:25.412: [INFO][Sync] ConfigurationDone, failed: , succeeded: Bookmarks, Preferences, Autofill Profiles, Autofill, Extensions, Sessions, Extension settings, History Delete Directives, Send Tab To Self, Web Apps, Saved Tab Group, WebAuthn Credentials, Edge Hub App Usage, Edge Workspace, Encryption Keys, remaining count: 1
2026-07-21 05:41:25.412: [INFO][Sync] Prepare to configure types: History, Encryption Keys
2026-07-21 05:41:25.412: [INFO][SyncManagerImpl::ConfigureSyncer] Types to download: History, Encryption Keys with reason: 1
2026-07-21 05:41:25.412: [INFO][SyncSchedulerImpl::DoConfigurationSyncCycleJob] Blocked types:  and types to download: History, Encryption Keys
2026-07-21 05:41:59.814: [INFO][SyncEngineBackend::DoFinishConfigureDataTypes] Failed to download types:  and succeeded types: History, Encryption Keys
2026-07-21 05:41:59.817: [INFO][Sync] ConfigurationDone, failed: , succeeded: History, Encryption Keys, remaining count: 0
2026-07-21 05:41:59.817: [INFO][Sync]     Configuration completed, state: 7
2026-07-21 05:41:59.817: [INFO][Sync] Configured DataTypeManager: Ok
2026-07-21 05:41:59.820: [INFO][SyncEngineBackend::DoStartSyncing] Start syncing
2026-07-21 05:42:11.428: [INFO][Sync] Reset engine, reason: 0
2026-07-21 05:42:11.428: [INFO][Sync] Reset engine with reason: 0
2026-07-21 05:42:53.067: [INFO][Sync] SyncState after authenticated was: FeatureCanStart
2026-07-21 05:42:53.558: [INFO][SyncAuthManager::SetLastAuthError] Current auth error: None
2026-07-21 05:42:53.558: [INFO][SyncAuthManager::EdgeLogTokenErrorState] Token error with: None for account type: MSA
2026-07-21 05:42:53.558: [INFO][Sync] Credentials changed for: EdgeSyncKeyDataScope
2026-07-21 05:42:53.949: [INFO][Sync] Try to start sync engine
2026-07-21 05:42:53.951: [INFO][SyncAuthManager::SetLastAuthError] Current auth error: None
2026-07-21 05:42:53.951: [INFO][SyncAuthManager::EdgeLogTokenErrorState] Token error with: None for account type: MSA
2026-07-21 05:42:53.951: [INFO][Sync] Credentials changed for: EdgeSyncScopeNew
2026-07-21 05:42:53.953: [INFO][SyncEngineBackend::LoadAndConnectNigoriController] Load and connect Nigori controller
2026-07-21 05:42:53.953: [INFO][SyncEngineBackend::DoInitialize] Control Types added: 
2026-07-21 05:42:53.953: [INFO][SyncManagerImpl::ConfigureSyncer] Types to download:  with reason: 4
2026-07-21 05:42:53.953: [INFO][SyncEngineBackend::DoUpdateKeyDataCredentials] Update key data credentials
2026-07-21 05:42:53.953: [INFO][SyncEngineBackend::DoUpdateCredentials] Update credentials
2026-07-21 05:42:53.953: [INFO][SyncEngineBackend::DoUpdateKeyDataCredentials] Update key data credentials
2026-07-21 05:42:53.959: [INFO][Sync] Started DataTypeManager configuration, reason: 4
2026-07-21 05:42:53.959: [INFO][Sync] Configuring for: Bookmarks, Preferences, Passwords, Autofill Profiles, Autofill, Extensions, Sessions, Extension settings, History Delete Directives, Device Info, User Consents, Send Tab To Self, Web Apps, History, Saved Tab Group, WebAuthn Credentials, Edge E Drop, Edge Hub App Usage, Edge Workspace, Encryption Keys, reason: 4, current state: 0
2026-07-21 05:42:53.959: [INFO][SyncEngineBackend::DoStartConfiguration] Start configuration
2026-07-21 05:42:53.961: [INFO][Sync] Configure, desired: Bookmarks, Preferences, Passwords, Autofill Profiles, Autofill, Extensions, Sessions, Extension settings, History Delete Directives, Device Info, User Consents, Send Tab To Self, Web Apps, History, Saved Tab Group, WebAuthn Credentials, Edge E Drop, Edge Hub App Usage, Edge Workspace, Encryption Keys; Allow fail: 
2026-07-21 05:42:53.961: [INFO][Sync] Loading: Bookmarks
2026-07-21 05:42:53.961: [INFO][Sync] Loading: Preferences
2026-07-21 05:42:53.961: [INFO][Sync] Loading: Passwords
2026-07-21 05:42:53.961: [INFO][Sync] Loading: Autofill Profiles
2026-07-21 05:42:53.961: [INFO][Sync] Loading: Autofill
2026-07-21 05:42:53.961: [INFO][Sync] Loading: Extensions
2026-07-21 05:42:53.961: [INFO][Sync] Loading: Sessions
2026-07-21 05:42:53.961: [INFO][Sync] Loading: Extension settings
2026-07-21 05:42:53.961: [INFO][Sync] Loading: History Delete Directives
2026-07-21 05:42:53.961: [INFO][Sync] Loading: Device Info
2026-07-21 05:42:53.961: [INFO][Sync] Loading: User Consents
2026-07-21 05:42:53.961: [INFO][Sync] Loading: Send Tab To Self
2026-07-21 05:42:53.961: [INFO][Sync] Loading: Web Apps
2026-07-21 05:42:53.961: [INFO][Sync] Loading: History
2026-07-21 05:42:53.961: [INFO][Sync] Loading: Saved Tab Group
2026-07-21 05:42:53.961: [INFO][Sync] Loading: WebAuthn Credentials
2026-07-21 05:42:53.961: [INFO][Sync] Loading: Edge E Drop
2026-07-21 05:42:53.961: [INFO][Sync] Loading: Edge Hub App Usage
2026-07-21 05:42:53.961: [INFO][Sync] Loading: Edge Workspace
2026-07-21 05:42:53.970: [INFO][Sync] All data types are ready for configure.
2026-07-21 05:42:53.970: [INFO][SyncManagerImpl::ConfigureSyncer] Types to download:  with reason: 4
2026-07-21 05:42:53.970: [INFO][SyncEngineBackend::DoFinishConfigureDataTypes] Failed to download types:  and succeeded types: 
2026-07-21 05:42:53.971: [INFO][Sync] ConfigurationDone, failed: , succeeded: , remaining count: 3
2026-07-21 05:42:53.971: [INFO][SyncManagerImpl::ConfigureSyncer] Types to download:  with reason: 4
2026-07-21 05:42:53.971: [INFO][SyncEngineBackend::DoFinishConfigureDataTypes] Failed to download types:  and succeeded types: 
2026-07-21 05:42:53.971: [INFO][Sync] ConfigurationDone, failed: , succeeded: , remaining count: 2
2026-07-21 05:42:53.971: [INFO][SyncManagerImpl::ConfigureSyncer] Types to download:  with reason: 4
2026-07-21 05:42:53.971: [INFO][SyncEngineBackend::DoFinishConfigureDataTypes] Failed to download types:  and succeeded types: 
2026-07-21 05:42:53.971: [INFO][Sync] ConfigurationDone, failed: , succeeded: , remaining count: 1
2026-07-21 05:42:53.971: [INFO][SyncManagerImpl::ConfigureSyncer] Types to download:  with reason: 4
2026-07-21 05:42:53.971: [INFO][SyncEngineBackend::DoFinishConfigureDataTypes] Failed to download types:  and succeeded types: 
2026-07-21 05:42:53.971: [INFO][Sync] ConfigurationDone, failed: , succeeded: , remaining count: 0
2026-07-21 05:42:53.971: [INFO][Sync]     Configuration completed, state: 3
2026-07-21 05:42:53.971: [INFO][Sync] Configured DataTypeManager: Ok
2026-07-21 05:42:53.974: [INFO][SyncEngineBackend::DoStartSyncing] Start syncing
2026-07-21 06:45:23.211: [INFO][Commit::PostAndProcessResponse] Process Passwords: Protocol error (CONFLICT)
2026-07-21 06:45:23.211: [INFO][SyncSchedulerImpl::DoNudgeSyncCycleJob] Syncer error: Protocol error (CONFLICT)
2026-07-21 10:09:26.868: [INFO][Sync] SyncState after authenticated was: FeatureCanStart
2026-07-21 10:09:27.487: [INFO][Sync] Try to start sync engine
2026-07-21 10:09:27.490: [INFO][SyncEngineBackend::LoadAndConnectNigoriController] Load and connect Nigori controller
2026-07-21 10:09:27.490: [INFO][SyncEngineBackend::DoInitialize] Control Types added: 
2026-07-21 10:09:27.490: [INFO][SyncManagerImpl::ConfigureSyncer] Types to download:  with reason: 4
2026-07-21 10:09:27.528: [INFO][SyncAuthManager::SetLastAuthError] Current auth error: None
2026-07-21 10:09:27.528: [INFO][SyncAuthManager::EdgeLogTokenErrorState] Token error with: None for account type: MSA
2026-07-21 10:09:27.528: [INFO][Sync] Credentials changed for: EdgeSyncScopeNew
2026-07-21 10:09:27.537: [INFO][Sync] Started DataTypeManager configuration, reason: 4
2026-07-21 10:09:27.537: [INFO][Sync] Configuring for: Bookmarks, Preferences, Passwords, Autofill Profiles, Autofill, Extensions, Sessions, Extension settings, History Delete Directives, Device Info, User Consents, Send Tab To Self, Web Apps, History, Saved Tab Group, WebAuthn Credentials, Edge E Drop, Edge Hub App Usage, Edge Workspace, Encryption Keys, reason: 4, current state: 0
2026-07-21 10:09:27.537: [INFO][SyncEngineBackend::DoStartConfiguration] Start configuration
2026-07-21 10:09:27.540: [INFO][Sync] Configure, desired: Bookmarks, Preferences, Passwords, Autofill Profiles, Autofill, Extensions, Sessions, Extension settings, History Delete Directives, Device Info, User Consents, Send Tab To Self, Web Apps, History, Saved Tab Group, WebAuthn Credentials, Edge E Drop, Edge Hub App Usage, Edge Workspace, Encryption Keys; Allow fail: 
2026-07-21 10:09:27.540: [INFO][Sync] Loading: Bookmarks
2026-07-21 10:09:27.540: [INFO][Sync] Loading: Preferences
2026-07-21 10:09:27.540: [INFO][Sync] Loading: Passwords
2026-07-21 10:09:27.540: [INFO][Sync] Loading: Autofill Profiles
2026-07-21 10:09:27.540: [INFO][Sync] Loading: Autofill
2026-07-21 10:09:27.540: [INFO][Sync] Loading: Extensions
2026-07-21 10:09:27.540: [INFO][Sync] Loading: Sessions
2026-07-21 10:09:27.540: [INFO][Sync] Loading: Extension settings
2026-07-21 10:09:27.540: [INFO][Sync] Loading: History Delete Directives
2026-07-21 10:09:27.540: [INFO][Sync] Loading: Device Info
2026-07-21 10:09:27.540: [INFO][Sync] Loading: User Consents
2026-07-21 10:09:27.540: [INFO][Sync] Loading: Send Tab To Self
2026-07-21 10:09:27.540: [INFO][Sync] Loading: Web Apps
2026-07-21 10:09:27.540: [INFO][Sync] Loading: History
2026-07-21 10:09:27.540: [INFO][Sync] Loading: Saved Tab Group
2026-07-21 10:09:27.540: [INFO][Sync] Loading: WebAuthn Credentials
2026-07-21 10:09:27.540: [INFO][Sync] Loading: Edge E Drop
2026-07-21 10:09:27.540: [INFO][Sync] Loading: Edge Hub App Usage
2026-07-21 10:09:27.540: [INFO][Sync] Loading: Edge Workspace
2026-07-21 10:09:27.559: [INFO][SyncAuthManager::SetLastAuthError] Current auth error: None
2026-07-21 10:09:27.559: [INFO][SyncAuthManager::EdgeLogTokenErrorState] Token error with: None for account type: MSA
2026-07-21 10:09:27.559: [INFO][Sync] Credentials changed for: EdgeSyncKeyDataScope
2026-07-21 10:09:27.559: [INFO][SyncEngineBackend::DoUpdateKeyDataCredentials] Update key data credentials
2026-07-21 10:09:27.559: [INFO][SyncEngineBackend::DoUpdateCredentials] Update credentials
2026-07-21 10:09:27.567: [INFO][Sync] All data types are ready for configure.
2026-07-21 10:09:27.567: [INFO][SyncManagerImpl::ConfigureSyncer] Types to download:  with reason: 4
2026-07-21 10:09:27.567: [INFO][SyncEngineBackend::DoFinishConfigureDataTypes] Failed to download types:  and succeeded types: 
2026-07-21 10:09:27.571: [INFO][Sync] ConfigurationDone, failed: , succeeded: , remaining count: 3
2026-07-21 10:09:27.571: [INFO][SyncManagerImpl::ConfigureSyncer] Types to download:  with reason: 4
2026-07-21 10:09:27.571: [INFO][SyncEngineBackend::DoFinishConfigureDataTypes] Failed to download types:  and succeeded types: 
2026-07-21 10:09:27.572: [INFO][Sync] ConfigurationDone, failed: , succeeded: , remaining count: 2
2026-07-21 10:09:27.572: [INFO][SyncManagerImpl::ConfigureSyncer] Types to download:  with reason: 4
2026-07-21 10:09:27.572: [INFO][SyncEngineBackend::DoFinishConfigureDataTypes] Failed to download types:  and succeeded types: 
2026-07-21 10:09:27.574: [INFO][Sync] ConfigurationDone, failed: , succeeded: , remaining count: 1
2026-07-21 10:09:27.574: [INFO][SyncManagerImpl::ConfigureSyncer] Types to download:  with reason: 4
2026-07-21 10:09:27.574: [INFO][SyncEngineBackend::DoFinishConfigureDataTypes] Failed to download types:  and succeeded types: 
2026-07-21 10:09:27.575: [INFO][Sync] ConfigurationDone, failed: , succeeded: , remaining count: 0
2026-07-21 10:09:27.575: [INFO][Sync]     Configuration completed, state: 3
2026-07-21 10:09:27.575: [INFO][Sync] Configured DataTypeManager: Ok
2026-07-21 10:09:27.579: [INFO][SyncEngineBackend::DoStartSyncing] Start syncing
2026-07-21 10:26:31.619: [INFO][Sync] Reset engine, reason: 0
2026-07-21 10:26:31.619: [INFO][Sync] Reset engine with reason: 0
2026-07-21 10:26:51.711: [INFO][Sync] SyncState after authenticated was: FeatureCanStart
2026-07-21 10:26:52.277: [INFO][SyncAuthManager::SetLastAuthError] Current auth error: None
2026-07-21 10:26:52.277: [INFO][SyncAuthManager::EdgeLogTokenErrorState] Token error with: None for account type: MSA
2026-07-21 10:26:52.277: [INFO][Sync] Credentials changed for: EdgeSyncKeyDataScope
2026-07-21 10:26:52.400: [INFO][Sync] Try to start sync engine
2026-07-21 10:26:52.403: [INFO][SyncAuthManager::SetLastAuthError] Current auth error: None
2026-07-21 10:26:52.403: [INFO][SyncAuthManager::EdgeLogTokenErrorState] Token error with: None for account type: MSA
2026-07-21 10:26:52.403: [INFO][Sync] Credentials changed for: EdgeSyncScopeNew
2026-07-21 10:26:52.404: [INFO][SyncEngineBackend::LoadAndConnectNigoriController] Load and connect Nigori controller
2026-07-21 10:26:52.404: [INFO][SyncEngineBackend::DoInitialize] Control Types added: 
2026-07-21 10:26:52.404: [INFO][SyncManagerImpl::ConfigureSyncer] Types to download:  with reason: 4
2026-07-21 10:26:52.404: [INFO][SyncEngineBackend::DoUpdateKeyDataCredentials] Update key data credentials
2026-07-21 10:26:52.404: [INFO][SyncEngineBackend::DoUpdateCredentials] Update credentials
2026-07-21 10:26:52.404: [INFO][SyncEngineBackend::DoUpdateKeyDataCredentials] Update key data credentials
2026-07-21 10:26:52.411: [INFO][Sync] Started DataTypeManager configuration, reason: 4
2026-07-21 10:26:52.411: [INFO][Sync] Configuring for: Bookmarks, Preferences, Passwords, Autofill Profiles, Autofill, Extensions, Sessions, Extension settings, History Delete Directives, Device Info, User Consents, Send Tab To Self, Web Apps, History, Saved Tab Group, WebAuthn Credentials, Edge E Drop, Edge Hub App Usage, Edge Workspace, Encryption Keys, reason: 4, current state: 0
2026-07-21 10:26:52.411: [INFO][SyncEngineBackend::DoStartConfiguration] Start configuration
2026-07-21 10:26:52.413: [INFO][Sync] Configure, desired: Bookmarks, Preferences, Passwords, Autofill Profiles, Autofill, Extensions, Sessions, Extension settings, History Delete Directives, Device Info, User Consents, Send Tab To Self, Web Apps, History, Saved Tab Group, WebAuthn Credentials, Edge E Drop, Edge Hub App Usage, Edge Workspace, Encryption Keys; Allow fail: 
2026-07-21 10:26:52.413: [INFO][Sync] Loading: Bookmarks
2026-07-21 10:26:52.413: [INFO][Sync] Loading: Preferences
2026-07-21 10:26:52.413: [INFO][Sync] Loading: Passwords
2026-07-21 10:26:52.413: [INFO][Sync] Loading: Autofill Profiles
2026-07-21 10:26:52.413: [INFO][Sync] Loading: Autofill
2026-07-21 10:26:52.413: [INFO][Sync] Loading: Extensions
2026-07-21 10:26:52.413: [INFO][Sync] Loading: Sessions
2026-07-21 10:26:52.413: [INFO][Sync] Loading: Extension settings
2026-07-21 10:26:52.413: [INFO][Sync] Loading: History Delete Directives
2026-07-21 10:26:52.413: [INFO][Sync] Loading: Device Info
2026-07-21 10:26:52.413: [INFO][Sync] Loading: User Consents
2026-07-21 10:26:52.413: [INFO][Sync] Loading: Send Tab To Self
2026-07-21 10:26:52.413: [INFO][Sync] Loading: Web Apps
2026-07-21 10:26:52.413: [INFO][Sync] Loading: History
2026-07-21 10:26:52.413: [INFO][Sync] Loading: Saved Tab Group
2026-07-21 10:26:52.413: [INFO][Sync] Loading: WebAuthn Credentials
2026-07-21 10:26:52.413: [INFO][Sync] Loading: Edge E Drop
2026-07-21 10:26:52.413: [INFO][Sync] Loading: Edge Hub App Usage
2026-07-21 10:26:52.413: [INFO][Sync] Loading: Edge Workspace
2026-07-21 10:26:52.426: [INFO][Sync] All data types are ready for configure.
2026-07-21 10:26:52.426: [INFO][SyncManagerImpl::ConfigureSyncer] Types to download:  with reason: 4
2026-07-21 10:26:52.426: [INFO][SyncEngineBackend::DoFinishConfigureDataTypes] Failed to download types:  and succeeded types: 
2026-07-21 10:26:52.427: [INFO][Sync] ConfigurationDone, failed: , succeeded: , remaining count: 3
2026-07-21 10:26:52.427: [INFO][SyncManagerImpl::ConfigureSyncer] Types to download:  with reason: 4
2026-07-21 10:26:52.427: [INFO][SyncEngineBackend::DoFinishConfigureDataTypes] Failed to download types:  and succeeded types: 
2026-07-21 10:26:52.427: [INFO][Sync] ConfigurationDone, failed: , succeeded: , remaining count: 2
2026-07-21 10:26:52.427: [INFO][SyncManagerImpl::ConfigureSyncer] Types to download:  with reason: 4
2026-07-21 10:26:52.427: [INFO][SyncEngineBackend::DoFinishConfigureDataTypes] Failed to download types:  and succeeded types: 
2026-07-21 10:26:52.428: [INFO][Sync] ConfigurationDone, failed: , succeeded: , remaining count: 1
2026-07-21 10:26:52.428: [INFO][SyncManagerImpl::ConfigureSyncer] Types to download:  with reason: 4
2026-07-21 10:26:52.428: [INFO][SyncEngineBackend::DoFinishConfigureDataTypes] Failed to download types:  and succeeded types: 
2026-07-21 10:26:52.428: [INFO][Sync] ConfigurationDone, failed: , succeeded: , remaining count: 0
2026-07-21 10:26:52.428: [INFO][Sync]     Configuration completed, state: 3
2026-07-21 10:26:52.428: [INFO][Sync] Configured DataTypeManager: Ok
2026-07-21 10:26:52.430: [INFO][SyncEngineBackend::DoStartSyncing] Start syncing
2026-07-21 16:13:35.972: [INFO][SyncSchedulerImpl::OnSyncNetworkError] Syncer error: HTTP error (401)
2026-07-21 16:13:35.972: [INFO][Sync] Connection status changed to: 2
2026-07-21 16:13:35.972: [INFO][SyncSchedulerImpl::DoNudgeSyncCycleJob] Syncer error: HTTP error (401)
2026-07-21 16:13:35.977: [WARN][Sync] NetworkError: HTTP error (401)
2026-07-21 16:13:35.982: [INFO][SyncAuthManager::SetLastAuthError] Current auth error: None
2026-07-21 16:13:35.982: [INFO][SyncAuthManager::EdgeLogTokenErrorState] Token error with: None for account type: MSA
2026-07-21 16:13:35.982: [INFO][Sync] Credentials changed for: EdgeSyncScopeNew
2026-07-21 16:13:36.199: [INFO][SyncAuthManager::SetLastAuthError] Current auth error: None
2026-07-21 16:13:36.199: [INFO][SyncAuthManager::EdgeLogTokenErrorState] Token error with: None for account type: MSA
2026-07-21 16:13:36.199: [INFO][Sync] Credentials changed for: EdgeSyncKeyDataScope
2026-07-21 16:13:36.199: [INFO][SyncEngineBackend::DoUpdateKeyDataCredentials] Update key data credentials
2026-07-21 16:13:36.199: [INFO][SyncEngineBackend::DoUpdateCredentials] Update credentials
2026-07-21 19:30:39.027: [INFO][Sync] Reset engine, reason: 0
2026-07-21 19:30:39.027: [INFO][Sync] Reset engine with reason: 0
2026-07-21 19:36:43.874: [INFO][Sync] SyncState after authenticated was: FeatureCanStart
2026-07-21 19:36:44.427: [INFO][SyncAuthManager::SetLastAuthError] Current auth error: None
2026-07-21 19:36:44.427: [INFO][SyncAuthManager::EdgeLogTokenErrorState] Token error with: None for account type: MSA
2026-07-21 19:36:44.427: [INFO][Sync] Credentials changed for: EdgeSyncKeyDataScope
2026-07-21 19:36:44.594: [INFO][Sync] Try to start sync engine
2026-07-21 19:36:44.596: [INFO][SyncAuthManager::SetLastAuthError] Current auth error: None
2026-07-21 19:36:44.596: [INFO][SyncAuthManager::EdgeLogTokenErrorState] Token error with: None for account type: MSA
2026-07-21 19:36:44.596: [INFO][Sync] Credentials changed for: EdgeSyncScopeNew
2026-07-21 19:36:44.597: [INFO][SyncEngineBackend::LoadAndConnectNigoriController] Load and connect Nigori controller
2026-07-21 19:36:44.597: [INFO][SyncEngineBackend::DoInitialize] Control Types added: 
2026-07-21 19:36:44.597: [INFO][SyncManagerImpl::ConfigureSyncer] Types to download:  with reason: 4
2026-07-21 19:36:44.597: [INFO][SyncEngineBackend::DoUpdateKeyDataCredentials] Update key data credentials
2026-07-21 19:36:44.597: [INFO][SyncEngineBackend::DoUpdateCredentials] Update credentials
2026-07-21 19:36:44.597: [INFO][SyncEngineBackend::DoUpdateKeyDataCredentials] Update key data credentials
2026-07-21 19:36:44.604: [INFO][Sync] Started DataTypeManager configuration, reason: 4
2026-07-21 19:36:44.604: [INFO][Sync] Configuring for: Bookmarks, Preferences, Passwords, Autofill Profiles, Autofill, Extensions, Sessions, Extension settings, History Delete Directives, Device Info, User Consents, Send Tab To Self, Web Apps, History, Saved Tab Group, WebAuthn Credentials, Edge E Drop, Edge Hub App Usage, Edge Workspace, Encryption Keys, reason: 4, current state: 0
2026-07-21 19:36:44.604: [INFO][SyncEngineBackend::DoStartConfiguration] Start configuration
2026-07-21 19:36:44.606: [INFO][Sync] Configure, desired: Bookmarks, Preferences, Passwords, Autofill Profiles, Autofill, Extensions, Sessions, Extension settings, History Delete Directives, Device Info, User Consents, Send Tab To Self, Web Apps, History, Saved Tab Group, WebAuthn Credentials, Edge E Drop, Edge Hub App Usage, Edge Workspace, Encryption Keys; Allow fail: 
2026-07-21 19:36:44.606: [INFO][Sync] Loading: Bookmarks
2026-07-21 19:36:44.606: [INFO][Sync] Loading: Preferences
2026-07-21 19:36:44.606: [INFO][Sync] Loading: Passwords
2026-07-21 19:36:44.606: [INFO][Sync] Loading: Autofill Profiles
2026-07-21 19:36:44.606: [INFO][Sync] Loading: Autofill
2026-07-21 19:36:44.606: [INFO][Sync] Loading: Extensions
2026-07-21 19:36:44.606: [INFO][Sync] Loading: Sessions
2026-07-21 19:36:44.606: [INFO][Sync] Loading: Extension settings
2026-07-21 19:36:44.606: [INFO][Sync] Loading: History Delete Directives
2026-07-21 19:36:44.606: [INFO][Sync] Loading: Device Info
2026-07-21 19:36:44.606: [INFO][Sync] Loading: User Consents
2026-07-21 19:36:44.606: [INFO][Sync] Loading: Send Tab To Self
2026-07-21 19:36:44.606: [INFO][Sync] Loading: Web Apps
2026-07-21 19:36:44.606: [INFO][Sync] Loading: History
2026-07-21 19:36:44.606: [INFO][Sync] Loading: Saved Tab Group
2026-07-21 19:36:44.606: [INFO][Sync] Loading: WebAuthn Credentials
2026-07-21 19:36:44.606: [INFO][Sync] Loading: Edge E Drop
2026-07-21 19:36:44.606: [INFO][Sync] Loading: Edge Hub App Usage
2026-07-21 19:36:44.606: [INFO][Sync] Loading: Edge Workspace
2026-07-21 19:36:44.615: [INFO][Sync] All data types are ready for configure.
2026-07-21 19:36:44.615: [INFO][SyncManagerImpl::ConfigureSyncer] Types to download:  with reason: 4
2026-07-21 19:36:44.615: [INFO][SyncEngineBackend::DoFinishConfigureDataTypes] Failed to download types:  and succeeded types: 
2026-07-21 19:36:44.615: [INFO][Sync] ConfigurationDone, failed: , succeeded: , remaining count: 3
2026-07-21 19:36:44.615: [INFO][SyncManagerImpl::ConfigureSyncer] Types to download:  with reason: 4
2026-07-21 19:36:44.615: [INFO][SyncEngineBackend::DoFinishConfigureDataTypes] Failed to download types:  and succeeded types: 
2026-07-21 19:36:44.615: [INFO][Sync] ConfigurationDone, failed: , succeeded: , remaining count: 2
2026-07-21 19:36:44.615: [INFO][SyncManagerImpl::ConfigureSyncer] Types to download:  with reason: 4
2026-07-21 19:36:44.615: [INFO][SyncEngineBackend::DoFinishConfigureDataTypes] Failed to download types:  and succeeded types: 
2026-07-21 19:36:44.616: [INFO][Sync] ConfigurationDone, failed: , succeeded: , remaining count: 1
2026-07-21 19:36:44.616: [INFO][SyncManagerImpl::ConfigureSyncer] Types to download:  with reason: 4
2026-07-21 19:36:44.616: [INFO][SyncEngineBackend::DoFinishConfigureDataTypes] Failed to download types:  and succeeded types: 
2026-07-21 19:36:44.616: [INFO][Sync] ConfigurationDone, failed: , succeeded: , remaining count: 0
2026-07-21 19:36:44.616: [INFO][Sync]     Configuration completed, state: 3
2026-07-21 19:36:44.616: [INFO][Sync] Configured DataTypeManager: Ok
2026-07-21 19:36:44.619: [INFO][SyncEngineBackend::DoStartSyncing] Start syncing
2026-07-21 20:43:03.727: [INFO][Sync] Reset engine, reason: 0
2026-07-21 20:43:03.727: [INFO][Sync] Reset engine with reason: 0
2026-07-21 20:44:31.149: [INFO][Sync] SyncState after authenticated was: FeatureCanStart
2026-07-21 20:44:31.741: [INFO][SyncAuthManager::SetLastAuthError] Current auth error: None
2026-07-21 20:44:31.741: [INFO][SyncAuthManager::EdgeLogTokenErrorState] Token error with: None for account type: MSA
2026-07-21 20:44:31.741: [INFO][Sync] Credentials changed for: EdgeSyncKeyDataScope
2026-07-21 20:44:32.002: [INFO][Sync] Try to start sync engine
2026-07-21 20:44:32.006: [INFO][SyncAuthManager::SetLastAuthError] Current auth error: None
2026-07-21 20:44:32.006: [INFO][SyncAuthManager::EdgeLogTokenErrorState] Token error with: None for account type: MSA
2026-07-21 20:44:32.006: [INFO][Sync] Credentials changed for: EdgeSyncScopeNew
2026-07-21 20:44:32.007: [INFO][SyncEngineBackend::LoadAndConnectNigoriController] Load and connect Nigori controller
2026-07-21 20:44:32.007: [INFO][SyncEngineBackend::DoInitialize] Control Types added: 
2026-07-21 20:44:32.007: [INFO][SyncManagerImpl::ConfigureSyncer] Types to download:  with reason: 4
2026-07-21 20:44:32.007: [INFO][SyncEngineBackend::DoUpdateKeyDataCredentials] Update key data credentials
2026-07-21 20:44:32.007: [INFO][SyncEngineBackend::DoUpdateCredentials] Update credentials
2026-07-21 20:44:32.007: [INFO][SyncEngineBackend::DoUpdateKeyDataCredentials] Update key data credentials
2026-07-21 20:44:32.011: [INFO][Sync] Started DataTypeManager configuration, reason: 4
2026-07-21 20:44:32.011: [INFO][Sync] Configuring for: Bookmarks, Preferences, Passwords, Autofill Profiles, Autofill, Extensions, Sessions, Extension settings, History Delete Directives, Device Info, User Consents, Send Tab To Self, Web Apps, History, Saved Tab Group, WebAuthn Credentials, Edge E Drop, Edge Hub App Usage, Edge Workspace, Encryption Keys, reason: 4, current state: 0
2026-07-21 20:44:32.011: [INFO][SyncEngineBackend::DoStartConfiguration] Start configuration
2026-07-21 20:44:32.013: [INFO][Sync] Configure, desired: Bookmarks, Preferences, Passwords, Autofill Profiles, Autofill, Extensions, Sessions, Extension settings, History Delete Directives, Device Info, User Consents, Send Tab To Self, Web Apps, History, Saved Tab Group, WebAuthn Credentials, Edge E Drop, Edge Hub App Usage, Edge Workspace, Encryption Keys; Allow fail: 
2026-07-21 20:44:32.013: [INFO][Sync] Loading: Bookmarks
2026-07-21 20:44:32.013: [INFO][Sync] Loading: Preferences
2026-07-21 20:44:32.013: [INFO][Sync] Loading: Passwords
2026-07-21 20:44:32.013: [INFO][Sync] Loading: Autofill Profiles
2026-07-21 20:44:32.013: [INFO][Sync] Loading: Autofill
2026-07-21 20:44:32.013: [INFO][Sync] Loading: Extensions
2026-07-21 20:44:32.013: [INFO][Sync] Loading: Sessions
2026-07-21 20:44:32.013: [INFO][Sync] Loading: Extension settings
2026-07-21 20:44:32.013: [INFO][Sync] Loading: History Delete Directives
2026-07-21 20:44:32.013: [INFO][Sync] Loading: Device Info
2026-07-21 20:44:32.013: [INFO][Sync] Loading: User Consents
2026-07-21 20:44:32.013: [INFO][Sync] Loading: Send Tab To Self
2026-07-21 20:44:32.013: [INFO][Sync] Loading: Web Apps
2026-07-21 20:44:32.013: [INFO][Sync] Loading: History
2026-07-21 20:44:32.013: [INFO][Sync] Loading: Saved Tab Group
2026-07-21 20:44:32.013: [INFO][Sync] Loading: WebAuthn Credentials
2026-07-21 20:44:32.013: [INFO][Sync] Loading: Edge E Drop
2026-07-21 20:44:32.013: [INFO][Sync] Loading: Edge Hub App Usage
2026-07-21 20:44:32.013: [INFO][Sync] Loading: Edge Workspace
2026-07-21 20:44:32.032: [INFO][Sync] All data types are ready for configure.
2026-07-21 20:44:32.032: [INFO][SyncManagerImpl::ConfigureSyncer] Types to download:  with reason: 4
2026-07-21 20:44:32.032: [INFO][SyncEngineBackend::DoFinishConfigureDataTypes] Failed to download types:  and succeeded types: 
2026-07-21 20:44:32.032: [INFO][Sync] ConfigurationDone, failed: , succeeded: , remaining count: 3
2026-07-21 20:44:32.032: [INFO][SyncManagerImpl::ConfigureSyncer] Types to download:  with reason: 4
2026-07-21 20:44:32.032: [INFO][SyncEngineBackend::DoFinishConfigureDataTypes] Failed to download types:  and succeeded types: 
2026-07-21 20:44:32.032: [INFO][Sync] ConfigurationDone, failed: , succeeded: , remaining count: 2
2026-07-21 20:44:32.032: [INFO][SyncManagerImpl::ConfigureSyncer] Types to download:  with reason: 4
2026-07-21 20:44:32.032: [INFO][SyncEngineBackend::DoFinishConfigureDataTypes] Failed to download types:  and succeeded types: 
2026-07-21 20:44:32.032: [INFO][Sync] ConfigurationDone, failed: , succeeded: , remaining count: 1
2026-07-21 20:44:32.032: [INFO][SyncManagerImpl::ConfigureSyncer] Types to download:  with reason: 4
2026-07-21 20:44:32.032: [INFO][SyncEngineBackend::DoFinishConfigureDataTypes] Failed to download types:  and succeeded types: 
2026-07-21 20:44:32.032: [INFO][Sync] ConfigurationDone, failed: , succeeded: , remaining count: 0
2026-07-21 20:44:32.032: [INFO][Sync]     Configuration completed, state: 3
2026-07-21 20:44:32.033: [INFO][Sync] Configured DataTypeManager: Ok
2026-07-21 20:44:32.035: [INFO][SyncEngineBackend::DoStartSyncing] Start syncing
2026-07-27 09:18:37.730: [INFO][Sync] SyncState after authenticated was: FeatureCanStart
2026-07-27 09:18:38.312: [INFO][Sync] Try to start sync engine
2026-07-27 09:18:38.315: [INFO][SyncEngineBackend::LoadAndConnectNigoriController] Load and connect Nigori controller
2026-07-27 09:18:38.315: [INFO][SyncEngineBackend::DoInitialize] Control Types added: 
2026-07-27 09:18:38.315: [INFO][SyncManagerImpl::ConfigureSyncer] Types to download:  with reason: 4
2026-07-27 09:18:38.328: [INFO][Sync] Started DataTypeManager configuration, reason: 4
2026-07-27 09:18:38.328: [INFO][Sync] Configuring for: Bookmarks, Preferences, Passwords, Autofill Profiles, Autofill, Extensions, Sessions, Extension settings, History Delete Directives, Device Info, User Consents, Send Tab To Self, Web Apps, History, Saved Tab Group, WebAuthn Credentials, Edge E Drop, Edge Hub App Usage, Edge Workspace, Encryption Keys, reason: 4, current state: 0
2026-07-27 09:18:38.328: [INFO][SyncEngineBackend::DoStartConfiguration] Start configuration
2026-07-27 09:18:38.331: [INFO][Sync] Configure, desired: Bookmarks, Preferences, Passwords, Autofill Profiles, Autofill, Extensions, Sessions, Extension settings, History Delete Directives, Device Info, User Consents, Send Tab To Self, Web Apps, History, Saved Tab Group, WebAuthn Credentials, Edge E Drop, Edge Hub App Usage, Edge Workspace, Encryption Keys; Allow fail: 
2026-07-27 09:18:38.331: [INFO][Sync] Loading: Bookmarks
2026-07-27 09:18:38.331: [INFO][Sync] Loading: Preferences
2026-07-27 09:18:38.331: [INFO][Sync] Loading: Passwords
2026-07-27 09:18:38.331: [INFO][Sync] Loading: Autofill Profiles
2026-07-27 09:18:38.331: [INFO][Sync] Loading: Autofill
2026-07-27 09:18:38.331: [INFO][Sync] Loading: Extensions
2026-07-27 09:18:38.331: [INFO][Sync] Loading: Sessions
2026-07-27 09:18:38.331: [INFO][Sync] Loading: Extension settings
2026-07-27 09:18:38.331: [INFO][Sync] Loading: History Delete Directives
2026-07-27 09:18:38.331: [INFO][Sync] Loading: Device Info
2026-07-27 09:18:38.331: [INFO][Sync] Loading: User Consents
2026-07-27 09:18:38.331: [INFO][Sync] Loading: Send Tab To Self
2026-07-27 09:18:38.331: [INFO][Sync] Loading: Web Apps
2026-07-27 09:18:38.331: [INFO][Sync] Loading: History
2026-07-27 09:18:38.331: [INFO][Sync] Loading: Saved Tab Group
2026-07-27 09:18:38.331: [INFO][Sync] Loading: WebAuthn Credentials
2026-07-27 09:18:38.331: [INFO][Sync] Loading: Edge E Drop
2026-07-27 09:18:38.331: [INFO][Sync] Loading: Edge Hub App Usage
2026-07-27 09:18:38.331: [INFO][Sync] Loading: Edge Workspace
2026-07-27 09:18:38.371: [INFO][Sync] All data types are ready for configure.
2026-07-27 09:18:38.371: [INFO][SyncManagerImpl::ConfigureSyncer] Types to download:  with reason: 4
2026-07-27 09:18:38.371: [INFO][SyncEngineBackend::DoFinishConfigureDataTypes] Failed to download types:  and succeeded types: 
2026-07-27 09:18:38.374: [INFO][Sync] ConfigurationDone, failed: , succeeded: , remaining count: 3
2026-07-27 09:18:38.374: [INFO][SyncManagerImpl::ConfigureSyncer] Types to download:  with reason: 4
2026-07-27 09:18:38.374: [INFO][SyncEngineBackend::DoFinishConfigureDataTypes] Failed to download types:  and succeeded types: 
2026-07-27 09:18:38.378: [INFO][Sync] ConfigurationDone, failed: , succeeded: , remaining count: 2
2026-07-27 09:18:38.378: [INFO][SyncManagerImpl::ConfigureSyncer] Types to download:  with reason: 4
2026-07-27 09:18:38.378: [INFO][SyncEngineBackend::DoFinishConfigureDataTypes] Failed to download types:  and succeeded types: 
2026-07-27 09:18:38.382: [INFO][Sync] ConfigurationDone, failed: , succeeded: , remaining count: 1
2026-07-27 09:18:38.382: [INFO][SyncManagerImpl::ConfigureSyncer] Types to download:  with reason: 4
2026-07-27 09:18:38.382: [INFO][SyncEngineBackend::DoFinishConfigureDataTypes] Failed to download types:  and succeeded types: 
2026-07-27 09:18:38.387: [INFO][Sync] ConfigurationDone, failed: , succeeded: , remaining count: 0
2026-07-27 09:18:38.387: [INFO][Sync]     Configuration completed, state: 3
2026-07-27 09:18:38.388: [INFO][Sync] Configured DataTypeManager: Ok
2026-07-27 09:18:38.392: [INFO][SyncEngineBackend::DoStartSyncing] Start syncing
2026-07-27 09:18:38.659: [INFO][SyncAuthManager::SetLastAuthError] Current auth error: None
2026-07-27 09:18:38.659: [INFO][SyncAuthManager::EdgeLogTokenErrorState] Token error with: None for account type: MSA
2026-07-27 09:18:38.659: [INFO][Sync] Credentials changed for: EdgeSyncScopeNew
2026-07-27 09:18:38.760: [INFO][SyncAuthManager::SetLastAuthError] Current auth error: None
2026-07-27 09:18:38.760: [INFO][SyncAuthManager::EdgeLogTokenErrorState] Token error with: None for account type: MSA
2026-07-27 09:18:38.760: [INFO][Sync] Credentials changed for: EdgeSyncKeyDataScope
2026-07-27 09:18:38.760: [INFO][SyncEngineBackend::DoUpdateKeyDataCredentials] Update key data credentials
2026-07-27 09:18:38.760: [INFO][SyncEngineBackend::DoUpdateCredentials] Update credentials
2026-07-27 10:14:58.231: [INFO][Sync] Reset engine, reason: 0
2026-07-27 10:14:58.231: [INFO][Sync] Reset engine with reason: 0
2026-07-27 10:19:31.599: [INFO][Sync] SyncState after authenticated was: FeatureCanStart
2026-07-27 10:19:32.279: [INFO][Sync] Try to start sync engine
2026-07-27 10:19:32.282: [INFO][SyncEngineBackend::LoadAndConnectNigoriController] Load and connect Nigori controller
2026-07-27 10:19:32.282: [INFO][SyncEngineBackend::DoInitialize] Control Types added: 
2026-07-27 10:19:32.282: [INFO][SyncManagerImpl::ConfigureSyncer] Types to download:  with reason: 4
2026-07-27 10:19:32.282: [INFO][SyncAuthManager::SetLastAuthError] Current auth error: None
2026-07-27 10:19:32.283: [INFO][SyncAuthManager::EdgeLogTokenErrorState] Token error with: None for account type: MSA
2026-07-27 10:19:32.283: [INFO][Sync] Credentials changed for: EdgeSyncScopeNew
2026-07-27 10:19:32.291: [INFO][Sync] Started DataTypeManager configuration, reason: 4
2026-07-27 10:19:32.291: [INFO][Sync] Configuring for: Bookmarks, Preferences, Passwords, Autofill Profiles, Autofill, Extensions, Sessions, Extension settings, History Delete Directives, Device Info, User Consents, Send Tab To Self, Web Apps, History, Saved Tab Group, WebAuthn Credentials, Edge E Drop, Edge Hub App Usage, Edge Workspace, Encryption Keys, reason: 4, current state: 0
2026-07-27 10:19:32.291: [INFO][SyncEngineBackend::DoStartConfiguration] Start configuration
2026-07-27 10:19:32.293: [INFO][Sync] Configure, desired: Bookmarks, Preferences, Passwords, Autofill Profiles, Autofill, Extensions, Sessions, Extension settings, History Delete Directives, Device Info, User Consents, Send Tab To Self, Web Apps, History, Saved Tab Group, WebAuthn Credentials, Edge E Drop, Edge Hub App Usage, Edge Workspace, Encryption Keys; Allow fail: 
2026-07-27 10:19:32.293: [INFO][Sync] Loading: Bookmarks
2026-07-27 10:19:32.293: [INFO][Sync] Loading: Preferences
2026-07-27 10:19:32.293: [INFO][Sync] Loading: Passwords
2026-07-27 10:19:32.293: [INFO][Sync] Loading: Autofill Profiles
2026-07-27 10:19:32.293: [INFO][Sync] Loading: Autofill
2026-07-27 10:19:32.293: [INFO][Sync] Loading: Extensions
2026-07-27 10:19:32.293: [INFO][Sync] Loading: Sessions
2026-07-27 10:19:32.293: [INFO][Sync] Loading: Extension settings
2026-07-27 10:19:32.293: [INFO][Sync] Loading: History Delete Directives
2026-07-27 10:19:32.293: [INFO][Sync] Loading: Device Info
2026-07-27 10:19:32.293: [INFO][Sync] Loading: User Consents
2026-07-27 10:19:32.293: [INFO][Sync] Loading: Send Tab To Self
2026-07-27 10:19:32.293: [INFO][Sync] Loading: Web Apps
2026-07-27 10:19:32.293: [INFO][Sync] Loading: History
2026-07-27 10:19:32.293: [INFO][Sync] Loading: Saved Tab Group
2026-07-27 10:19:32.293: [INFO][Sync] Loading: WebAuthn Credentials
2026-07-27 10:19:32.293: [INFO][Sync] Loading: Edge E Drop
2026-07-27 10:19:32.293: [INFO][Sync] Loading: Edge Hub App Usage
2026-07-27 10:19:32.293: [INFO][Sync] Loading: Edge Workspace
2026-07-27 10:19:32.301: [INFO][Sync] All data types are ready for configure.
2026-07-27 10:19:32.302: [INFO][SyncManagerImpl::ConfigureSyncer] Types to download:  with reason: 4
2026-07-27 10:19:32.302: [INFO][SyncEngineBackend::DoFinishConfigureDataTypes] Failed to download types:  and succeeded types: 
2026-07-27 10:19:32.302: [INFO][Sync] ConfigurationDone, failed: , succeeded: , remaining count: 3
2026-07-27 10:19:32.302: [INFO][SyncManagerImpl::ConfigureSyncer] Types to download:  with reason: 4
2026-07-27 10:19:32.302: [INFO][SyncEngineBackend::DoFinishConfigureDataTypes] Failed to download types:  and succeeded types: 
2026-07-27 10:19:32.302: [INFO][Sync] ConfigurationDone, failed: , succeeded: , remaining count: 2
2026-07-27 10:19:32.302: [INFO][SyncManagerImpl::ConfigureSyncer] Types to download:  with reason: 4
2026-07-27 10:19:32.302: [INFO][SyncEngineBackend::DoFinishConfigureDataTypes] Failed to download types:  and succeeded types: 
2026-07-27 10:19:32.302: [INFO][Sync] ConfigurationDone, failed: , succeeded: , remaining count: 1
2026-07-27 10:19:32.302: [INFO][SyncManagerImpl::ConfigureSyncer] Types to download:  with reason: 4
2026-07-27 10:19:32.302: [INFO][SyncEngineBackend::DoFinishConfigureDataTypes] Failed to download types:  and succeeded types: 
2026-07-27 10:19:32.302: [INFO][Sync] ConfigurationDone, failed: , succeeded: , remaining count: 0
2026-07-27 10:19:32.302: [INFO][Sync]     Configuration completed, state: 3
2026-07-27 10:19:32.303: [INFO][Sync] Configured DataTypeManager: Ok
2026-07-27 10:19:32.305: [INFO][SyncEngineBackend::DoStartSyncing] Start syncing
2026-07-27 10:19:32.376: [INFO][SyncAuthManager::SetLastAuthError] Current auth error: None
2026-07-27 10:19:32.376: [INFO][SyncAuthManager::EdgeLogTokenErrorState] Token error with: None for account type: MSA
2026-07-27 10:19:32.376: [INFO][Sync] Credentials changed for: EdgeSyncKeyDataScope
2026-07-27 10:19:32.376: [INFO][SyncEngineBackend::DoUpdateKeyDataCredentials] Update key data credentials
2026-07-27 10:19:32.376: [INFO][SyncEngineBackend::DoUpdateCredentials] Update credentials
2026-07-27 10:45:11.048: [INFO][Sync] SyncState after authenticated was: FeatureCanStart
2026-07-27 10:45:11.583: [INFO][SyncAuthManager::SetLastAuthError] Current auth error: None
2026-07-27 10:45:11.583: [INFO][SyncAuthManager::EdgeLogTokenErrorState] Token error with: None for account type: MSA
2026-07-27 10:45:11.583: [INFO][Sync] Credentials changed for: EdgeSyncKeyDataScope
2026-07-27 10:45:16.008: [INFO][Sync] Try to start sync engine
2026-07-27 10:45:16.010: [INFO][SyncAuthManager::SetLastAuthError] Current auth error: None
2026-07-27 10:45:16.010: [INFO][SyncAuthManager::EdgeLogTokenErrorState] Token error with: None for account type: MSA
2026-07-27 10:45:16.010: [INFO][Sync] Credentials changed for: EdgeSyncScopeNew
2026-07-27 10:45:16.012: [INFO][SyncEngineBackend::LoadAndConnectNigoriController] Load and connect Nigori controller
2026-07-27 10:45:16.012: [INFO][SyncEngineBackend::DoInitialize] Control Types added: 
2026-07-27 10:45:16.012: [INFO][SyncManagerImpl::ConfigureSyncer] Types to download:  with reason: 4
2026-07-27 10:45:16.012: [INFO][SyncEngineBackend::DoUpdateKeyDataCredentials] Update key data credentials
2026-07-27 10:45:16.012: [INFO][SyncEngineBackend::DoUpdateCredentials] Update credentials
2026-07-27 10:45:16.012: [INFO][SyncEngineBackend::DoUpdateKeyDataCredentials] Update key data credentials
2026-07-27 10:45:16.018: [INFO][Sync] Started DataTypeManager configuration, reason: 4
2026-07-27 10:45:16.018: [INFO][Sync] Configuring for: Bookmarks, Preferences, Passwords, Autofill Profiles, Autofill, Extensions, Sessions, Extension settings, History Delete Directives, Device Info, User Consents, Send Tab To Self, Web Apps, History, Saved Tab Group, WebAuthn Credentials, Edge E Drop, Edge Hub App Usage, Edge Workspace, Encryption Keys, reason: 4, current state: 0
2026-07-27 10:45:16.018: [INFO][SyncEngineBackend::DoStartConfiguration] Start configuration
2026-07-27 10:45:16.020: [INFO][Sync] Configure, desired: Bookmarks, Preferences, Passwords, Autofill Profiles, Autofill, Extensions, Sessions, Extension settings, History Delete Directives, Device Info, User Consents, Send Tab To Self, Web Apps, History, Saved Tab Group, WebAuthn Credentials, Edge E Drop, Edge Hub App Usage, Edge Workspace, Encryption Keys; Allow fail: 
2026-07-27 10:45:16.020: [INFO][Sync] Loading: Bookmarks
2026-07-27 10:45:16.020: [INFO][Sync] Loading: Preferences
2026-07-27 10:45:16.020: [INFO][Sync] Loading: Passwords
2026-07-27 10:45:16.020: [INFO][Sync] Loading: Autofill Profiles
2026-07-27 10:45:16.020: [INFO][Sync] Loading: Autofill
2026-07-27 10:45:16.020: [INFO][Sync] Loading: Extensions
2026-07-27 10:45:16.020: [INFO][Sync] Loading: Sessions
2026-07-27 10:45:16.020: [INFO][Sync] Loading: Extension settings
2026-07-27 10:45:16.020: [INFO][Sync] Loading: History Delete Directives
2026-07-27 10:45:16.020: [INFO][Sync] Loading: Device Info
2026-07-27 10:45:16.020: [INFO][Sync] Loading: User Consents
2026-07-27 10:45:16.020: [INFO][Sync] Loading: Send Tab To Self
2026-07-27 10:45:16.020: [INFO][Sync] Loading: Web Apps
2026-07-27 10:45:16.020: [INFO][Sync] Loading: History
2026-07-27 10:45:16.020: [INFO][Sync] Loading: Saved Tab Group
2026-07-27 10:45:16.020: [INFO][Sync] Loading: WebAuthn Credentials
2026-07-27 10:45:16.020: [INFO][Sync] Loading: Edge E Drop
2026-07-27 10:45:16.020: [INFO][Sync] Loading: Edge Hub App Usage
2026-07-27 10:45:16.020: [INFO][Sync] Loading: Edge Workspace
2026-07-27 10:45:16.029: [INFO][Sync] All data types are ready for configure.
2026-07-27 10:45:16.029: [INFO][SyncManagerImpl::ConfigureSyncer] Types to download:  with reason: 4
2026-07-27 10:45:16.029: [INFO][SyncEngineBackend::DoFinishConfigureDataTypes] Failed to download types:  and succeeded types: 
2026-07-27 10:45:16.029: [INFO][Sync] ConfigurationDone, failed: , succeeded: , remaining count: 3
2026-07-27 10:45:16.029: [INFO][SyncManagerImpl::ConfigureSyncer] Types to download:  with reason: 4
2026-07-27 10:45:16.029: [INFO][SyncEngineBackend::DoFinishConfigureDataTypes] Failed to download types:  and succeeded types: 
2026-07-27 10:45:16.029: [INFO][Sync] ConfigurationDone, failed: , succeeded: , remaining count: 2
2026-07-27 10:45:16.030: [INFO][SyncManagerImpl::ConfigureSyncer] Types to download:  with reason: 4
2026-07-27 10:45:16.030: [INFO][SyncEngineBackend::DoFinishConfigureDataTypes] Failed to download types:  and succeeded types: 
2026-07-27 10:45:16.030: [INFO][Sync] ConfigurationDone, failed: , succeeded: , remaining count: 1
2026-07-27 10:45:16.030: [INFO][SyncManagerImpl::ConfigureSyncer] Types to download:  with reason: 4
2026-07-27 10:45:16.030: [INFO][SyncEngineBackend::DoFinishConfigureDataTypes] Failed to download types:  and succeeded types: 
2026-07-27 10:45:16.030: [INFO][Sync] ConfigurationDone, failed: , succeeded: , remaining count: 0
2026-07-27 10:45:16.030: [INFO][Sync]     Configuration completed, state: 3
2026-07-27 10:45:16.030: [INFO][Sync] Configured DataTypeManager: Ok
2026-07-27 10:45:16.033: [INFO][SyncEngineBackend::DoStartSyncing] Start syncing
2026-07-27 12:14:55.820: [INFO][Sync] SyncState after authenticated was: FeatureCanStart
2026-07-27 12:14:56.357: [INFO][SyncAuthManager::SetLastAuthError] Current auth error: None
2026-07-27 12:14:56.357: [INFO][SyncAuthManager::EdgeLogTokenErrorState] Token error with: None for account type: MSA
2026-07-27 12:14:56.357: [INFO][Sync] Credentials changed for: EdgeSyncKeyDataScope
2026-07-27 12:14:58.115: [INFO][Sync] Try to start sync engine
2026-07-27 12:14:58.116: [INFO][SyncAuthManager::SetLastAuthError] Current auth error: None
2026-07-27 12:14:58.116: [INFO][SyncAuthManager::EdgeLogTokenErrorState] Token error with: None for account type: MSA
2026-07-27 12:14:58.117: [INFO][Sync] Credentials changed for: EdgeSyncScopeNew
2026-07-27 12:14:58.118: [INFO][SyncEngineBackend::LoadAndConnectNigoriController] Load and connect Nigori controller
2026-07-27 12:14:58.118: [INFO][SyncEngineBackend::DoInitialize] Control Types added: 
2026-07-27 12:14:58.118: [INFO][SyncManagerImpl::ConfigureSyncer] Types to download:  with reason: 4
2026-07-27 12:14:58.118: [INFO][SyncEngineBackend::DoUpdateKeyDataCredentials] Update key data credentials
2026-07-27 12:14:58.118: [INFO][SyncEngineBackend::DoUpdateCredentials] Update credentials
2026-07-27 12:14:58.118: [INFO][SyncEngineBackend::DoUpdateKeyDataCredentials] Update key data credentials
2026-07-27 12:14:58.124: [INFO][Sync] Started DataTypeManager configuration, reason: 4
2026-07-27 12:14:58.124: [INFO][Sync] Configuring for: Bookmarks, Preferences, Passwords, Autofill Profiles, Autofill, Extensions, Sessions, Extension settings, History Delete Directives, Device Info, User Consents, Send Tab To Self, Web Apps, History, Saved Tab Group, WebAuthn Credentials, Edge E Drop, Edge Hub App Usage, Edge Workspace, Encryption Keys, reason: 4, current state: 0
2026-07-27 12:14:58.124: [INFO][SyncEngineBackend::DoStartConfiguration] Start configuration
2026-07-27 12:14:58.126: [INFO][Sync] Configure, desired: Bookmarks, Preferences, Passwords, Autofill Profiles, Autofill, Extensions, Sessions, Extension settings, History Delete Directives, Device Info, User Consents, Send Tab To Self, Web Apps, History, Saved Tab Group, WebAuthn Credentials, Edge E Drop, Edge Hub App Usage, Edge Workspace, Encryption Keys; Allow fail: 
2026-07-27 12:14:58.126: [INFO][Sync] Loading: Bookmarks
2026-07-27 12:14:58.126: [INFO][Sync] Loading: Preferences
2026-07-27 12:14:58.126: [INFO][Sync] Loading: Passwords
2026-07-27 12:14:58.126: [INFO][Sync] Loading: Autofill Profiles
2026-07-27 12:14:58.126: [INFO][Sync] Loading: Autofill
2026-07-27 12:14:58.126: [INFO][Sync] Loading: Extensions
2026-07-27 12:14:58.126: [INFO][Sync] Loading: Sessions
2026-07-27 12:14:58.126: [INFO][Sync] Loading: Extension settings
2026-07-27 12:14:58.126: [INFO][Sync] Loading: History Delete Directives
2026-07-27 12:14:58.126: [INFO][Sync] Loading: Device Info
2026-07-27 12:14:58.126: [INFO][Sync] Loading: User Consents
2026-07-27 12:14:58.126: [INFO][Sync] Loading: Send Tab To Self
2026-07-27 12:14:58.126: [INFO][Sync] Loading: Web Apps
2026-07-27 12:14:58.126: [INFO][Sync] Loading: History
2026-07-27 12:14:58.126: [INFO][Sync] Loading: Saved Tab Group
2026-07-27 12:14:58.126: [INFO][Sync] Loading: WebAuthn Credentials
2026-07-27 12:14:58.126: [INFO][Sync] Loading: Edge E Drop
2026-07-27 12:14:58.126: [INFO][Sync] Loading: Edge Hub App Usage
2026-07-27 12:14:58.126: [INFO][Sync] Loading: Edge Workspace
2026-07-27 12:14:58.148: [INFO][Sync] All data types are ready for configure.
2026-07-27 12:14:58.148: [INFO][SyncManagerImpl::ConfigureSyncer] Types to download:  with reason: 4
2026-07-27 12:14:58.148: [INFO][SyncEngineBackend::DoFinishConfigureDataTypes] Failed to download types:  and succeeded types: 
2026-07-27 12:14:58.149: [INFO][Sync] ConfigurationDone, failed: , succeeded: , remaining count: 3
2026-07-27 12:14:58.149: [INFO][SyncManagerImpl::ConfigureSyncer] Types to download:  with reason: 4
2026-07-27 12:14:58.149: [INFO][SyncEngineBackend::DoFinishConfigureDataTypes] Failed to download types:  and succeeded types: 
2026-07-27 12:14:58.152: [INFO][Sync] ConfigurationDone, failed: , succeeded: , remaining count: 2
2026-07-27 12:14:58.152: [INFO][SyncManagerImpl::ConfigureSyncer] Types to download:  with reason: 4
2026-07-27 12:14:58.152: [INFO][SyncEngineBackend::DoFinishConfigureDataTypes] Failed to download types:  and succeeded types: 
2026-07-27 12:14:58.167: [INFO][Sync] ConfigurationDone, failed: , succeeded: , remaining count: 1
2026-07-27 12:14:58.167: [INFO][SyncManagerImpl::ConfigureSyncer] Types to download:  with reason: 4
2026-07-27 12:14:58.167: [INFO][SyncEngineBackend::DoFinishConfigureDataTypes] Failed to download types:  and succeeded types: 
2026-07-27 12:14:58.171: [INFO][Sync] ConfigurationDone, failed: , succeeded: , remaining count: 0
2026-07-27 12:14:58.171: [INFO][Sync]     Configuration completed, state: 3
2026-07-27 12:14:58.171: [INFO][Sync] Configured DataTypeManager: Ok
2026-07-27 12:14:58.174: [INFO][SyncEngineBackend::DoStartSyncing] Start syncing
2026-07-27 12:18:01.515: [INFO][Sync] Reset engine, reason: 0
2026-07-27 12:18:01.515: [INFO][Sync] Reset engine with reason: 0
2026-07-27 12:18:28.021: [INFO][Sync] SyncState after authenticated was: FeatureCanStart
2026-07-27 12:18:28.508: [INFO][SyncAuthManager::SetLastAuthError] Current auth error: None
2026-07-27 12:18:28.508: [INFO][SyncAuthManager::EdgeLogTokenErrorState] Token error with: None for account type: MSA
2026-07-27 12:18:28.508: [INFO][Sync] Credentials changed for: EdgeSyncKeyDataScope
2026-07-27 12:18:28.711: [INFO][Sync] Try to start sync engine
2026-07-27 12:18:28.714: [INFO][SyncAuthManager::SetLastAuthError] Current auth error: None
2026-07-27 12:18:28.714: [INFO][SyncAuthManager::EdgeLogTokenErrorState] Token error with: None for account type: MSA
2026-07-27 12:18:28.714: [INFO][Sync] Credentials changed for: EdgeSyncScopeNew
2026-07-27 12:18:28.715: [INFO][SyncEngineBackend::LoadAndConnectNigoriController] Load and connect Nigori controller
2026-07-27 12:18:28.715: [INFO][SyncEngineBackend::DoInitialize] Control Types added: 
2026-07-27 12:18:28.715: [INFO][SyncManagerImpl::ConfigureSyncer] Types to download:  with reason: 4
2026-07-27 12:18:28.715: [INFO][SyncEngineBackend::DoUpdateKeyDataCredentials] Update key data credentials
2026-07-27 12:18:28.715: [INFO][SyncEngineBackend::DoUpdateCredentials] Update credentials
2026-07-27 12:18:28.715: [INFO][SyncEngineBackend::DoUpdateKeyDataCredentials] Update key data credentials
2026-07-27 12:18:28.722: [INFO][Sync] Started DataTypeManager configuration, reason: 4
2026-07-27 12:18:28.722: [INFO][Sync] Configuring for: Bookmarks, Preferences, Passwords, Autofill Profiles, Autofill, Extensions, Sessions, Extension settings, History Delete Directives, Device Info, User Consents, Send Tab To Self, Web Apps, History, Saved Tab Group, WebAuthn Credentials, Edge E Drop, Edge Hub App Usage, Edge Workspace, Encryption Keys, reason: 4, current state: 0
2026-07-27 12:18:28.722: [INFO][SyncEngineBackend::DoStartConfiguration] Start configuration
2026-07-27 12:18:28.724: [INFO][Sync] Configure, desired: Bookmarks, Preferences, Passwords, Autofill Profiles, Autofill, Extensions, Sessions, Extension settings, History Delete Directives, Device Info, User Consents, Send Tab To Self, Web Apps, History, Saved Tab Group, WebAuthn Credentials, Edge E Drop, Edge Hub App Usage, Edge Workspace, Encryption Keys; Allow fail: 
2026-07-27 12:18:28.724: [INFO][Sync] Loading: Bookmarks
2026-07-27 12:18:28.724: [INFO][Sync] Loading: Preferences
2026-07-27 12:18:28.724: [INFO][Sync] Loading: Passwords
2026-07-27 12:18:28.724: [INFO][Sync] Loading: Autofill Profiles
2026-07-27 12:18:28.724: [INFO][Sync] Loading: Autofill
2026-07-27 12:18:28.724: [INFO][Sync] Loading: Extensions
2026-07-27 12:18:28.724: [INFO][Sync] Loading: Sessions
2026-07-27 12:18:28.724: [INFO][Sync] Loading: Extension settings
2026-07-27 12:18:28.724: [INFO][Sync] Loading: History Delete Directives
2026-07-27 12:18:28.724: [INFO][Sync] Loading: Device Info
2026-07-27 12:18:28.724: [INFO][Sync] Loading: User Consents
2026-07-27 12:18:28.724: [INFO][Sync] Loading: Send Tab To Self
2026-07-27 12:18:28.724: [INFO][Sync] Loading: Web Apps
2026-07-27 12:18:28.724: [INFO][Sync] Loading: History
2026-07-27 12:18:28.724: [INFO][Sync] Loading: Saved Tab Group
2026-07-27 12:18:28.724: [INFO][Sync] Loading: WebAuthn Credentials
2026-07-27 12:18:28.724: [INFO][Sync] Loading: Edge E Drop
2026-07-27 12:18:28.724: [INFO][Sync] Loading: Edge Hub App Usage
2026-07-27 12:18:28.724: [INFO][Sync] Loading: Edge Workspace
2026-07-27 12:18:28.735: [INFO][Sync] All data types are ready for configure.
2026-07-27 12:18:28.735: [INFO][SyncManagerImpl::ConfigureSyncer] Types to download:  with reason: 4
2026-07-27 12:18:28.735: [INFO][SyncEngineBackend::DoFinishConfigureDataTypes] Failed to download types:  and succeeded types: 
2026-07-27 12:18:28.736: [INFO][Sync] ConfigurationDone, failed: , succeeded: , remaining count: 3
2026-07-27 12:18:28.736: [INFO][SyncManagerImpl::ConfigureSyncer] Types to download:  with reason: 4
2026-07-27 12:18:28.736: [INFO][SyncEngineBackend::DoFinishConfigureDataTypes] Failed to download types:  and succeeded types: 
2026-07-27 12:18:28.736: [INFO][Sync] ConfigurationDone, failed: , succeeded: , remaining count: 2
2026-07-27 12:18:28.736: [INFO][SyncManagerImpl::ConfigureSyncer] Types to download:  with reason: 4
2026-07-27 12:18:28.736: [INFO][SyncEngineBackend::DoFinishConfigureDataTypes] Failed to download types:  and succeeded types: 
2026-07-27 12:18:28.736: [INFO][Sync] ConfigurationDone, failed: , succeeded: , remaining count: 1
2026-07-27 12:18:28.736: [INFO][SyncManagerImpl::ConfigureSyncer] Types to download:  with reason: 4
2026-07-27 12:18:28.736: [INFO][SyncEngineBackend::DoFinishConfigureDataTypes] Failed to download types:  and succeeded types: 
2026-07-27 12:18:28.736: [INFO][Sync] ConfigurationDone, failed: , succeeded: , remaining count: 0
2026-07-27 12:18:28.736: [INFO][Sync]     Configuration completed, state: 3
2026-07-27 12:18:28.736: [INFO][Sync] Configured DataTypeManager: Ok
2026-07-27 12:18:28.739: [INFO][SyncEngineBackend::DoStartSyncing] Start syncing
2026-07-27 12:34:13.183: [INFO][Sync] SyncState after authenticated was: FeatureCanStart
2026-07-27 12:34:13.813: [INFO][Sync] Try to start sync engine
2026-07-27 12:34:13.814: [INFO][SyncAuthManager::SetLastAuthError] Current auth error: None
2026-07-27 12:34:13.814: [INFO][SyncAuthManager::EdgeLogTokenErrorState] Token error with: None for account type: MSA
2026-07-27 12:34:13.814: [INFO][Sync] Credentials changed for: EdgeSyncScopeNew
2026-07-27 12:34:13.816: [INFO][SyncEngineBackend::LoadAndConnectNigoriController] Load and connect Nigori controller
2026-07-27 12:34:13.816: [INFO][SyncEngineBackend::DoInitialize] Control Types added: 
2026-07-27 12:34:13.816: [INFO][SyncManagerImpl::ConfigureSyncer] Types to download:  with reason: 4
2026-07-27 12:34:13.821: [INFO][Sync] Started DataTypeManager configuration, reason: 4
2026-07-27 12:34:13.821: [INFO][Sync] Configuring for: Bookmarks, Preferences, Passwords, Autofill Profiles, Autofill, Extensions, Sessions, Extension settings, History Delete Directives, Device Info, User Consents, Send Tab To Self, Web Apps, History, Saved Tab Group, WebAuthn Credentials, Edge E Drop, Edge Hub App Usage, Edge Workspace, Encryption Keys, reason: 4, current state: 0
2026-07-27 12:34:13.821: [INFO][SyncEngineBackend::DoStartConfiguration] Start configuration
2026-07-27 12:34:13.823: [INFO][Sync] Configure, desired: Bookmarks, Preferences, Passwords, Autofill Profiles, Autofill, Extensions, Sessions, Extension settings, History Delete Directives, Device Info, User Consents, Send Tab To Self, Web Apps, History, Saved Tab Group, WebAuthn Credentials, Edge E Drop, Edge Hub App Usage, Edge Workspace, Encryption Keys; Allow fail: 
2026-07-27 12:34:13.823: [INFO][Sync] Loading: Bookmarks
2026-07-27 12:34:13.823: [INFO][Sync] Loading: Preferences
2026-07-27 12:34:13.823: [INFO][Sync] Loading: Passwords
2026-07-27 12:34:13.823: [INFO][Sync] Loading: Autofill Profiles
2026-07-27 12:34:13.823: [INFO][Sync] Loading: Autofill
2026-07-27 12:34:13.823: [INFO][Sync] Loading: Extensions
2026-07-27 12:34:13.823: [INFO][Sync] Loading: Sessions
2026-07-27 12:34:13.823: [INFO][Sync] Loading: Extension settings
2026-07-27 12:34:13.823: [INFO][Sync] Loading: History Delete Directives
2026-07-27 12:34:13.823: [INFO][Sync] Loading: Device Info
2026-07-27 12:34:13.823: [INFO][Sync] Loading: User Consents
2026-07-27 12:34:13.823: [INFO][Sync] Loading: Send Tab To Self
2026-07-27 12:34:13.823: [INFO][Sync] Loading: Web Apps
2026-07-27 12:34:13.823: [INFO][Sync] Loading: History
2026-07-27 12:34:13.823: [INFO][Sync] Loading: Saved Tab Group
2026-07-27 12:34:13.823: [INFO][Sync] Loading: WebAuthn Credentials
2026-07-27 12:34:13.823: [INFO][Sync] Loading: Edge E Drop
2026-07-27 12:34:13.823: [INFO][Sync] Loading: Edge Hub App Usage
2026-07-27 12:34:13.823: [INFO][Sync] Loading: Edge Workspace
2026-07-27 12:34:13.830: [INFO][Sync] All data types are ready for configure.
2026-07-27 12:34:13.830: [INFO][SyncManagerImpl::ConfigureSyncer] Types to download:  with reason: 4
2026-07-27 12:34:13.830: [INFO][SyncEngineBackend::DoFinishConfigureDataTypes] Failed to download types:  and succeeded types: 
2026-07-27 12:34:13.830: [INFO][Sync] ConfigurationDone, failed: , succeeded: , remaining count: 3
2026-07-27 12:34:13.830: [INFO][SyncManagerImpl::ConfigureSyncer] Types to download:  with reason: 4
2026-07-27 12:34:13.830: [INFO][SyncEngineBackend::DoFinishConfigureDataTypes] Failed to download types:  and succeeded types: 
2026-07-27 12:34:13.830: [INFO][Sync] ConfigurationDone, failed: , succeeded: , remaining count: 2
2026-07-27 12:34:13.830: [INFO][SyncManagerImpl::ConfigureSyncer] Types to download:  with reason: 4
2026-07-27 12:34:13.830: [INFO][SyncEngineBackend::DoFinishConfigureDataTypes] Failed to download types:  and succeeded types: 
2026-07-27 12:34:13.830: [INFO][Sync] ConfigurationDone, failed: , succeeded: , remaining count: 1
2026-07-27 12:34:13.830: [INFO][SyncManagerImpl::ConfigureSyncer] Types to download:  with reason: 4
2026-07-27 12:34:13.830: [INFO][SyncEngineBackend::DoFinishConfigureDataTypes] Failed to download types:  and succeeded types: 
2026-07-27 12:34:13.830: [INFO][Sync] ConfigurationDone, failed: , succeeded: , remaining count: 0
2026-07-27 12:34:13.830: [INFO][Sync]     Configuration completed, state: 3
2026-07-27 12:34:13.831: [INFO][Sync] Configured DataTypeManager: Ok
2026-07-27 12:34:13.833: [INFO][SyncEngineBackend::DoStartSyncing] Start syncing
2026-07-27 12:34:14.012: [INFO][SyncAuthManager::SetLastAuthError] Current auth error: None
2026-07-27 12:34:14.012: [INFO][SyncAuthManager::EdgeLogTokenErrorState] Token error with: None for account type: MSA
2026-07-27 12:34:14.012: [INFO][Sync] Credentials changed for: EdgeSyncKeyDataScope
2026-07-27 12:34:14.012: [INFO][SyncEngineBackend::DoUpdateKeyDataCredentials] Update key data credentials
2026-07-27 12:34:14.012: [INFO][SyncEngineBackend::DoUpdateCredentials] Update credentials
2026-07-27 12:40:07.413: [INFO][Sync] SyncState after authenticated was: FeatureCanStart
2026-07-27 12:40:07.947: [INFO][SyncAuthManager::SetLastAuthError] Current auth error: None
2026-07-27 12:40:07.947: [INFO][SyncAuthManager::EdgeLogTokenErrorState] Token error with: None for account type: MSA
2026-07-27 12:40:07.947: [INFO][Sync] Credentials changed for: EdgeSyncKeyDataScope
2026-07-27 12:40:08.006: [INFO][Sync] Try to start sync engine
2026-07-27 12:40:08.008: [INFO][SyncAuthManager::SetLastAuthError] Current auth error: None
2026-07-27 12:40:08.008: [INFO][SyncAuthManager::EdgeLogTokenErrorState] Token error with: None for account type: MSA
2026-07-27 12:40:08.008: [INFO][Sync] Credentials changed for: EdgeSyncScopeNew
2026-07-27 12:40:08.010: [INFO][SyncEngineBackend::LoadAndConnectNigoriController] Load and connect Nigori controller
2026-07-27 12:40:08.010: [INFO][SyncEngineBackend::DoInitialize] Control Types added: 
2026-07-27 12:40:08.010: [INFO][SyncManagerImpl::ConfigureSyncer] Types to download:  with reason: 4
2026-07-27 12:40:08.010: [INFO][SyncEngineBackend::DoUpdateKeyDataCredentials] Update key data credentials
2026-07-27 12:40:08.010: [INFO][SyncEngineBackend::DoUpdateCredentials] Update credentials
2026-07-27 12:40:08.010: [INFO][SyncEngineBackend::DoUpdateKeyDataCredentials] Update key data credentials
2026-07-27 12:40:08.017: [INFO][Sync] Started DataTypeManager configuration, reason: 4
2026-07-27 12:40:08.017: [INFO][Sync] Configuring for: Bookmarks, Preferences, Passwords, Autofill Profiles, Autofill, Extensions, Sessions, Extension settings, History Delete Directives, Device Info, User Consents, Send Tab To Self, Web Apps, History, Saved Tab Group, WebAuthn Credentials, Edge E Drop, Edge Hub App Usage, Edge Workspace, Encryption Keys, reason: 4, current state: 0
2026-07-27 12:40:08.017: [INFO][SyncEngineBackend::DoStartConfiguration] Start configuration
2026-07-27 12:40:08.019: [INFO][Sync] Configure, desired: Bookmarks, Preferences, Passwords, Autofill Profiles, Autofill, Extensions, Sessions, Extension settings, History Delete Directives, Device Info, User Consents, Send Tab To Self, Web Apps, History, Saved Tab Group, WebAuthn Credentials, Edge E Drop, Edge Hub App Usage, Edge Workspace, Encryption Keys; Allow fail: 
2026-07-27 12:40:08.019: [INFO][Sync] Loading: Bookmarks
2026-07-27 12:40:08.019: [INFO][Sync] Loading: Preferences
2026-07-27 12:40:08.019: [INFO][Sync] Loading: Passwords
2026-07-27 12:40:08.019: [INFO][Sync] Loading: Autofill Profiles
2026-07-27 12:40:08.019: [INFO][Sync] Loading: Autofill
2026-07-27 12:40:08.019: [INFO][Sync] Loading: Extensions
2026-07-27 12:40:08.019: [INFO][Sync] Loading: Sessions
2026-07-27 12:40:08.019: [INFO][Sync] Loading: Extension settings
2026-07-27 12:40:08.019: [INFO][Sync] Loading: History Delete Directives
2026-07-27 12:40:08.019: [INFO][Sync] Loading: Device Info
2026-07-27 12:40:08.019: [INFO][Sync] Loading: User Consents
2026-07-27 12:40:08.019: [INFO][Sync] Loading: Send Tab To Self
2026-07-27 12:40:08.019: [INFO][Sync] Loading: Web Apps
2026-07-27 12:40:08.019: [INFO][Sync] Loading: History
2026-07-27 12:40:08.019: [INFO][Sync] Loading: Saved Tab Group
2026-07-27 12:40:08.019: [INFO][Sync] Loading: WebAuthn Credentials
2026-07-27 12:40:08.019: [INFO][Sync] Loading: Edge E Drop
2026-07-27 12:40:08.019: [INFO][Sync] Loading: Edge Hub App Usage
2026-07-27 12:40:08.019: [INFO][Sync] Loading: Edge Workspace
2026-07-27 12:40:08.029: [INFO][Sync] All data types are ready for configure.
2026-07-27 12:40:08.029: [INFO][SyncManagerImpl::ConfigureSyncer] Types to download:  with reason: 4
2026-07-27 12:40:08.029: [INFO][SyncEngineBackend::DoFinishConfigureDataTypes] Failed to download types:  and succeeded types: 
2026-07-27 12:40:08.030: [INFO][Sync] ConfigurationDone, failed: , succeeded: , remaining count: 3
2026-07-27 12:40:08.030: [INFO][SyncManagerImpl::ConfigureSyncer] Types to download:  with reason: 4
2026-07-27 12:40:08.030: [INFO][SyncEngineBackend::DoFinishConfigureDataTypes] Failed to download types:  and succeeded types: 
2026-07-27 12:40:08.030: [INFO][Sync] ConfigurationDone, failed: , succeeded: , remaining count: 2
2026-07-27 12:40:08.030: [INFO][SyncManagerImpl::ConfigureSyncer] Types to download:  with reason: 4
2026-07-27 12:40:08.030: [INFO][SyncEngineBackend::DoFinishConfigureDataTypes] Failed to download types:  and succeeded types: 
2026-07-27 12:40:08.030: [INFO][Sync] ConfigurationDone, failed: , succeeded: , remaining count: 1
2026-07-27 12:40:08.030: [INFO][SyncManagerImpl::ConfigureSyncer] Types to download:  with reason: 4
2026-07-27 12:40:08.030: [INFO][SyncEngineBackend::DoFinishConfigureDataTypes] Failed to download types:  and succeeded types: 
2026-07-27 12:40:08.030: [INFO][Sync] ConfigurationDone, failed: , succeeded: , remaining count: 0
2026-07-27 12:40:08.030: [INFO][Sync]     Configuration completed, state: 3
2026-07-27 12:40:08.030: [INFO][Sync] Configured DataTypeManager: Ok
2026-07-27 12:40:08.033: [INFO][SyncEngineBackend::DoStartSyncing] Start syncing
2026-07-27 12:56:50.111: [INFO][Sync] SyncState after authenticated was: FeatureCanStart
2026-07-27 12:56:50.687: [INFO][SyncAuthManager::SetLastAuthError] Current auth error: None
2026-07-27 12:56:50.687: [INFO][SyncAuthManager::EdgeLogTokenErrorState] Token error with: None for account type: MSA
2026-07-27 12:56:50.687: [INFO][Sync] Credentials changed for: EdgeSyncKeyDataScope
2026-07-27 12:56:50.809: [INFO][Sync] Try to start sync engine
2026-07-27 12:56:50.811: [INFO][SyncAuthManager::SetLastAuthError] Current auth error: None
2026-07-27 12:56:50.811: [INFO][SyncAuthManager::EdgeLogTokenErrorState] Token error with: None for account type: MSA
2026-07-27 12:56:50.811: [INFO][Sync] Credentials changed for: EdgeSyncScopeNew
2026-07-27 12:56:50.812: [INFO][SyncEngineBackend::LoadAndConnectNigoriController] Load and connect Nigori controller
2026-07-27 12:56:50.812: [INFO][SyncEngineBackend::DoInitialize] Control Types added: 
2026-07-27 12:56:50.812: [INFO][SyncManagerImpl::ConfigureSyncer] Types to download:  with reason: 4
2026-07-27 12:56:50.812: [INFO][SyncEngineBackend::DoUpdateKeyDataCredentials] Update key data credentials
2026-07-27 12:56:50.812: [INFO][SyncEngineBackend::DoUpdateCredentials] Update credentials
2026-07-27 12:56:50.812: [INFO][SyncEngineBackend::DoUpdateKeyDataCredentials] Update key data credentials
2026-07-27 12:56:50.818: [INFO][Sync] Started DataTypeManager configuration, reason: 4
2026-07-27 12:56:50.818: [INFO][Sync] Configuring for: Bookmarks, Preferences, Passwords, Autofill Profiles, Autofill, Extensions, Sessions, Extension settings, History Delete Directives, Device Info, User Consents, Send Tab To Self, Web Apps, History, Saved Tab Group, WebAuthn Credentials, Edge E Drop, Edge Hub App Usage, Edge Workspace, Encryption Keys, reason: 4, current state: 0
2026-07-27 12:56:50.818: [INFO][SyncEngineBackend::DoStartConfiguration] Start configuration
2026-07-27 12:56:50.820: [INFO][Sync] Configure, desired: Bookmarks, Preferences, Passwords, Autofill Profiles, Autofill, Extensions, Sessions, Extension settings, History Delete Directives, Device Info, User Consents, Send Tab To Self, Web Apps, History, Saved Tab Group, WebAuthn Credentials, Edge E Drop, Edge Hub App Usage, Edge Workspace, Encryption Keys; Allow fail: 
2026-07-27 12:56:50.820: [INFO][Sync] Loading: Bookmarks
2026-07-27 12:56:50.820: [INFO][Sync] Loading: Preferences
2026-07-27 12:56:50.820: [INFO][Sync] Loading: Passwords
2026-07-27 12:56:50.820: [INFO][Sync] Loading: Autofill Profiles
2026-07-27 12:56:50.820: [INFO][Sync] Loading: Autofill
2026-07-27 12:56:50.820: [INFO][Sync] Loading: Extensions
2026-07-27 12:56:50.820: [INFO][Sync] Loading: Sessions
2026-07-27 12:56:50.820: [INFO][Sync] Loading: Extension settings
2026-07-27 12:56:50.820: [INFO][Sync] Loading: History Delete Directives
2026-07-27 12:56:50.820: [INFO][Sync] Loading: Device Info
2026-07-27 12:56:50.820: [INFO][Sync] Loading: User Consents
2026-07-27 12:56:50.820: [INFO][Sync] Loading: Send Tab To Self
2026-07-27 12:56:50.820: [INFO][Sync] Loading: Web Apps
2026-07-27 12:56:50.820: [INFO][Sync] Loading: History
2026-07-27 12:56:50.820: [INFO][Sync] Loading: Saved Tab Group
2026-07-27 12:56:50.820: [INFO][Sync] Loading: WebAuthn Credentials
2026-07-27 12:56:50.820: [INFO][Sync] Loading: Edge E Drop
2026-07-27 12:56:50.820: [INFO][Sync] Loading: Edge Hub App Usage
2026-07-27 12:56:50.820: [INFO][Sync] Loading: Edge Workspace
2026-07-27 12:56:50.830: [INFO][Sync] All data types are ready for configure.
2026-07-27 12:56:50.830: [INFO][SyncManagerImpl::ConfigureSyncer] Types to download:  with reason: 4
2026-07-27 12:56:50.830: [INFO][SyncEngineBackend::DoFinishConfigureDataTypes] Failed to download types:  and succeeded types: 
2026-07-27 12:56:50.830: [INFO][Sync] ConfigurationDone, failed: , succeeded: , remaining count: 3
2026-07-27 12:56:50.830: [INFO][SyncManagerImpl::ConfigureSyncer] Types to download:  with reason: 4
2026-07-27 12:56:50.830: [INFO][SyncEngineBackend::DoFinishConfigureDataTypes] Failed to download types:  and succeeded types: 
2026-07-27 12:56:50.830: [INFO][Sync] ConfigurationDone, failed: , succeeded: , remaining count: 2
2026-07-27 12:56:50.830: [INFO][SyncManagerImpl::ConfigureSyncer] Types to download:  with reason: 4
2026-07-27 12:56:50.830: [INFO][SyncEngineBackend::DoFinishConfigureDataTypes] Failed to download types:  and succeeded types: 
2026-07-27 12:56:50.830: [INFO][Sync] ConfigurationDone, failed: , succeeded: , remaining count: 1
2026-07-27 12:56:50.830: [INFO][SyncManagerImpl::ConfigureSyncer] Types to download:  with reason: 4
2026-07-27 12:56:50.830: [INFO][SyncEngineBackend::DoFinishConfigureDataTypes] Failed to download types:  and succeeded types: 
2026-07-27 12:56:50.830: [INFO][Sync] ConfigurationDone, failed: , succeeded: , remaining count: 0
2026-07-27 12:56:50.830: [INFO][Sync]     Configuration completed, state: 3
2026-07-27 12:56:50.830: [INFO][Sync] Configured DataTypeManager: Ok
2026-07-27 12:56:50.832: [INFO][SyncEngineBackend::DoStartSyncing] Start syncing
2026-07-27 21:27:29.628: [INFO][SyncSchedulerImpl::OnSyncNetworkError] Syncer error: HTTP error (401)
2026-07-27 21:27:29.628: [INFO][Sync] Connection status changed to: 2
2026-07-27 21:27:29.628: [INFO][Commit::ReportFullCommitFailure] Commit Sessions, History failed with error: AuthError
2026-07-27 21:27:29.628: [INFO][SyncSchedulerImpl::DoNudgeSyncCycleJob] Syncer error: HTTP error (401)
2026-07-27 21:27:29.633: [WARN][Sync] NetworkError: HTTP error (401)
2026-07-27 21:27:29.639: [INFO][SyncAuthManager::SetLastAuthError] Current auth error: None
2026-07-27 21:27:29.639: [INFO][SyncAuthManager::EdgeLogTokenErrorState] Token error with: None for account type: MSA
2026-07-27 21:27:29.639: [INFO][Sync] Credentials changed for: EdgeSyncScopeNew
2026-07-27 21:27:29.902: [INFO][SyncAuthManager::SetLastAuthError] Current auth error: None
2026-07-27 21:27:29.902: [INFO][SyncAuthManager::EdgeLogTokenErrorState] Token error with: None for account type: MSA
2026-07-27 21:27:29.902: [INFO][Sync] Credentials changed for: EdgeSyncKeyDataScope
2026-07-27 21:27:29.903: [INFO][SyncEngineBackend::DoUpdateKeyDataCredentials] Update key data credentials
2026-07-27 21:27:29.903: [INFO][SyncEngineBackend::DoUpdateCredentials] Update credentials
2026-07-27 23:34:05.134: [INFO][Sync] Reset engine, reason: 0
2026-07-27 23:34:05.134: [INFO][Sync] Reset engine with reason: 0
2026-07-27 23:46:46.792: [INFO][Sync] SyncState after authenticated was: FeatureCanStart
2026-07-27 23:46:47.314: [INFO][SyncAuthManager::SetLastAuthError] Current auth error: None
2026-07-27 23:46:47.314: [INFO][SyncAuthManager::EdgeLogTokenErrorState] Token error with: None for account type: MSA
2026-07-27 23:46:47.314: [INFO][Sync] Credentials changed for: EdgeSyncKeyDataScope
2026-07-27 23:46:47.475: [INFO][Sync] Try to start sync engine
2026-07-27 23:46:47.477: [INFO][SyncAuthManager::SetLastAuthError] Current auth error: None
2026-07-27 23:46:47.477: [INFO][SyncAuthManager::EdgeLogTokenErrorState] Token error with: None for account type: MSA
2026-07-27 23:46:47.477: [INFO][Sync] Credentials changed for: EdgeSyncScopeNew
2026-07-27 23:46:47.479: [INFO][SyncEngineBackend::LoadAndConnectNigoriController] Load and connect Nigori controller
2026-07-27 23:46:47.479: [INFO][SyncEngineBackend::DoInitialize] Control Types added: 
2026-07-27 23:46:47.479: [INFO][SyncManagerImpl::ConfigureSyncer] Types to download:  with reason: 4
2026-07-27 23:46:47.479: [INFO][SyncEngineBackend::DoUpdateKeyDataCredentials] Update key data credentials
2026-07-27 23:46:47.479: [INFO][SyncEngineBackend::DoUpdateCredentials] Update credentials
2026-07-27 23:46:47.479: [INFO][SyncEngineBackend::DoUpdateKeyDataCredentials] Update key data credentials
2026-07-27 23:46:47.484: [INFO][Sync] Started DataTypeManager configuration, reason: 4
2026-07-27 23:46:47.484: [INFO][Sync] Configuring for: Bookmarks, Preferences, Passwords, Autofill Profiles, Autofill, Extensions, Sessions, Extension settings, History Delete Directives, Device Info, User Consents, Send Tab To Self, Web Apps, History, Saved Tab Group, WebAuthn Credentials, Edge E Drop, Edge Hub App Usage, Edge Workspace, Encryption Keys, reason: 4, current state: 0
2026-07-27 23:46:47.484: [INFO][SyncEngineBackend::DoStartConfiguration] Start configuration
2026-07-27 23:46:47.486: [INFO][Sync] Configure, desired: Bookmarks, Preferences, Passwords, Autofill Profiles, Autofill, Extensions, Sessions, Extension settings, History Delete Directives, Device Info, User Consents, Send Tab To Self, Web Apps, History, Saved Tab Group, WebAuthn Credentials, Edge E Drop, Edge Hub App Usage, Edge Workspace, Encryption Keys; Allow fail: 
2026-07-27 23:46:47.486: [INFO][Sync] Loading: Bookmarks
2026-07-27 23:46:47.486: [INFO][Sync] Loading: Preferences
2026-07-27 23:46:47.486: [INFO][Sync] Loading: Passwords
2026-07-27 23:46:47.486: [INFO][Sync] Loading: Autofill Profiles
2026-07-27 23:46:47.486: [INFO][Sync] Loading: Autofill
2026-07-27 23:46:47.486: [INFO][Sync] Loading: Extensions
2026-07-27 23:46:47.486: [INFO][Sync] Loading: Sessions
2026-07-27 23:46:47.486: [INFO][Sync] Loading: Extension settings
2026-07-27 23:46:47.486: [INFO][Sync] Loading: History Delete Directives
2026-07-27 23:46:47.486: [INFO][Sync] Loading: Device Info
2026-07-27 23:46:47.486: [INFO][Sync] Loading: User Consents
2026-07-27 23:46:47.486: [INFO][Sync] Loading: Send Tab To Self
2026-07-27 23:46:47.486: [INFO][Sync] Loading: Web Apps
2026-07-27 23:46:47.486: [INFO][Sync] Loading: History
2026-07-27 23:46:47.486: [INFO][Sync] Loading: Saved Tab Group
2026-07-27 23:46:47.486: [INFO][Sync] Loading: WebAuthn Credentials
2026-07-27 23:46:47.486: [INFO][Sync] Loading: Edge E Drop
2026-07-27 23:46:47.486: [INFO][Sync] Loading: Edge Hub App Usage
2026-07-27 23:46:47.486: [INFO][Sync] Loading: Edge Workspace
2026-07-27 23:46:47.493: [INFO][Sync] All data types are ready for configure.
2026-07-27 23:46:47.493: [INFO][SyncManagerImpl::ConfigureSyncer] Types to download:  with reason: 4
2026-07-27 23:46:47.493: [INFO][SyncEngineBackend::DoFinishConfigureDataTypes] Failed to download types:  and succeeded types: 
2026-07-27 23:46:47.496: [INFO][Sync] ConfigurationDone, failed: , succeeded: , remaining count: 3
2026-07-27 23:46:47.496: [INFO][SyncManagerImpl::ConfigureSyncer] Types to download:  with reason: 4
2026-07-27 23:46:47.496: [INFO][SyncEngineBackend::DoFinishConfigureDataTypes] Failed to download types:  and succeeded types: 
2026-07-27 23:46:47.496: [INFO][Sync] ConfigurationDone, failed: , succeeded: , remaining count: 2
2026-07-27 23:46:47.496: [INFO][SyncManagerImpl::ConfigureSyncer] Types to download:  with reason: 4
2026-07-27 23:46:47.496: [INFO][SyncEngineBackend::DoFinishConfigureDataTypes] Failed to download types:  and succeeded types: 
2026-07-27 23:46:47.496: [INFO][Sync] ConfigurationDone, failed: , succeeded: , remaining count: 1
2026-07-27 23:46:47.496: [INFO][SyncManagerImpl::ConfigureSyncer] Types to download:  with reason: 4
2026-07-27 23:46:47.497: [INFO][SyncEngineBackend::DoFinishConfigureDataTypes] Failed to download types:  and succeeded types: 
2026-07-27 23:46:47.497: [INFO][Sync] ConfigurationDone, failed: , succeeded: , remaining count: 0
2026-07-27 23:46:47.497: [INFO][Sync]     Configuration completed, state: 3
2026-07-27 23:46:47.497: [INFO][Sync] Configured DataTypeManager: Ok
2026-07-27 23:46:47.500: [INFO][SyncEngineBackend::DoStartSyncing] Start syncing
2026-07-27 23:54:49.026: [INFO][Sync] Reset engine, reason: 0
2026-07-27 23:54:49.026: [INFO][Sync] Reset engine with reason: 0
