2026-08-14 04:44:33.758 [info] Reading sessions from keychain...
2026-08-14 04:44:33.758 [info] Getting sessions for all scopes...
2026-08-14 04:44:33.793 [info] Got stored sessions!
2026-08-14 04:44:33.793 [info] Got 1 verified sessions.
2026-08-14 04:44:33.794 [info] Got 1 sessions for ...
2026-08-14 04:44:33.794 [info] Getting sessions for all scopes...
2026-08-14 04:44:33.794 [info] Got 1 sessions for ...
2026-08-14 04:44:33.794 [info] Getting sessions for all scopes...
2026-08-14 04:44:33.794 [info] Got 1 sessions for ...
2026-08-14 04:44:33.794 [info] Getting sessions for all scopes...
2026-08-14 04:44:33.794 [info] Got 1 sessions for ...
2026-08-14 04:44:33.794 [info] Getting sessions for read:user,user:email...
2026-08-14 04:44:33.794 [info] Got 0 sessions for read:user,user:email...
2026-08-14 04:44:33.803 [info] Getting sessions for all scopes...
2026-08-14 04:44:33.803 [info] Got 1 sessions for ...
2026-08-14 04:44:33.803 [info] Getting sessions for all scopes...
2026-08-14 04:44:33.803 [info] Got 1 sessions for ...
2026-08-14 04:44:34.019 [info] Getting sessions for all scopes...
2026-08-14 04:44:34.019 [info] Got 1 sessions for ...
2026-08-14 04:44:34.019 [info] Getting sessions for all scopes...
2026-08-14 04:44:34.019 [info] Got 1 sessions for ...
2026-08-14 04:44:34.067 [info] Getting sessions for read:user,repo,user:email,workflow...
2026-08-14 04:44:34.067 [info] Got 1 sessions for read:user,repo,user:email,workflow...
2026-08-14 04:44:34.091 [info] Getting sessions for all scopes...
2026-08-14 04:44:34.091 [info] Got 1 sessions for ...
2026-08-14 04:44:34.092 [info] Getting sessions for read:user,repo,user:email,workflow...
2026-08-14 04:44:34.092 [info] Got 1 sessions for read:user,repo,user:email,workflow...
2026-08-14 04:44:34.388 [info] Getting sessions for all scopes...
2026-08-14 04:44:34.388 [info] Got 1 sessions for ...
2026-08-14 04:44:34.389 [info] Getting sessions for all scopes...
2026-08-14 04:44:34.389 [info] Got 1 sessions for ...
2026-08-14 04:44:34.508 [info] Getting sessions for read:user,repo,user:email,workflow...
2026-08-14 04:44:34.508 [info] Got 1 sessions for read:user,repo,user:email,workflow...
2026-08-14 04:44:34.651 [info] Getting sessions for all scopes...
2026-08-14 04:44:34.651 [info] Got 1 sessions for ...
2026-08-14 04:44:34.652 [info] Getting sessions for read:user,repo,user:email,workflow...
2026-08-14 04:44:34.652 [info] Got 1 sessions for read:user,repo,user:email,workflow...
2026-08-14 04:44:34.684 [info] Getting sessions for all scopes...
2026-08-14 04:44:34.684 [info] Got 1 sessions for ...
2026-08-14 04:44:34.684 [info] Getting sessions for read:user,repo,user:email,workflow...
2026-08-14 04:44:34.685 [info] Got 1 sessions for read:user,repo,user:email,workflow...
2026-08-14 04:44:34.860 [info] FetcherService: Electron fetch failed with status: 429 
2026-08-14 04:44:34.863 [info] Unable to resolve optional EDU details. Status: 429 
2026-08-14 04:44:34.990 [info] Getting sessions for all scopes...
2026-08-14 04:44:34.990 [info] Got 1 sessions for ...
2026-08-14 04:44:34.990 [info] Getting sessions for read:user,repo,user:email,workflow...
2026-08-14 04:44:34.990 [info] Got 1 sessions for read:user,repo,user:email,workflow...
2026-08-14 04:44:35.008 [info] Getting sessions for all scopes...
2026-08-14 04:44:35.008 [info] Got 1 sessions for ...
2026-08-14 04:44:35.008 [info] Getting sessions for read:user,repo,user:email,workflow...
2026-08-14 04:44:35.008 [info] Got 1 sessions for read:user,repo,user:email,workflow...
2026-08-14 04:44:35.093 [info] Getting sessions for all scopes...
2026-08-14 04:44:35.093 [info] Got 1 sessions for ...
2026-08-14 04:44:35.094 [info] Getting sessions for read:user,repo,user:email,workflow...
2026-08-14 04:44:35.094 [info] Got 1 sessions for read:user,repo,user:email,workflow...
2026-08-14 04:44:35.251 [info] Getting sessions for all scopes...
2026-08-14 04:44:35.251 [info] Got 1 sessions for ...
2026-08-14 04:44:35.527 [info] Getting sessions for all scopes...
2026-08-14 04:44:35.527 [info] Got 1 sessions for ...
2026-08-14 04:44:35.527 [info] Getting sessions for all scopes...
2026-08-14 04:44:35.527 [info] Got 1 sessions for ...
2026-08-14 04:44:36.312 [info] Getting sessions for repo...
2026-08-14 04:44:36.312 [info] Got 0 sessions for repo...
2026-08-14 04:44:36.313 [info] Getting sessions for all scopes...
2026-08-14 04:44:36.313 [info] Got 1 sessions for ...
2026-08-14 04:44:36.319 [info] Getting sessions for read:user,user:email...
2026-08-14 04:44:36.319 [info] Got 0 sessions for read:user,user:email...
2026-08-14 04:44:36.319 [info] Getting sessions for all scopes...
2026-08-14 04:44:36.319 [info] Got 1 sessions for ...
2026-08-14 04:44:36.319 [info] Getting sessions for repo...
2026-08-14 04:44:36.319 [info] Got 0 sessions for repo...
2026-08-14 04:44:36.319 [info] Getting sessions for all scopes...
2026-08-14 04:44:36.319 [info] Got 1 sessions for ...
2026-08-14 04:44:36.641 [info] Getting sessions for read:user,user:email...
2026-08-14 04:44:36.641 [info] Got 0 sessions for read:user,user:email...
2026-08-14 04:44:36.641 [info] Getting sessions for read:user,user:email...
2026-08-14 04:44:36.641 [info] Got 0 sessions for read:user,user:email...
2026-08-14 04:44:36.642 [info] Getting sessions for all scopes...
2026-08-14 04:44:36.642 [info] Got 1 sessions for ...
2026-08-14 04:44:36.642 [info] Getting sessions for all scopes...
2026-08-14 04:44:36.642 [info] Got 1 sessions for ...
2026-08-14 04:44:36.642 [info] Getting sessions for repo...
2026-08-14 04:44:36.642 [info] Got 0 sessions for repo...
2026-08-14 04:44:36.642 [info] Getting sessions for repo...
2026-08-14 04:44:36.642 [info] Got 0 sessions for repo...
2026-08-14 04:44:36.642 [info] Getting sessions for all scopes...
2026-08-14 04:44:36.642 [info] Got 1 sessions for ...
2026-08-14 04:44:36.642 [info] Getting sessions for all scopes...
2026-08-14 04:44:36.642 [info] Got 1 sessions for ...
2026-08-14 04:44:36.642 [info] Getting sessions for read:user,user:email...
2026-08-14 04:44:36.642 [info] Got 0 sessions for read:user,user:email...
2026-08-14 04:44:36.642 [info] Getting sessions for read:user,user:email...
2026-08-14 04:44:36.642 [info] Got 0 sessions for read:user,user:email...
2026-08-14 04:44:36.642 [info] Getting sessions for all scopes...
2026-08-14 04:44:36.642 [info] Got 1 sessions for ...
2026-08-14 04:44:36.642 [info] Getting sessions for all scopes...
2026-08-14 04:44:36.642 [info] Got 1 sessions for ...
2026-08-14 04:44:36.642 [info] Getting sessions for repo...
2026-08-14 04:44:36.642 [info] Got 0 sessions for repo...
2026-08-14 04:44:36.642 [info] Getting sessions for repo...
2026-08-14 04:44:36.642 [info] Got 0 sessions for repo...
2026-08-14 04:44:36.642 [info] Getting sessions for all scopes...
2026-08-14 04:44:36.642 [info] Got 1 sessions for ...
2026-08-14 04:44:36.643 [info] Getting sessions for all scopes...
2026-08-14 04:44:36.643 [info] Got 1 sessions for ...
2026-08-14 04:44:36.782 [info] Getting sessions for read:user,user:email...
2026-08-14 04:44:36.782 [info] Got 0 sessions for read:user,user:email...
2026-08-14 04:44:36.783 [info] Getting sessions for all scopes...
2026-08-14 04:44:36.783 [info] Got 1 sessions for ...
2026-08-14 04:44:36.785 [info] Getting sessions for repo...
2026-08-14 04:44:36.785 [info] Got 0 sessions for repo...
2026-08-14 04:44:36.787 [info] Getting sessions for all scopes...
2026-08-14 04:44:36.787 [info] Got 1 sessions for ...
2026-08-14 04:44:36.790 [info] Getting sessions for read:user,user:email...
2026-08-14 04:44:36.790 [info] Got 0 sessions for read:user,user:email...
2026-08-14 04:44:36.790 [info] Getting sessions for all scopes...
2026-08-14 04:44:36.790 [info] Got 1 sessions for ...
2026-08-14 04:44:36.791 [info] Getting sessions for repo...
2026-08-14 04:44:36.791 [info] Got 0 sessions for repo...
2026-08-14 04:44:36.792 [info] Getting sessions for all scopes...
2026-08-14 04:44:36.792 [info] Got 1 sessions for ...
2026-08-14 04:44:40.787 [info] Getting sessions for all scopes...
2026-08-14 04:44:40.787 [info] Got 1 sessions for ...
2026-08-14 04:44:40.787 [info] Getting sessions for all scopes...
2026-08-14 04:44:40.787 [info] Got 1 sessions for ...
2026-08-14 04:44:42.045 [info] Getting sessions for all scopes...
2026-08-14 04:44:42.045 [info] Got 1 sessions for ...
2026-08-14 04:44:42.045 [info] Getting sessions for all scopes...
2026-08-14 04:44:42.045 [info] Got 1 sessions for ...
2026-08-14 04:44:55.323 [info] Getting sessions for all scopes...
2026-08-14 04:44:55.323 [info] Got 1 sessions for ...
2026-08-14 04:44:55.323 [info] Getting sessions for all scopes...
2026-08-14 04:44:55.323 [info] Got 1 sessions for ...
2026-08-14 04:44:56.763 [info] Getting sessions for all scopes...
2026-08-14 04:44:56.763 [info] Got 1 sessions for ...
2026-08-14 04:44:56.763 [info] Getting sessions for all scopes...
2026-08-14 04:44:56.763 [info] Got 1 sessions for ...
2026-08-14 04:45:26.943 [info] Getting sessions for all scopes...
2026-08-14 04:45:26.943 [info] Got 1 sessions for ...
2026-08-14 04:45:26.944 [info] Getting sessions for all scopes...
2026-08-14 04:45:26.944 [info] Got 1 sessions for ...
2026-08-14 04:45:27.229 [info] Getting sessions for all scopes...
2026-08-14 04:45:27.229 [info] Got 1 sessions for ...
2026-08-14 04:45:27.229 [info] Getting sessions for all scopes...
2026-08-14 04:45:27.229 [info] Got 1 sessions for ...
2026-08-14 04:45:28.430 [info] Getting sessions for all scopes...
2026-08-14 04:45:28.430 [info] Got 1 sessions for ...
2026-08-14 04:45:28.431 [info] Getting sessions for all scopes...
2026-08-14 04:45:28.431 [info] Got 1 sessions for ...
2026-08-14 04:46:02.843 [info] Getting sessions for all scopes...
2026-08-14 04:46:02.843 [info] Got 1 sessions for ...
2026-08-14 04:46:02.843 [info] Getting sessions for all scopes...
2026-08-14 04:46:02.843 [info] Got 1 sessions for ...
2026-08-14 04:46:41.489 [info] Getting sessions for all scopes...
2026-08-14 04:46:41.489 [info] Got 1 sessions for ...
2026-08-14 04:46:41.489 [info] Getting sessions for all scopes...
2026-08-14 04:46:41.489 [info] Got 1 sessions for ...
2026-08-14 04:46:48.297 [info] Reading sessions from keychain...
2026-08-14 04:46:48.297 [info] Got stored sessions!
2026-08-14 04:46:48.297 [info] Got 1 verified sessions.
2026-08-14 04:46:48.297 [info] Getting sessions for all scopes...
2026-08-14 04:46:48.297 [info] Got 1 sessions for ...
2026-08-14 04:46:48.297 [info] Getting sessions for all scopes...
2026-08-14 04:46:48.297 [info] Got 1 sessions for ...
2026-08-14 04:46:48.297 [info] Getting sessions for all scopes...
2026-08-14 04:46:48.297 [info] Got 1 sessions for ...
2026-08-14 04:46:48.297 [info] Getting sessions for all scopes...
2026-08-14 04:46:48.297 [info] Got 1 sessions for ...
2026-08-14 04:46:48.297 [info] Getting sessions for all scopes...
2026-08-14 04:46:48.297 [info] Got 1 sessions for ...
2026-08-14 04:46:48.297 [info] Getting sessions for all scopes...
2026-08-14 04:46:48.297 [info] Got 1 sessions for ...
2026-08-14 04:46:48.297 [info] Getting sessions for all scopes...
2026-08-14 04:46:48.297 [info] Got 1 sessions for ...
2026-08-14 04:46:48.322 [info] Getting sessions for read:user,repo,user:email,workflow...
2026-08-14 04:46:48.322 [info] Got 1 sessions for read:user,repo,user:email,workflow...
2026-08-14 04:46:48.366 [info] Getting sessions for all scopes...
2026-08-14 04:46:48.366 [info] Got 1 sessions for ...
2026-08-14 04:46:48.598 [info] Getting sessions for read:user,repo,user:email,workflow...
2026-08-14 04:46:48.598 [info] Got 1 sessions for read:user,repo,user:email,workflow...
2026-08-14 04:46:48.598 [info] Getting sessions for all scopes...
2026-08-14 04:46:48.598 [info] Got 1 sessions for ...
2026-08-14 04:46:48.598 [info] Getting sessions for all scopes...
2026-08-14 04:46:48.598 [info] Got 1 sessions for ...
2026-08-14 04:46:48.737 [info] Getting sessions for read:user,repo,user:email,workflow...
2026-08-14 04:46:48.737 [info] Got 1 sessions for read:user,repo,user:email,workflow...
2026-08-14 04:46:48.962 [info] Getting sessions for all scopes...
2026-08-14 04:46:48.962 [info] Got 1 sessions for ...
2026-08-14 04:46:48.962 [info] Getting sessions for read:user,repo,user:email,workflow...
2026-08-14 04:46:48.962 [info] Got 1 sessions for read:user,repo,user:email,workflow...
2026-08-14 04:46:49.144 [info] Getting sessions for all scopes...
2026-08-14 04:46:49.144 [info] Got 1 sessions for ...
2026-08-14 04:46:49.144 [info] Getting sessions for all scopes...
2026-08-14 04:46:49.144 [info] Got 1 sessions for ...
2026-08-14 04:46:49.165 [info] Getting sessions for read:user,repo,user:email,workflow...
2026-08-14 04:46:49.165 [info] Got 1 sessions for read:user,repo,user:email,workflow...
2026-08-14 04:46:49.264 [info] FetcherService: Electron fetch failed with status: 429 
2026-08-14 04:46:49.268 [info] Unable to resolve optional EDU details. Status: 429 
2026-08-14 04:46:49.297 [info] Getting sessions for all scopes...
2026-08-14 04:46:49.297 [info] Got 1 sessions for ...
2026-08-14 04:46:49.298 [info] Getting sessions for read:user,repo,user:email,workflow...
2026-08-14 04:46:49.298 [info] Got 1 sessions for read:user,repo,user:email,workflow...
2026-08-14 04:46:49.318 [info] Getting sessions for all scopes...
2026-08-14 04:46:49.318 [info] Got 1 sessions for ...
2026-08-14 04:46:49.318 [info] Getting sessions for read:user,repo,user:email,workflow...
2026-08-14 04:46:49.318 [info] Got 1 sessions for read:user,repo,user:email,workflow...
2026-08-14 04:46:49.363 [info] Getting sessions for all scopes...
2026-08-14 04:46:49.363 [info] Got 1 sessions for ...
2026-08-14 04:46:49.364 [info] Getting sessions for read:user,repo,user:email,workflow...
2026-08-14 04:46:49.364 [info] Got 1 sessions for read:user,repo,user:email,workflow...
2026-08-14 04:46:49.592 [info] Getting sessions for all scopes...
2026-08-14 04:46:49.592 [info] Got 1 sessions for ...
2026-08-14 04:46:49.592 [info] Getting sessions for read:user,repo,user:email,workflow...
2026-08-14 04:46:49.592 [info] Got 1 sessions for read:user,repo,user:email,workflow...
2026-08-14 04:48:45.500 [info] Getting sessions for read:user,user:email...
2026-08-14 04:48:45.500 [info] Got 0 sessions for read:user,user:email...
2026-08-14 04:48:45.524 [info] Getting sessions for all scopes...
2026-08-14 04:48:45.525 [info] Got 1 sessions for ...
2026-08-14 04:48:45.539 [info] Getting sessions for read:user,user:email...
2026-08-14 04:48:45.539 [info] Got 0 sessions for read:user,user:email...
2026-08-14 04:48:45.553 [info] Getting sessions for all scopes...
2026-08-14 04:48:45.553 [info] Got 1 sessions for ...
2026-08-14 04:48:45.560 [info] Getting sessions for repo...
2026-08-14 04:48:45.560 [info] Got 0 sessions for repo...
2026-08-14 04:48:45.561 [info] Getting sessions for all scopes...
2026-08-14 04:48:45.561 [info] Got 1 sessions for ...
2026-08-14 04:48:45.561 [info] Getting sessions for read:user,user:email...
2026-08-14 04:48:45.561 [info] Got 0 sessions for read:user,user:email...
2026-08-14 04:48:45.561 [info] Getting sessions for all scopes...
2026-08-14 04:48:45.561 [info] Got 1 sessions for ...
2026-08-14 04:48:45.561 [info] Getting sessions for repo...
2026-08-14 04:48:45.561 [info] Got 0 sessions for repo...
2026-08-14 04:48:45.561 [info] Getting sessions for all scopes...
2026-08-14 04:48:45.561 [info] Got 1 sessions for ...
2026-08-14 04:48:49.928 [info] Getting sessions for read:user,user:email...
2026-08-14 04:48:49.928 [info] Got 0 sessions for read:user,user:email...
2026-08-14 04:48:49.963 [info] Getting sessions for all scopes...
2026-08-14 04:48:49.963 [info] Got 1 sessions for ...
2026-08-14 04:48:49.964 [info] Getting sessions for repo...
2026-08-14 04:48:49.964 [info] Got 0 sessions for repo...
2026-08-14 04:48:49.964 [info] Getting sessions for all scopes...
2026-08-14 04:48:49.964 [info] Got 1 sessions for ...
2026-08-14 04:48:49.964 [info] Getting sessions for read:user,user:email...
2026-08-14 04:48:49.964 [info] Got 0 sessions for read:user,user:email...
2026-08-14 04:48:49.964 [info] Getting sessions for all scopes...
2026-08-14 04:48:49.964 [info] Got 1 sessions for ...
2026-08-14 04:48:49.964 [info] Getting sessions for repo...
2026-08-14 04:48:49.964 [info] Got 0 sessions for repo...
2026-08-14 04:48:49.964 [info] Getting sessions for all scopes...
2026-08-14 04:48:49.965 [info] Got 1 sessions for ...
2026-08-14 04:49:06.453 [info] Getting sessions for read:user,user:email...
2026-08-14 04:49:06.453 [info] Got 0 sessions for read:user,user:email...
2026-08-14 04:49:06.462 [info] Getting sessions for all scopes...
2026-08-14 04:49:06.462 [info] Got 1 sessions for ...
2026-08-14 04:49:06.473 [info] Getting sessions for read:user,user:email...
2026-08-14 04:49:06.473 [info] Got 0 sessions for read:user,user:email...
2026-08-14 04:49:06.473 [info] Getting sessions for all scopes...
2026-08-14 04:49:06.473 [info] Got 1 sessions for ...
2026-08-14 04:49:06.473 [info] Getting sessions for repo...
2026-08-14 04:49:06.473 [info] Got 0 sessions for repo...
2026-08-14 04:49:06.491 [info] Getting sessions for all scopes...
2026-08-14 04:49:06.491 [info] Got 1 sessions for ...
2026-08-14 04:49:06.502 [info] Getting sessions for read:user,user:email...
2026-08-14 04:49:06.502 [info] Got 0 sessions for read:user,user:email...
2026-08-14 04:49:06.503 [info] Getting sessions for all scopes...
2026-08-14 04:49:06.503 [info] Got 1 sessions for ...
2026-08-14 04:49:06.503 [info] Getting sessions for repo...
2026-08-14 04:49:06.503 [info] Got 0 sessions for repo...
2026-08-14 04:49:06.503 [info] Getting sessions for all scopes...
2026-08-14 04:49:06.503 [info] Got 1 sessions for ...
2026-08-14 04:49:19.509 [info] Getting sessions for read:user,user:email...
2026-08-14 04:49:19.509 [info] Got 0 sessions for read:user,user:email...
2026-08-14 04:49:19.545 [info] Getting sessions for all scopes...
2026-08-14 04:49:19.545 [info] Got 1 sessions for ...
2026-08-14 04:49:19.546 [info] Getting sessions for repo...
2026-08-14 04:49:19.546 [info] Got 0 sessions for repo...
2026-08-14 04:49:19.546 [info] Getting sessions for all scopes...
2026-08-14 04:49:19.546 [info] Got 1 sessions for ...
2026-08-14 04:49:19.546 [info] Getting sessions for read:user,user:email...
2026-08-14 04:49:19.546 [info] Got 0 sessions for read:user,user:email...
2026-08-14 04:49:19.546 [info] Getting sessions for all scopes...
2026-08-14 04:49:19.546 [info] Got 1 sessions for ...
2026-08-14 04:49:19.546 [info] Getting sessions for repo...
2026-08-14 04:49:19.546 [info] Got 0 sessions for repo...
2026-08-14 04:49:19.546 [info] Getting sessions for all scopes...
2026-08-14 04:49:19.546 [info] Got 1 sessions for ...
2026-08-14 04:49:54.496 [info] Getting sessions for read:user,user:email...
2026-08-14 04:49:54.496 [info] Got 0 sessions for read:user,user:email...
2026-08-14 04:49:54.511 [info] Getting sessions for all scopes...
2026-08-14 04:49:54.511 [info] Got 1 sessions for ...
2026-08-14 04:49:54.513 [info] Getting sessions for read:user,user:email...
2026-08-14 04:49:54.513 [info] Got 0 sessions for read:user,user:email...
2026-08-14 04:49:54.516 [info] Getting sessions for all scopes...
2026-08-14 04:49:54.516 [info] Got 1 sessions for ...
2026-08-14 04:49:54.517 [info] Getting sessions for repo...
2026-08-14 04:49:54.517 [info] Got 0 sessions for repo...
2026-08-14 04:49:54.517 [info] Getting sessions for all scopes...
2026-08-14 04:49:54.517 [info] Got 1 sessions for ...
2026-08-14 04:49:54.517 [info] Getting sessions for read:user,user:email...
2026-08-14 04:49:54.517 [info] Got 0 sessions for read:user,user:email...
2026-08-14 04:49:54.517 [info] Getting sessions for all scopes...
2026-08-14 04:49:54.517 [info] Got 1 sessions for ...
2026-08-14 04:49:54.517 [info] Getting sessions for repo...
2026-08-14 04:49:54.517 [info] Got 0 sessions for repo...
2026-08-14 04:49:54.517 [info] Getting sessions for all scopes...
2026-08-14 04:49:54.517 [info] Got 1 sessions for ...
2026-08-14 04:50:28.668 [info] Getting sessions for read:user,user:email...
2026-08-14 04:50:28.668 [info] Got 0 sessions for read:user,user:email...
2026-08-14 04:50:28.705 [info] Getting sessions for all scopes...
2026-08-14 04:50:28.705 [info] Got 1 sessions for ...
2026-08-14 04:50:28.706 [info] Getting sessions for repo...
2026-08-14 04:50:28.706 [info] Got 0 sessions for repo...
2026-08-14 04:50:28.706 [info] Getting sessions for all scopes...
2026-08-14 04:50:28.706 [info] Got 1 sessions for ...
2026-08-14 04:50:28.706 [info] Getting sessions for read:user,user:email...
2026-08-14 04:50:28.706 [info] Got 0 sessions for read:user,user:email...
2026-08-14 04:50:28.707 [info] Getting sessions for all scopes...
2026-08-14 04:50:28.707 [info] Got 1 sessions for ...
2026-08-14 04:50:28.707 [info] Getting sessions for repo...
2026-08-14 04:50:28.707 [info] Got 0 sessions for repo...
2026-08-14 04:50:28.708 [info] Getting sessions for all scopes...
2026-08-14 04:50:28.708 [info] Got 1 sessions for ...
2026-08-14 04:51:26.772 [info] Getting sessions for all scopes...
2026-08-14 04:51:26.772 [info] Got 1 sessions for ...
2026-08-14 04:51:26.772 [info] Getting sessions for all scopes...
2026-08-14 04:51:26.772 [info] Got 1 sessions for ...
2026-08-14 04:51:56.040 [info] Getting sessions for all scopes...
2026-08-14 04:51:56.040 [info] Got 1 sessions for ...
2026-08-14 04:51:56.040 [info] Getting sessions for all scopes...
2026-08-14 04:51:56.040 [info] Got 1 sessions for ...
2026-08-14 04:52:09.027 [info] Getting sessions for all scopes...
2026-08-14 04:52:09.027 [info] Got 1 sessions for ...
2026-08-14 04:52:09.027 [info] Getting sessions for all scopes...
2026-08-14 04:52:09.027 [info] Got 1 sessions for ...
2026-08-14 04:52:52.954 [info] Getting sessions for all scopes...
2026-08-14 04:52:52.954 [info] Got 1 sessions for ...
2026-08-14 04:52:52.955 [info] Getting sessions for all scopes...
2026-08-14 04:52:52.955 [info] Got 1 sessions for ...
2026-08-14 04:53:17.330 [info] Getting sessions for all scopes...
2026-08-14 04:53:17.330 [info] Got 1 sessions for ...
2026-08-14 04:53:17.330 [info] Getting sessions for all scopes...
2026-08-14 04:53:17.330 [info] Got 1 sessions for ...
2026-08-14 04:53:48.102 [info] Getting sessions for all scopes...
2026-08-14 04:53:48.102 [info] Got 1 sessions for ...
2026-08-14 04:53:48.102 [info] Getting sessions for all scopes...
2026-08-14 04:53:48.102 [info] Got 1 sessions for ...
2026-08-14 04:54:19.569 [info] Reading sessions from keychain...
2026-08-14 04:54:19.569 [info] Got stored sessions!
2026-08-14 04:54:19.569 [info] Got 1 verified sessions.
2026-08-14 04:54:19.569 [info] Getting sessions for all scopes...
2026-08-14 04:54:19.569 [info] Got 1 sessions for ...
2026-08-14 04:54:19.569 [info] Getting sessions for all scopes...
2026-08-14 04:54:19.569 [info] Got 1 sessions for ...
2026-08-14 04:54:19.569 [info] Getting sessions for all scopes...
2026-08-14 04:54:19.569 [info] Got 1 sessions for ...
2026-08-14 04:54:19.571 [info] Getting sessions for all scopes...
2026-08-14 04:54:19.571 [info] Got 1 sessions for ...
2026-08-14 04:54:19.617 [info] Getting sessions for all scopes...
2026-08-14 04:54:19.617 [info] Got 1 sessions for ...
2026-08-14 04:54:19.781 [info] Getting sessions for read:user,user:email...
2026-08-14 04:54:19.781 [info] Got 0 sessions for read:user,user:email...
2026-08-14 04:54:19.820 [info] Getting sessions for all scopes...
2026-08-14 04:54:19.820 [info] Got 1 sessions for ...
2026-08-14 04:54:19.849 [info] Getting sessions for repo...
2026-08-14 04:54:19.849 [info] Got 0 sessions for repo...
2026-08-14 04:54:19.849 [info] Getting sessions for all scopes...
2026-08-14 04:54:19.849 [info] Got 1 sessions for ...
2026-08-14 04:54:19.849 [info] Getting sessions for read:user,user:email...
2026-08-14 04:54:19.849 [info] Got 0 sessions for read:user,user:email...
2026-08-14 04:54:19.850 [info] Getting sessions for all scopes...
2026-08-14 04:54:19.850 [info] Got 1 sessions for ...
2026-08-14 04:54:19.850 [info] Getting sessions for repo...
2026-08-14 04:54:19.850 [info] Got 0 sessions for repo...
2026-08-14 04:54:19.850 [info] Getting sessions for all scopes...
2026-08-14 04:54:19.850 [info] Got 1 sessions for ...
2026-08-14 04:54:20.655 [info] FetcherService: Electron fetch failed with status: 429 
2026-08-14 04:54:20.660 [info] Unable to resolve optional EDU details. Status: 429 
2026-08-14 04:54:21.670 [info] Getting sessions for all scopes...
2026-08-14 04:54:21.670 [info] Got 1 sessions for ...
2026-08-14 04:54:24.884 [info] Getting sessions for all scopes...
2026-08-14 04:54:24.884 [info] Got 1 sessions for ...
2026-08-14 04:54:24.884 [info] Getting sessions for all scopes...
2026-08-14 04:54:24.884 [info] Got 1 sessions for ...
2026-08-14 04:54:25.055 [info] Getting sessions for read:user,repo,user:email,workflow...
2026-08-14 04:54:25.055 [info] Got 1 sessions for read:user,repo,user:email,workflow...
2026-08-14 04:54:25.374 [info] Getting sessions for all scopes...
2026-08-14 04:54:25.374 [info] Got 1 sessions for ...
2026-08-14 04:54:25.374 [info] Getting sessions for all scopes...
2026-08-14 04:54:25.374 [info] Got 1 sessions for ...
2026-08-14 04:54:25.375 [info] Getting sessions for all scopes...
2026-08-14 04:54:25.375 [info] Got 1 sessions for ...
2026-08-14 04:54:25.403 [info] Getting sessions for read:user,repo,user:email,workflow...
2026-08-14 04:54:25.403 [info] Got 1 sessions for read:user,repo,user:email,workflow...
2026-08-14 04:54:25.463 [info] Getting sessions for read:user,repo,user:email,workflow...
2026-08-14 04:54:25.463 [info] Got 1 sessions for read:user,repo,user:email,workflow...
2026-08-14 04:54:25.815 [info] Getting sessions for all scopes...
2026-08-14 04:54:25.815 [info] Got 1 sessions for ...
2026-08-14 04:54:25.815 [info] Getting sessions for all scopes...
2026-08-14 04:54:25.815 [info] Got 1 sessions for ...
2026-08-14 04:54:25.851 [info] Getting sessions for all scopes...
2026-08-14 04:54:25.851 [info] Got 1 sessions for ...
2026-08-14 04:54:25.855 [info] Getting sessions for all scopes...
2026-08-14 04:54:25.855 [info] Got 1 sessions for ...
2026-08-14 04:54:25.862 [info] Getting sessions for read:user,repo,user:email,workflow...
2026-08-14 04:54:25.862 [info] Got 1 sessions for read:user,repo,user:email,workflow...
2026-08-14 04:54:26.038 [info] Getting sessions for all scopes...
2026-08-14 04:54:26.038 [info] Got 1 sessions for ...
2026-08-14 04:54:26.051 [info] Getting sessions for read:user,repo,user:email,workflow...
2026-08-14 04:54:26.051 [info] Got 1 sessions for read:user,repo,user:email,workflow...
2026-08-14 04:54:26.111 [info] Getting sessions for all scopes...
2026-08-14 04:54:26.111 [info] Got 1 sessions for ...
2026-08-14 04:54:26.111 [info] Getting sessions for all scopes...
2026-08-14 04:54:26.111 [info] Got 1 sessions for ...
2026-08-14 04:54:26.116 [info] Getting sessions for read:user,repo,user:email,workflow...
2026-08-14 04:54:26.116 [info] Got 1 sessions for read:user,repo,user:email,workflow...
2026-08-14 04:54:26.141 [info] Getting sessions for all scopes...
2026-08-14 04:54:26.141 [info] Got 1 sessions for ...
2026-08-14 04:54:26.141 [info] Getting sessions for read:user,repo,user:email,workflow...
2026-08-14 04:54:26.141 [info] Got 1 sessions for read:user,repo,user:email,workflow...
2026-08-14 04:54:26.249 [info] Getting sessions for all scopes...
2026-08-14 04:54:26.249 [info] Got 1 sessions for ...
2026-08-14 04:54:26.249 [info] Getting sessions for read:user,repo,user:email,workflow...
2026-08-14 04:54:26.249 [info] Got 1 sessions for read:user,repo,user:email,workflow...
2026-08-14 04:54:26.254 [info] Getting sessions for all scopes...
2026-08-14 04:54:26.254 [info] Got 1 sessions for ...
2026-08-14 04:54:26.254 [info] Getting sessions for read:user,repo,user:email,workflow...
2026-08-14 04:54:26.254 [info] Got 1 sessions for read:user,repo,user:email,workflow...
2026-08-14 04:54:26.315 [info] Getting sessions for all scopes...
2026-08-14 04:54:26.315 [info] Got 1 sessions for ...
2026-08-14 04:54:26.315 [info] Getting sessions for read:user,repo,user:email,workflow...
2026-08-14 04:54:26.315 [info] Got 1 sessions for read:user,repo,user:email,workflow...
2026-08-14 04:54:26.835 [info] Getting sessions for read:user,user:email...
2026-08-14 04:54:26.835 [info] Got 0 sessions for read:user,user:email...
2026-08-14 04:54:26.835 [info] Getting sessions for read:user,user:email...
2026-08-14 04:54:26.835 [info] Got 0 sessions for read:user,user:email...
2026-08-14 04:54:26.836 [info] Getting sessions for all scopes...
2026-08-14 04:54:26.836 [info] Got 1 sessions for ...
2026-08-14 04:54:26.836 [info] Getting sessions for all scopes...
2026-08-14 04:54:26.836 [info] Got 1 sessions for ...
2026-08-14 04:54:26.836 [info] Getting sessions for repo...
2026-08-14 04:54:26.836 [info] Got 0 sessions for repo...
2026-08-14 04:54:26.836 [info] Getting sessions for repo...
2026-08-14 04:54:26.836 [info] Got 0 sessions for repo...
2026-08-14 04:54:26.836 [info] Getting sessions for all scopes...
2026-08-14 04:54:26.836 [info] Got 1 sessions for ...
2026-08-14 04:54:26.836 [info] Getting sessions for all scopes...
2026-08-14 04:54:26.836 [info] Got 1 sessions for ...
2026-08-14 04:54:26.836 [info] Getting sessions for read:user,user:email...
2026-08-14 04:54:26.836 [info] Got 0 sessions for read:user,user:email...
2026-08-14 04:54:26.836 [info] Getting sessions for read:user,user:email...
2026-08-14 04:54:26.836 [info] Got 0 sessions for read:user,user:email...
2026-08-14 04:54:26.836 [info] Getting sessions for all scopes...
2026-08-14 04:54:26.836 [info] Got 1 sessions for ...
2026-08-14 04:54:26.836 [info] Getting sessions for all scopes...
2026-08-14 04:54:26.836 [info] Got 1 sessions for ...
2026-08-14 04:54:26.836 [info] Getting sessions for repo...
2026-08-14 04:54:26.836 [info] Got 0 sessions for repo...
2026-08-14 04:54:26.836 [info] Getting sessions for repo...
2026-08-14 04:54:26.836 [info] Got 0 sessions for repo...
2026-08-14 04:54:26.837 [info] Getting sessions for all scopes...
2026-08-14 04:54:26.837 [info] Got 1 sessions for ...
2026-08-14 04:54:26.837 [info] Getting sessions for all scopes...
2026-08-14 04:54:26.837 [info] Got 1 sessions for ...
